Component: ARM Compiler 5.06 update 7 (build 960) Tool: armlink [4d3601]

==============================================================================

Section Cross References

    startup_stm32f407xx.o(STACK) refers (Special) to heapauxi.o(.text) for __use_two_region_memory
    startup_stm32f407xx.o(HEAP) refers (Special) to heapauxi.o(.text) for __use_two_region_memory
    startup_stm32f407xx.o(RESET) refers (Special) to heapauxi.o(.text) for __use_two_region_memory
    startup_stm32f407xx.o(RESET) refers to startup_stm32f407xx.o(STACK) for __initial_sp
    startup_stm32f407xx.o(RESET) refers to startup_stm32f407xx.o(.text) for Reset_Handler
    startup_stm32f407xx.o(RESET) refers to stm32f4xx_it.o(i.NMI_Handler) for NMI_Handler
    startup_stm32f407xx.o(RESET) refers to stm32f4xx_it.o(i.HardFault_Handler) for HardFault_Handler
    startup_stm32f407xx.o(RESET) refers to stm32f4xx_it.o(i.MemManage_Handler) for MemManage_Handler
    startup_stm32f407xx.o(RESET) refers to stm32f4xx_it.o(i.BusFault_Handler) for BusFault_Handler
    startup_stm32f407xx.o(RESET) refers to stm32f4xx_it.o(i.UsageFault_Handler) for UsageFault_Handler
    startup_stm32f407xx.o(RESET) refers to stm32f4xx_it.o(i.SVC_Handler) for SVC_Handler
    startup_stm32f407xx.o(RESET) refers to stm32f4xx_it.o(i.DebugMon_Handler) for DebugMon_Handler
    startup_stm32f407xx.o(RESET) refers to stm32f4xx_it.o(i.PendSV_Handler) for PendSV_Handler
    startup_stm32f407xx.o(RESET) refers to stm32f4xx_it.o(i.SysTick_Handler) for SysTick_Handler
    startup_stm32f407xx.o(RESET) refers to stm32f4xx_it.o(i.EXTI3_IRQHandler) for EXTI3_IRQHandler
    startup_stm32f407xx.o(RESET) refers to stm32f4xx_it.o(i.EXTI4_IRQHandler) for EXTI4_IRQHandler
    startup_stm32f407xx.o(RESET) refers to stm32f4xx_it.o(i.DMA1_Stream1_IRQHandler) for DMA1_Stream1_IRQHandler
    startup_stm32f407xx.o(RESET) refers to stm32f4xx_it.o(i.DMA1_Stream2_IRQHandler) for DMA1_Stream2_IRQHandler
    startup_stm32f407xx.o(RESET) refers to stm32f4xx_it.o(i.DMA1_Stream3_IRQHandler) for DMA1_Stream3_IRQHandler
    startup_stm32f407xx.o(RESET) refers to stm32f4xx_it.o(i.DMA1_Stream4_IRQHandler) for DMA1_Stream4_IRQHandler
    startup_stm32f407xx.o(RESET) refers to stm32f4xx_it.o(i.DMA1_Stream5_IRQHandler) for DMA1_Stream5_IRQHandler
    startup_stm32f407xx.o(RESET) refers to stm32f4xx_it.o(i.DMA1_Stream6_IRQHandler) for DMA1_Stream6_IRQHandler
    startup_stm32f407xx.o(RESET) refers to stm32f4xx_it.o(i.USART2_IRQHandler) for USART2_IRQHandler
    startup_stm32f407xx.o(RESET) refers to stm32f4xx_it.o(i.USART3_IRQHandler) for USART3_IRQHandler
    startup_stm32f407xx.o(RESET) refers to stm32f4xx_it.o(i.TIM5_IRQHandler) for TIM5_IRQHandler
    startup_stm32f407xx.o(RESET) refers to stm32f4xx_it.o(i.UART4_IRQHandler) for UART4_IRQHandler
    startup_stm32f407xx.o(RESET) refers to stm32f4xx_it.o(i.UART5_IRQHandler) for UART5_IRQHandler
    startup_stm32f407xx.o(RESET) refers to stm32f4xx_it.o(i.TIM6_DAC_IRQHandler) for TIM6_DAC_IRQHandler
    startup_stm32f407xx.o(RESET) refers to stm32f4xx_it.o(i.TIM7_IRQHandler) for TIM7_IRQHandler
    startup_stm32f407xx.o(RESET) refers to stm32f4xx_it.o(i.DMA2_Stream2_IRQHandler) for DMA2_Stream2_IRQHandler
    startup_stm32f407xx.o(RESET) refers to stm32f4xx_it.o(i.DMA2_Stream7_IRQHandler) for DMA2_Stream7_IRQHandler
    startup_stm32f407xx.o(.text) refers (Special) to heapauxi.o(.text) for __use_two_region_memory
    startup_stm32f407xx.o(.text) refers to system_stm32f4xx.o(i.SystemInit) for SystemInit
    startup_stm32f407xx.o(.text) refers to __main.o(!!!main) for __main
    startup_stm32f407xx.o(.text) refers to startup_stm32f407xx.o(HEAP) for Heap_Mem
    startup_stm32f407xx.o(.text) refers to startup_stm32f407xx.o(STACK) for Stack_Mem
    armlib_lock_glue.o(i.__armlib_thread_safety_init) refers to armlib_lock_glue.o(i.stm32_lock_acquire) for stm32_lock_acquire
    armlib_lock_glue.o(i.__armlib_thread_safety_init) refers to armlib_lock_glue.o(i.stm32_lock_release) for stm32_lock_release
    armlib_lock_glue.o(i.__armlib_thread_safety_init) refers to armlib_lock_glue.o(.data) for .data
    armlib_lock_glue.o(i.__armlib_thread_safety_init) refers to armlib_lock_glue.o(.bss) for .bss
    armlib_lock_glue.o(i._mutex_acquire) refers to armlib_lock_glue.o(i.stm32_lock_acquire) for stm32_lock_acquire
    armlib_lock_glue.o(i._mutex_acquire) refers to main.o(i.Error_Handler) for Error_Handler
    armlib_lock_glue.o(i._mutex_acquire) refers to armlib_lock_glue.o(i.stm32_lock_release) for stm32_lock_release
    armlib_lock_glue.o(i._mutex_acquire) refers to armlib_lock_glue.o(.data) for .data
    armlib_lock_glue.o(i._mutex_free) refers to armlib_lock_glue.o(i.stm32_lock_acquire) for stm32_lock_acquire
    armlib_lock_glue.o(i._mutex_free) refers to main.o(i.Error_Handler) for Error_Handler
    armlib_lock_glue.o(i._mutex_free) refers to armlib_lock_glue.o(i.stm32_lock_release) for stm32_lock_release
[...]
    CAN1_TX_IRQHandler                       0x0800026b   Thumb Code     0  startup_stm32f407xx.o(.text)
    CAN2_RX0_IRQHandler                      0x0800026b   Thumb Code     0  startup_stm32f407xx.o(.text)
    CAN2_RX1_IRQHandler                      0x0800026b   Thumb Code     0  startup_stm32f407xx.o(.text)
    CAN2_SCE_IRQHandler                      0x0800026b   Thumb Code     0  startup_stm32f407xx.o(.text)
    CAN2_TX_IRQHandler                       0x0800026b   Thumb Code     0  startup_stm32f407xx.o(.text)
    DCMI_IRQHandler                          0x0800026b   Thumb Code     0  startup_stm32f407xx.o(.text)
    DMA1_Stream0_IRQHandler                  0x0800026b   Thumb Code     0  startup_stm32f407xx.o(.text)
    DMA1_Stream7_IRQHandler                  0x0800026b   Thumb Code     0  startup_stm32f407xx.o(.text)
    DMA2_Stream0_IRQHandler                  0x0800026b   Thumb Code     0  startup_stm32f407xx.o(.text)
    DMA2_Stream1_IRQHandler                  0x0800026b   Thumb Code     0  startup_stm32f407xx.o(.text)
    DMA2_Stream3_IRQHandler                  0x0800026b   Thumb Code     0  startup_stm32f407xx.o(.text)
    DMA2_Stream4_IRQHandler                  0x0800026b   Thumb Code     0  startup_stm32f407xx.o(.text)
    DMA2_Stream5_IRQHandler                  0x0800026b   Thumb Code     0  startup_stm32f407xx.o(.text)
    DMA2_Stream6_IRQHandler                  0x0800026b   Thumb Code     0  startup_stm32f407xx.o(.text)
    ETH_IRQHandler                           0x0800026b   Thumb Code     0  startup_stm32f407xx.o(.text)
    ETH_WKUP_IRQHandler                      0x0800026b   Thumb Code     0  startup_stm32f407xx.o(.text)
    EXTI0_IRQHandler                         0x0800026b   Thumb Code     0  startup_stm32f407xx.o(.text)
    EXTI15_10_IRQHandler                     0x0800026b   Thumb Code     0  startup_stm32f407xx.o(.text)
    EXTI1_IRQHandler                         0x0800026b   Thumb Code     0  startup_stm32f407xx.o(.text)
    EXTI2_IRQHandler                         0x0800026b   Thumb Code     0  startup_stm32f407xx.o(.text)
    EXTI9_5_IRQHandler                       0x0800026b   Thumb Code     0  startup_stm32f407xx.o(.text)
    FLASH_IRQHandler                         0x0800026b   Thumb Code     0  startup_stm32f407xx.o(.text)
    FMC_IRQHandler                           0x0800026b   Thumb Code     0  startup_stm32f407xx.o(.text)
    FPU_IRQHandler                           0x0800026b   Thumb Code     0  startup_stm32f407xx.o(.text)
    HASH_RNG_IRQHandler                      0x0800026b   Thumb Code     0  startup_stm32f407xx.o(.text)
    I2C1_ER_IRQHandler                       0x0800026b   Thumb Code     0  startup_stm32f407xx.o(.text)
    I2C1_EV_IRQHandler                       0x0800026b   Thumb Code     0  startup_stm32f407xx.o(.text)
    I2C2_ER_IRQHandler                       0x0800026b   Thumb Code     0  startup_stm32f407xx.o(.text)
    I2C2_EV_IRQHandler                       0x0800026b   Thumb Code     0  startup_stm32f407xx.o(.text)
    I2C3_ER_IRQHandler                       0x0800026b   Thumb Code     0  startup_stm32f407xx.o(.text)
    I2C3_EV_IRQHandler                       0x0800026b   Thumb Code     0  startup_stm32f407xx.o(.text)
    OTG_FS_IRQHandler                        0x0800026b   Thumb Code     0  startup_stm32f407xx.o(.text)
    OTG_FS_WKUP_IRQHandler                   0x0800026b   Thumb Code     0  startup_stm32f407xx.o(.text)
    OTG_HS_EP1_IN_IRQHandler                 0x0800026b   Thumb Code     0  startup_stm32f407xx.o(.text)
    OTG_HS_EP1_OUT_IRQHandler                0x0800026b   Thumb Code     0  startup_stm32f407xx.o(.text)
    OTG_HS_IRQHandler                        0x0800026b   Thumb Code     0  startup_stm32f407xx.o(.text)
    OTG_HS_WKUP_IRQHandler                   0x0800026b   Thumb Code     0  startup_stm32f407xx.o(.text)
    PVD_IRQHandler                           0x0800026b   Thumb Code     0  startup_stm32f407xx.o(.text)
    RCC_IRQHandler                           0x0800026b   Thumb Code     0  startup_stm32f407xx.o(.text)
    RTC_Alarm_IRQHandler                     0x0800026b   Thumb Code     0  startup_stm32f407xx.o(.text)
    RTC_WKUP_IRQHandler                      0x0800026b   Thumb Code     0  startup_stm32f407xx.o(.text)
    SDIO_IRQHandler                          0x0800026b   Thumb Code     0  startup_stm32f407xx.o(.text)
    SPI1_IRQHandler                          0x0800026b   Thumb Code     0  startup_stm32f407xx.o(.text)
    SPI2_IRQHandler                          0x0800026b   Thumb Code     0  startup_stm32f407xx.o(.text)
    SPI3_IRQHandler                          0x0800026b   Thumb Code     0  startup_stm32f407xx.o(.text)
    TAMP_STAMP_IRQHandler                    0x0800026b   Thumb Code     0  startup_stm32f407xx.o(.text)
    TIM1_BRK_TIM9_IRQHandler                 0x0800026b   Thumb Code     0  startup_stm32f407xx.o(.text)
    TIM1_CC_IRQHandler                       0x0800026b   Thumb Code     0  startup_stm32f407xx.o(.text)
    TIM1_TRG_COM_TIM11_IRQHandler            0x0800026b   Thumb Code     0  startup_stm32f407xx.o(.text)
    TIM1_UP_TIM10_IRQHandler                 0x0800026b   Thumb Code     0  startup_stm32f407xx.o(.text)
    TIM2_IRQHandler                          0x0800026b   Thumb Code     0  startup_stm32f407xx.o(.text)
    TIM3_IRQHandler                          0x0800026b   Thumb Code     0  startup_stm32f407xx.o(.text)
    TIM4_IRQHandler                          0x0800026b   Thumb Code     0  startup_stm32f407xx.o(.text)
    TIM8_BRK_TIM12_IRQHandler                0x0800026b   Thumb Code     0  startup_stm32f407xx.o(.text)
    TIM8_CC_IRQHandler                       0x0800026b   Thumb Code     0  startup_stm32f407xx.o(.text)
    TIM8_TRG_COM_TIM14_IRQHandler            0x0800026b   Thumb Code     0  startup_stm32f407xx.o(.text)
    TIM8_UP_TIM13_IRQHandler                 0x0800026b   Thumb Code     0  startup_stm32f407xx.o(.text)
    USART1_IRQHandler                        0x0800026b   Thumb Code     0  startup_stm32f407xx.o(.text)
    USART6_IRQHandler                        0x0800026b   Thumb Code     0  startup_stm32f407xx.o(.text)
    WWDG_IRQHandler                          0x0800026b   Thumb Code     0  startup_stm32f407xx.o(.text)
    __user_initial_stackheap                 0x0800026d   Thumb Code     0  startup_stm32f407xx.o(.text)
    __I$use$semihosting                      0x08000291   Thumb Code     0  use_no_semi.o(.text)
    __use_no_semihosting_swi                 0x08000291   Thumb Code     2  use_no_semi.o(.text)
    __use_no_semihosting                     0x08000293   Thumb Code     2  use_no_semi_2.o(.text)
    __aeabi_uldivmod                         0x08000295   Thumb Code     0  lludivv7m.o(.text)
    _ll_udiv                                 0x08000295   Thumb Code   238  lludivv7m.o(.text)
    __2printf                                0x08000385   Thumb Code    20  noretval__2printf.o(.text)
    _printf_int_dec                          0x0800039d   Thumb Code   104  _printf_dec.o(.text)
    __printf                                 0x08000415   Thumb Code   270  __printf_wp.o(.text)
    __0sscanf                                0x08000525   Thumb Code    52  __0sscanf.o(.text)
    _scanf_string                            0x08000561   Thumb Code   224  _scanf_str.o(.text)
    __aeabi_memclr4                          0x08000641   Thumb Code     0  rt_memclr_w.o(.text)
    __aeabi_memclr8                          0x08000641   Thumb Code     0  rt_memclr_w.o(.text)
    __rt_memclr_w                            0x08000641   Thumb Code    78  rt_memclr_w.o(.text)
    _memset_w                                0x08000645   Thumb Code     0  rt_memclr_w.o(.text)
    __use_two_region_memory                  0x0800068f   Thumb Code     2  heapauxi.o(.text)
    __rt_heap_escrow$2region                 0x08000691   Thumb Code     2  heapauxi.o(.text)
    __rt_heap_expand$2region                 0x08000693   Thumb Code     2  heapauxi.o(.text)
    __cpp_initialize__aeabi_                 0x08000695   Thumb Code    26  init_aeabi.o(.text)
    __read_errno                             0x080006b9   Thumb Code    10  _rserrno.o(.text)
    __set_errno                              0x080006c3   Thumb Code    12  _rserrno.o(.text)
    _printf_int_common                       0x080006cf   Thumb Code   178  _printf_intcommon.o(.text)
    _printf_char_file                        0x08000781   Thumb Code    32  _printf_char_file.o(.text)
    _scanf_really_real                       0x080009f1   Thumb Code   684  scanf_fp.o(.text)
    __vfscanf_char                           0x08000ca9   Thumb Code    24  scanf_char.o(.text)
    _sgetc                                   0x08000cc9   Thumb Code    30  _sgetc.o(.text)
    _sbackspace                              0x08000ce7   Thumb Code    34  _sgetc.o(.text)
    __rt_locale                              0x08000d09   Thumb Code     8  rt_locale_intlibspace.o(.text)
    __aeabi_errno_addr                       0x08000d11   Thumb Code     8  rt_errno_addr_intlibspace.o(.text)
    __errno$intlibspace                      0x08000d11   Thumb Code     0  rt_errno_addr_intlibspace.o(.text)
    __rt_errno_addr$intlibspace              0x08000d11   Thumb Code     0  rt_errno_addr_intlibspace.o(.text)
    isspace                                  0x08000d19   Thumb Code    18  isspace.o(.text)
    _printf_char_common                      0x08000d37   Thumb Code    32  _printf_char_common.o(.text)
    __vfscanf                                0x08000d5d   Thumb Code   880  _scanf.o(.text)
    _btod_etento                             0x080010d1   Thumb Code   224  bigflt0.o(.text)
    __user_libspace                          0x080011b5   Thumb Code     8  libspace.o(.text)
    __user_perproc_libspace                  0x080011b5   Thumb Code     0  libspace.o(.text)
    __user_perthread_libspace                0x080011b5   Thumb Code     0  libspace.o(.text)
    __user_setup_stackheap                   0x080011bd   Thumb Code    74  sys_stackheap_outer.o(.text)
    __rt_ctype_table                         0x08001209   Thumb Code    16  rt_ctype_table.o(.text)
    _scanf_really_hex_real                   0x08001219   Thumb Code   786  scanf_hexfp.o(.text)
    _scanf_really_infnan                     0x08001539   Thumb Code   292  scanf_infnan.o(.text)
    exit                                     0x0800166d   Thumb Code    18  exit.o(.text)
    strcmp                                   0x08001681   Thumb Code   128  strcmpv7m.o(.text)
    __aeabi_llsl                             0x08001701   Thumb Code     0  llshl.o(.text)
    _ll_shift_l                              0x08001701   Thumb Code    38  llshl.o(.text)
    _chval                                   0x08001727   Thumb Code    28  _chval.o(.text)
    __btod_div_common                        0x08001743   Thumb Code   696  btod.o(CL$$btod_div_common)
    _e2d                                     0x08001a7d   Thumb Code   122  btod.o(CL$$btod_e2d)
    _e2e                                     0x08001b01   Thumb Code   220  btod.o(CL$$btod_e2e)
    _btod_ediv                               0x08001bdd   Thumb Code    42  btod.o(CL$$btod_ediv)
    _btod_edivd                              0x08001c07   Thumb Code    42  btod.o(CL$$btod_edivd)
    _btod_emul                               0x08001c31   Thumb Code    42  btod.o(CL$$btod_emul)
    _btod_emuld                              0x08001c5b   Thumb Code    42  btod.o(CL$$btod_emuld)
    __btod_mult_common                       0x08001c85   Thumb Code   580  btod.o(CL$$btod_mult_common)
    Angle_adjust                             0x08001ec9   Thumb Code   234  pid.o(i.Angle_adjust)
    Ano_Anl                                  0x08002009   Thumb Code   202  ano.o(i.Ano_Anl)
    Ano_GetByte                              0x080020e5   Thumb Code   132  ano.o(i.Ano_GetByte)
    Ano_SentCheck                            0x08002171   Thumb Code    74  ano.o(i.Ano_SentCheck)
    Ano_SentPar                              0x080021c5   Thumb Code    94  ano.o(i.Ano_SentPar)
    BusFault_Handler                         0x0800222d   Thumb Code     2  stm32f4xx_it.o(i.BusFault_Handler)
    CAR_RUN                                  0x08002231   Thumb Code   130  act_motor.o(i.CAR_RUN)
    Car_Drive_Init                           0x080022c9   Thumb Code    78  motor.o(i.Car_Drive_Init)
    Correspond_Init                          0x08002335   Thumb Code    94  my_uart.o(i.Correspond_Init)
    DMA1_Stream1_IRQHandler                  0x080023ad   Thumb Code     6  stm32f4xx_it.o(i.DMA1_Stream1_IRQHandler)
    DMA1_Stream2_IRQHandler                  0x080023b9   Thumb Code     6  stm32f4xx_it.o(i.DMA1_Stream2_IRQHandler)
    DMA1_Stream3_IRQHandler                  0x080023c5   Thumb Code     6  stm32f4xx_it.o(i.DMA1_Stream3_IRQHandler)
    DMA1_Stream4_IRQHandler                  0x080023d1   Thumb Code     6  stm32f4xx_it.o(i.DMA1_Stream4_IRQHandler)
    DMA1_Stream5_IRQHandler                  0x080023dd   Thumb Code     6  stm32f4xx_it.o(i.DMA1_Stream5_IRQHandler)
    DMA1_Stream6_IRQHandler                  0x080023e9   Thumb Code     6  stm32f4xx_it.o(i.DMA1_Stream6_IRQHandler)
    DMA2_Stream2_IRQHandler                  0x080023f5   Thumb Code     6  stm32f4xx_it.o(i.DMA2_Stream2_IRQHandler)
    DMA2_Stream7_IRQHandler                  0x08002401   Thumb Code     6  stm32f4xx_it.o(i.DMA2_Stream7_IRQHandler)
    DebugMon_Handler                         0x080024b1   Thumb Code     2  stm32f4xx_it.o(i.DebugMon_Handler)
    EXTI3_IRQHandler                         0x080024b3   Thumb Code     6  stm32f4xx_it.o(i.EXTI3_IRQHandler)
    EXTI4_IRQHandler                         0x080024b9   Thumb Code     6  stm32f4xx_it.o(i.EXTI4_IRQHandler)
    Error_Handler                            0x080024bf   Thumb Code     4  main.o(i.Error_Handler)
    HAL_DMA_Abort                            0x080024c3   Thumb Code   146  stm32f4xx_hal_dma.o(i.HAL_DMA_Abort)
    HAL_DMA_Abort_IT                         0x08002555   Thumb Code    36  stm32f4xx_hal_dma.o(i.HAL_DMA_Abort_IT)
    HAL_DMA_GetState                         0x08002579   Thumb Code     6  stm32f4xx_hal_dma.o(i.HAL_DMA_GetState)
    HAL_DMA_IRQHandler                       0x08002581   Thumb Code   412  stm32f4xx_hal_dma.o(i.HAL_DMA_IRQHandler)
    HAL_DMA_Init                             0x08002721   Thumb Code   206  stm32f4xx_hal_dma.o(i.HAL_DMA_Init)
    HAL_DMA_Start_IT                         0x080027f5   Thumb Code   110  stm32f4xx_hal_dma.o(i.HAL_DMA_Start_IT)
    HAL_Delay                                0x08002865   Thumb Code    32  stm32f4xx_hal.o(i.HAL_Delay)
    HAL_GPIO_EXTI_Callback                   0x08002889   Thumb Code    76  key.o(i.HAL_GPIO_EXTI_Callback)
    HAL_GPIO_EXTI_IRQHandler                 0x080028fd   Thumb Code    18  stm32f4xx_hal_gpio.o(i.HAL_GPIO_EXTI_IRQHandler)
    HAL_GPIO_Init                            0x08002915   Thumb Code   450  stm32f4xx_hal_gpio.o(i.HAL_GPIO_Init)
    HAL_GPIO_ReadPin                         0x08002b05   Thumb Code    10  stm32f4xx_hal_gpio.o(i.HAL_GPIO_ReadPin)
    HAL_GPIO_WritePin                        0x08002b0f   Thumb Code    10  stm32f4xx_hal_gpio.o(i.HAL_GPIO_WritePin)
    HAL_GetTick                              0x08002b19   Thumb Code     6  stm32f4xx_hal.o(i.HAL_GetTick)
    HAL_I2C_Init                             0x08002b25   Thumb Code   376  stm32f4xx_hal_i2c.o(i.HAL_I2C_Init)
    HAL_I2C_MspInit                          0x08002cad   Thumb Code   154  i2c.o(i.HAL_I2C_MspInit)
    HAL_IncTick                              0x08002d59   Thumb Code    12  stm32f4xx_hal.o(i.HAL_IncTick)
    HAL_Init                                 0x08002d69   Thumb Code    48  stm32f4xx_hal.o(i.HAL_Init)
    HAL_InitTick                             0x08002d9d   Thumb Code    54  stm32f4xx_hal.o(i.HAL_InitTick)
    HAL_MspInit                              0x08002ddd   Thumb Code    48  stm32f4xx_hal_msp.o(i.HAL_MspInit)
    HAL_NVIC_EnableIRQ                       0x08002e11   Thumb Code    26  stm32f4xx_hal_cortex.o(i.HAL_NVIC_EnableIRQ)
    HAL_NVIC_SetPriority                     0x08002e2d   Thumb Code    60  stm32f4xx_hal_cortex.o(i.HAL_NVIC_SetPriority)
    HAL_NVIC_SetPriorityGrouping             0x08002e6d   Thumb Code    26  stm32f4xx_hal_cortex.o(i.HAL_NVIC_SetPriorityGrouping)
    HAL_RCC_CSSCallback                      0x08002e91   Thumb Code     2  stm32f4xx_hal_rcc.o(i.HAL_RCC_CSSCallback)
    HAL_RCC_ClockConfig                      0x08002e95   Thumb Code   288  stm32f4xx_hal_rcc.o(i.HAL_RCC_ClockConfig)
    HAL_RCC_EnableCSS                        0x08002fc9   Thumb Code     8  stm32f4xx_hal_rcc.o(i.HAL_RCC_EnableCSS)
    HAL_RCC_GetPCLK1Freq                     0x08002fd5   Thumb Code    20  stm32f4xx_hal_rcc.o(i.HAL_RCC_GetPCLK1Freq)
    HAL_RCC_GetPCLK2Freq                     0x08002ff5   Thumb Code    20  stm32f4xx_hal_rcc.o(i.HAL_RCC_GetPCLK2Freq)
    HAL_RCC_GetSysClockFreq                  0x08003015   Thumb Code    88  stm32f4xx_hal_rcc.o(i.HAL_RCC_GetSysClockFreq)
    HAL_RCC_NMI_IRQHandler                   0x08003075   Thumb Code    24  stm32f4xx_hal_rcc.o(i.HAL_RCC_NMI_IRQHandler)
    HAL_RCC_OscConfig                        0x08003091   Thumb Code   856  stm32f4xx_hal_rcc.o(i.HAL_RCC_OscConfig)
    HAL_SYSTICK_Config                       0x080033fd   Thumb Code    40  stm32f4xx_hal_cortex.o(i.HAL_SYSTICK_Config)
    HAL_TIMEx_BreakCallback                  0x08003425   Thumb Code     2  stm32f4xx_hal_tim_ex.o(i.HAL_TIMEx_BreakCallback)
    HAL_TIMEx_CommutCallback                 0x08003427   Thumb Code     2  stm32f4xx_hal_tim_ex.o(i.HAL_TIMEx_CommutCallback)
    HAL_TIMEx_ConfigBreakDeadTime            0x08003429   Thumb Code    84  stm32f4xx_hal_tim_ex.o(i.HAL_TIMEx_ConfigBreakDeadTime)
    HAL_TIMEx_MasterConfigSynchronization    0x0800347d   Thumb Code   116  stm32f4xx_hal_tim_ex.o(i.HAL_TIMEx_MasterConfigSynchronization)
    HAL_TIM_Base_Init                        0x0800350d   Thumb Code    90  stm32f4xx_hal_tim.o(i.HAL_TIM_Base_Init)
    HAL_TIM_Base_MspInit                     0x08003569   Thumb Code   214  tim.o(i.HAL_TIM_Base_MspInit)
    HAL_TIM_Base_Start_IT                    0x08003661   Thumb Code   100  stm32f4xx_hal_tim.o(i.HAL_TIM_Base_Start_IT)
    HAL_TIM_ConfigClockSource                0x080036e1   Thumb Code   220  stm32f4xx_hal_tim.o(i.HAL_TIM_ConfigClockSource)
    HAL_TIM_Encoder_Init                     0x080037bd   Thumb Code   164  stm32f4xx_hal_tim.o(i.HAL_TIM_Encoder_Init)
    HAL_TIM_Encoder_MspInit                  0x08003861   Thumb Code   142  tim.o(i.HAL_TIM_Encoder_MspInit)
    HAL_TIM_Encoder_Start                    0x08003905   Thumb Code   142  stm32f4xx_hal_tim.o(i.HAL_TIM_Encoder_Start)
    HAL_TIM_IC_CaptureCallback               0x08003993   Thumb Code     2  stm32f4xx_hal_tim.o(i.HAL_TIM_IC_CaptureCallback)
    HAL_TIM_IRQHandler                       0x08003995   Thumb Code   358  stm32f4xx_hal_tim.o(i.HAL_TIM_IRQHandler)
    HAL_TIM_MspPostInit                      0x08003afd   Thumb Code   228  tim.o(i.HAL_TIM_MspPostInit)
    HAL_TIM_OC_ConfigChannel                 0x08003c09   Thumb Code    82  stm32f4xx_hal_tim.o(i.HAL_TIM_OC_ConfigChannel)
    HAL_TIM_OC_DelayElapsedCallback          0x08003c5b   Thumb Code     2  stm32f4xx_hal_tim.o(i.HAL_TIM_OC_DelayElapsedCallback)
    HAL_TIM_OC_Init                          0x08003c5d   Thumb Code    90  stm32f4xx_hal_tim.o(i.HAL_TIM_OC_Init)
    HAL_TIM_OC_MspInit                       0x08003cb7   Thumb Code     2  stm32f4xx_hal_tim.o(i.HAL_TIM_OC_MspInit)
    HAL_TIM_PWM_ConfigChannel                0x08003cb9   Thumb Code   204  stm32f4xx_hal_tim.o(i.HAL_TIM_PWM_ConfigChannel)
    HAL_TIM_PWM_Init                         0x08003d85   Thumb Code    90  stm32f4xx_hal_tim.o(i.HAL_TIM_PWM_Init)
    HAL_TIM_PWM_MspInit                      0x08003ddf   Thumb Code     2  stm32f4xx_hal_tim.o(i.HAL_TIM_PWM_MspInit)
    HAL_TIM_PWM_PulseFinishedCallback        0x08003de1   Thumb Code     2  stm32f4xx_hal_tim.o(i.HAL_TIM_PWM_PulseFinishedCallback)
    HAL_TIM_PWM_Start                        0x08003de5   Thumb Code   172  stm32f4xx_hal_tim.o(i.HAL_TIM_PWM_Start)
    HAL_TIM_PWM_Start_IT                     0x08003ead   Thumb Code   216  stm32f4xx_hal_tim.o(i.HAL_TIM_PWM_Start_IT)
    HAL_TIM_PWM_Stop_IT                      0x08003fa1   Thumb Code   178  stm32f4xx_hal_tim.o(i.HAL_TIM_PWM_Stop_IT)
    HAL_TIM_PeriodElapsedCallback            0x0800405d   Thumb Code    24  control.o(i.HAL_TIM_PeriodElapsedCallback)
    HAL_TIM_TriggerCallback                  0x08004075   Thumb Code     2  stm32f4xx_hal_tim.o(i.HAL_TIM_TriggerCallback)
    HAL_UARTEx_RxEventCallback               0x08004077   Thumb Code     2  stm32f4xx_hal_uart.o(i.HAL_UARTEx_RxEventCallback)
    HAL_UART_ErrorCallback                   0x08004079   Thumb Code     2  stm32f4xx_hal_uart.o(i.HAL_UART_ErrorCallback)
    HAL_UART_IRQHandler                      0x0800407d   Thumb Code   610  stm32f4xx_hal_uart.o(i.HAL_UART_IRQHandler)
    HAL_UART_Init                            0x080042e5   Thumb Code    98  stm32f4xx_hal_uart.o(i.HAL_UART_Init)
    HAL_UART_MspInit                         0x08004349   Thumb Code   886  usart.o(i.HAL_UART_MspInit)
    HAL_UART_Receive_IT                      0x080046f9   Thumb Code    42  stm32f4xx_hal_uart.o(i.HAL_UART_Receive_IT)
    HAL_UART_RxCpltCallback                  0x08004725   Thumb Code   110  my_uart.o(i.HAL_UART_RxCpltCallback)
    HAL_UART_Transmit_DMA                    0x080047b5   Thumb Code   126  stm32f4xx_hal_uart.o(i.HAL_UART_Transmit_DMA)
    HAL_UART_TxCpltCallback                  0x08004841   Thumb Code     2  stm32f4xx_hal_uart.o(i.HAL_UART_TxCpltCallback)
    HAL_UART_TxHalfCpltCallback              0x08004843   Thumb Code     2  stm32f4xx_hal_uart.o(i.HAL_UART_TxHalfCpltCallback)
    HardFault_Handler                        0x08004845   Thumb Code     2  stm32f4xx_it.o(i.HardFault_Handler)
    Increase_pid_realize                     0x08004849   Thumb Code   240  pid.o(i.Increase_pid_realize)
    Limit                                    0x08004941   Thumb Code    34  motor.o(i.Limit)
    Limit_Amplitude                          0x08004965   Thumb Code   150  pid.o(i.Limit_Amplitude)
    MX_DMA_Init                              0x08004a05   Thumb Code   168  dma.o(i.MX_DMA_Init)
    MX_GPIO_Init                             0x08004ab1   Thumb Code   374  gpio.o(i.MX_GPIO_Init)
    MX_I2C1_Init                             0x08004c41   Thumb Code    50  i2c.o(i.MX_I2C1_Init)
    MX_I2C2_Init                             0x08004c81   Thumb Code    50  i2c.o(i.MX_I2C2_Init)
    MX_TIM12_Init                            0x08004cc1   Thumb Code   138  tim.o(i.MX_TIM12_Init)
    MX_TIM1_Init                             0x08004d55   Thumb Code   212  tim.o(i.MX_TIM1_Init)
    MX_TIM3_Init                             0x08004e31   Thumb Code   106  tim.o(i.MX_TIM3_Init)
    MX_TIM4_Init                             0x08004ea5   Thumb Code   104  tim.o(i.MX_TIM4_Init)
    MX_TIM5_Init                             0x08004f15   Thumb Code   194  tim.o(i.MX_TIM5_Init)
    MX_TIM6_Init                             0x08004fe1   Thumb Code    60  tim.o(i.MX_TIM6_Init)
    MX_TIM7_Init                             0x08005025   Thumb Code    60  tim.o(i.MX_TIM7_Init)
    MX_TIM8_Init                             0x08005069   Thumb Code   242  tim.o(i.MX_TIM8_Init)
    MX_TIM9_Init                             0x08005165   Thumb Code   140  tim.o(i.MX_TIM9_Init)
    MX_UART4_Init                            0x080051f9   Thumb Code    48  usart.o(i.MX_UART4_Init)
    MX_UART5_Init                            0x08005231   Thumb Code    48  usart.o(i.MX_UART5_Init)
    MX_USART1_UART_Init                      0x08005269   Thumb Code    48  usart.o(i.MX_USART1_UART_Init)
    MX_USART2_UART_Init                      0x080052a1   Thumb Code    48  usart.o(i.MX_USART2_UART_Init)
    MX_USART3_UART_Init                      0x080052d9   Thumb Code    48  usart.o(i.MX_USART3_UART_Init)
    MemManage_Handler                        0x08005311   Thumb Code     2  stm32f4xx_it.o(i.MemManage_Handler)
    MotorDrive                               0x08005315   Thumb Code    54  act_motor.o(i.MotorDrive)
    NMI_Handler                              0x08005361   Thumb Code     6  stm32f4xx_it.o(i.NMI_Handler)
    PID_Calculate_Updata                     0x08005369   Thumb Code   124  pid.o(i.PID_Calculate_Updata)
    PID_JudgeStatus                          0x080053ed   Thumb Code    70  pid.o(i.PID_JudgeStatus)
    PID_Param_Updata                         0x08005439   Thumb Code   184  pid.o(i.PID_Param_Updata)
    PID_Struct_Init                          0x08005501   Thumb Code    54  pid.o(i.PID_Struct_Init)
    PID_param_init                           0x0800553d   Thumb Code   114  pid.o(i.PID_param_init)
    PendSV_Handler                           0x080055b9   Thumb Code     2  stm32f4xx_it.o(i.PendSV_Handler)
    Raspberry_ChangeMode                     0x080055bd   Thumb Code    70  my_uart.o(i.Raspberry_ChangeMode)
    RxDataClear                              0x08005621   Thumb Code    96  my_uart.o(i.RxDataClear)
    SVC_Handler                              0x08005691   Thumb Code     2  stm32f4xx_it.o(i.SVC_Handler)
    ScanCode                                 0x08005695   Thumb Code    10  my_uart.o(i.ScanCode)
    ServoClaw                                0x080056a9   Thumb Code    42  servo.o(i.ServoClaw)
    ServoTurn                                0x080056d9   Thumb Code    34  servo.o(i.ServoTurn)
    Servo_Init                               0x08005701   Thumb Code    50  servo.o(i.Servo_Init)
    Set_Pwm                                  0x0800573d   Thumb Code   262  motor.o(i.Set_Pwm)
    StepArm_TaskTest                         0x08005851   Thumb Code    10  robtask.o(i.StepArm_TaskTest)
    StepArm_Task_ScanCode                    0x0800585d   Thumb Code   178  robtask.o(i.StepArm_Task_ScanCode)
    StepMotor_CallBack_TIM5                  0x0800591d   Thumb Code    76  stepmotor.o(i.StepMotor_CallBack_TIM5)
    StepMotor_Drive                          0x08005971   Thumb Code   276  stepmotor.o(i.StepMotor_Drive)
    StepMotor_Init                           0x08005a95   Thumb Code   120  stepmotor.o(i.StepMotor_Init)
    StepMotor_Isover                         0x08005b19   Thumb Code    28  stepmotor.o(i.StepMotor_Isover)
    StepMotor_Set_AnglePulse                 0x08005b39   Thumb Code   202  stepmotor.o(i.StepMotor_Set_AnglePulse)
    StepMotor_Set_Speed                      0x08005c19   Thumb Code    40  stepmotor.o(i.StepMotor_Set_Speed)
    StepMotor_Set_TarPulse                   0x08005c45   Thumb Code   148  stepmotor.o(i.StepMotor_Set_TarPulse)
    StepMotor_UpdataPulse                    0x08005ce1   Thumb Code   220  stepmotor.o(i.StepMotor_UpdataPulse)
    SysTick_Handler                          0x08005dc9   Thumb Code     4  stm32f4xx_it.o(i.SysTick_Handler)
    SystemClock_Config                       0x08005dcd   Thumb Code   140  main.o(i.SystemClock_Config)
    SystemInit                               0x08005e61   Thumb Code    12  system_stm32f4xx.o(i.SystemInit)
    TIM5_IRQHandler                          0x08005e71   Thumb Code     6  stm32f4xx_it.o(i.TIM5_IRQHandler)
    TIM6_DAC_IRQHandler                      0x08005e7d   Thumb Code     6  stm32f4xx_it.o(i.TIM6_DAC_IRQHandler)
    TIM7_IRQHandler                          0x08005e89   Thumb Code     6  stm32f4xx_it.o(i.TIM7_IRQHandler)
    TIM_Base_SetConfig                       0x08005e95   Thumb Code   156  stm32f4xx_hal_tim.o(i.TIM_Base_SetConfig)
    TIM_CCxChannelCmd                        0x08005f5d   Thumb Code    26  stm32f4xx_hal_tim.o(i.TIM_CCxChannelCmd)
    TIM_ETR_SetConfig                        0x08005f77   Thumb Code    20  stm32f4xx_hal_tim.o(i.TIM_ETR_SetConfig)
    TIM_OC2_SetConfig                        0x08005ffd   Thumb Code    98  stm32f4xx_hal_tim.o(i.TIM_OC2_SetConfig)
    Top_Action_Select_CallBack_TIM7          0x08006169   Thumb Code  1226  control.o(i.Top_Action_Select_CallBack_TIM7)
    Top_PID_Control_CallBack_TIM6            0x0800663d   Thumb Code   230  pid.o(i.Top_PID_Control_CallBack_TIM6)
    UART4_IRQHandler                         0x0800673d   Thumb Code     6  stm32f4xx_it.o(i.UART4_IRQHandler)
    UART5_IRQHandler                         0x08006749   Thumb Code     6  stm32f4xx_it.o(i.UART5_IRQHandler)
    UART_Start_Receive_IT                    0x08006a31   Thumb Code    58  stm32f4xx_hal_uart.o(i.UART_Start_Receive_IT)
    USART2_IRQHandler                        0x08006a6d   Thumb Code     6  stm32f4xx_it.o(i.USART2_IRQHandler)
    USART3_IRQHandler                        0x08006a79   Thumb Code     6  stm32f4xx_it.o(i.USART3_IRQHandler)
    UsageFault_Handler                       0x08006a85   Thumb Code     2  stm32f4xx_it.o(i.UsageFault_Handler)
    __armlib_thread_safety_init              0x08006aa9   Thumb Code    38  armlib_lock_glue.o(i.__armlib_thread_safety_init)
    __hardfp___mathlib_tofloat               0x08006ad9   Thumb Code   232  narrow.o(i.__hardfp___mathlib_tofloat)
    __hardfp_ldexp                           0x08006bd1   Thumb Code   200  ldexp.o(i.__hardfp_ldexp)
    __mathlib_dbl_overflow                   0x08006ca1   Thumb Code    24  dunder.o(i.__mathlib_dbl_overflow)
    __mathlib_dbl_underflow                  0x08006cc1   Thumb Code    24  dunder.o(i.__mathlib_dbl_underflow)
    __mathlib_narrow                         0x08006ce1   Thumb Code    18  narrow.o(i.__mathlib_narrow)
    __support_ldexp                          0x08006cf3   Thumb Code    20  ldexp.o(i.__support_ldexp)
    _is_digit                                0x08006d07   Thumb Code    14  __printf_wp.o(i._is_digit)
    _mutex_acquire                           0x08006d15   Thumb Code    52  armlib_lock_glue.o(i._mutex_acquire)
    _mutex_free                              0x08006d4d   Thumb Code    50  armlib_lock_glue.o(i._mutex_free)
    _mutex_initialize                        0x08006d85   Thumb Code    82  armlib_lock_glue.o(i._mutex_initialize)
    _mutex_release                           0x08006de1   Thumb Code    52  armlib_lock_glue.o(i._mutex_release)
    _sys_exit                                0x08006e19   Thumb Code     2  printf_.o(i._sys_exit)
    ferror                                   0x08006e1b   Thumb Code     6  printf_.o(i.ferror)
    fputc                                    0x08006e21   Thumb Code    14  printf_.o(i.fputc)
    frexp                                    0x08006e39   Thumb Code   118  frexp.o(i.frexp)
    location_pid_realize                     0x08006ec5   Thumb Code   110  pid.o(i.location_pid_realize)
    main                                     0x08006f45   Thumb Code   220  main.o(i.main)
    my_USART2_GetBuffer                      0x08007035   Thumb Code   252  my_uart.o(i.my_USART2_GetBuffer)
    my_USART3_GetBuffer                      0x08007169   Thumb Code   148  my_uart.o(i.my_USART3_GetBuffer)
    _get_lc_numeric                          0x0800726d   Thumb Code    44  lc_numeric_c.o(locale$$code)
    _get_lc_ctype                            0x08007299   Thumb Code    44  lc_ctype_c.o(locale$$code)
    __aeabi_d2f                              0x080072c5   Thumb Code     0  d2f.o(x$fpl$d2f)
    _d2f                                     0x080072c5   Thumb Code    98  d2f.o(x$fpl$d2f)
    __aeabi_dadd                             0x08007329   Thumb Code     0  daddsub_clz.o(x$fpl$dadd)
    _dadd                                    0x08007329   Thumb Code   332  daddsub_clz.o(x$fpl$dadd)
    __fpl_dcheck_NaN1                        0x08007479   Thumb Code    10  dcheck1.o(x$fpl$dcheck1)
    __fpl_dcmp_Inf                           0x08007489   Thumb Code    24  dcmpi.o(x$fpl$dcmpinf)
    __aeabi_ddiv                             0x080074a1   Thumb Code     0  ddiv.o(x$fpl$ddiv)
    _ddiv                                    0x080074a1   Thumb Code   552  ddiv.o(x$fpl$ddiv)
    __aeabi_cdcmpeq                          0x08007751   Thumb Code     0  deqf.o(x$fpl$deqf)
    _dcmpeq                                  0x08007751   Thumb Code   120  deqf.o(x$fpl$deqf)
    __aeabi_d2iz                             0x080077c9   Thumb Code     0  dfix.o(x$fpl$dfix)
    _dfix                                    0x080077c9   Thumb Code    94  dfix.o(x$fpl$dfix)
    __aeabi_i2d                              0x08007827   Thumb Code     0  dflt_clz.o(x$fpl$dflt)
    _dflt                                    0x08007827   Thumb Code    46  dflt_clz.o(x$fpl$dflt)
    __aeabi_cdcmple                          0x08007855   Thumb Code     0  dleqf.o(x$fpl$dleqf)
    _dcmple                                  0x08007855   Thumb Code   120  dleqf.o(x$fpl$dleqf)
    __fpl_dcmple_InfNaN                      0x080078b7   Thumb Code     0  dleqf.o(x$fpl$dleqf)
    __aeabi_dmul                             0x080078cd   Thumb Code     0  dmul.o(x$fpl$dmul)
    _dmul                                    0x080078cd   Thumb Code   332  dmul.o(x$fpl$dmul)
    __fpl_dnaninf                            0x08007a21   Thumb Code   156  dnaninf.o(x$fpl$dnaninf)
    __fpl_dretinf                            0x08007abd   Thumb Code    12  dretinf.o(x$fpl$dretinf)
    __aeabi_cdrcmple                         0x08007ac9   Thumb Code     0  drleqf.o(x$fpl$drleqf)
    _drcmple                                 0x08007ac9   Thumb Code   108  drleqf.o(x$fpl$drleqf)
    __aeabi_dsub                             0x08007b35   Thumb Code     0  daddsub_clz.o(x$fpl$dsub)
    _dsub                                    0x08007b35   Thumb Code   464  daddsub_clz.o(x$fpl$dsub)
    __aeabi_f2d                              0x08007d09   Thumb Code     0  f2d.o(x$fpl$f2d)
    _f2d                                     0x08007d09   Thumb Code    86  f2d.o(x$fpl$f2d)
    __fpl_fnaninf                            0x08007d5f   Thumb Code   140  fnaninf.o(x$fpl$fnaninf)
    _fp_init                                 0x08007deb   Thumb Code    10  fpinit.o(x$fpl$fpinit)
    __fplib_config_fpu_vfp                   0x08007df3   Thumb Code     0  fpinit.o(x$fpl$fpinit)
    __fplib_config_pureend_doubles           0x08007df3   Thumb Code     0  fpinit.o(x$fpl$fpinit)
    __fpl_fretinf                            0x08007df5   Thumb Code    10  fretinf.o(x$fpl$fretinf)
    __ieee_status                            0x08007dff   Thumb Code     6  istatus.o(x$fpl$ieeestatus)
    __fpl_return_NaN                         0x08007e05   Thumb Code   100  retnan.o(x$fpl$retnan)
    __ARM_scalbn                             0x08007e69   Thumb Code    92  scalbn.o(x$fpl$scalbn)
    _scanf_real                              0x08007ec5   Thumb Code     4  scanf1.o(x$fpl$scanf1)
    _scanf_hex_real                          0x08007ec9   Thumb Code     4  scanf2.o(x$fpl$scanf2)
    _scanf_infnan                            0x08007ecd   Thumb Code     4  scanf2.o(x$fpl$scanf2)
    __fpl_cmpreturn                          0x08007ed1   Thumb Code    48  trapv.o(x$fpl$trapveneer)
    __I$use$fp                               0x08007f00   Number         0  usenofp.o(x$fpl$usenofp)
    AHBPrescTable                            0x08007f08   Data          16  system_stm32f4xx.o(.constdata)
    APBPrescTable                            0x08007f18   Data           8  system_stm32f4xx.o(.constdata)
    Region$$Table$$Base                      0x08007fc8   Number         0  anon$$obj.o(Region$$Table)
    Region$$Table$$Limit                     0x08007fe8   Number         0  anon$$obj.o(Region$$Table)
    __aeabi_HUGE_VAL                         0x08007fe8   Data           0  fpconst.o(c$$dinf)
    __aeabi_HUGE_VALL                        0x08007fe8   Data           0  fpconst.o(c$$dinf)
    __aeabi_INFINITY                         0x08007fe8   Data           0  fpconst.o(c$$dinf)
    __dInf                                   0x08007fe8   Data           0  fpconst.o(c$$dinf)
    __huge_val                               0x08007fe8   Data           0  fpconst.o(c$$dinf)
    __dbl_max                                0x08007ff0   Data           0  fpconst.o(c$$dmax)
    __ctype                                  0x08008021   Data           0  lc_ctype_c.o(locale$$data)
    SHT$$INIT_ARRAY$$Base                    0x08008124   Number         0  armlib_lock_glue.o(.init_array)
    SHT$$INIT_ARRAY$$Limit                   0x08008128   Number         0  init_aeabi.o(.init_array)
    uwTickFreq                               0x20000004   Data           1  stm32f4xx_hal.o(.data)
    uwTickPrio                               0x20000008   Data           4  stm32f4xx_hal.o(.data)
    uwTick                                   0x2000000c   Data           4  stm32f4xx_hal.o(.data)
    SystemCoreClock                          0x20000010   Data           4  system_stm32f4xx.o(.data)
    Data_Buff                                0x20000017   Data          32  ano.o(.data)
    Data_Sent                                0x20000037   Data          32  ano.o(.data)
    Data_Check                               0x20000057   Data          12  ano.o(.data)
    task                                     0x20000064   Data           2  control.o(.data)
    do_cnt                                   0x20000066   Data           2  control.o(.data)
    rpm                                      0x20000068   Data           4  control.o(.data)
    num                                      0x2000006c   Data           4  control.o(.data)
    StepMotorTask                            0x20000070   Data           4  key.o(.data)
    uart1_Rx                                 0x20000074   Data           1  my_uart.o(.data)
    uart2_Rx                                 0x20000075   Data           1  my_uart.o(.data)
    uart3_Rx                                 0x20000076   Data           1  my_uart.o(.data)
    uart4_Rx                                 0x20000077   Data           1  my_uart.o(.data)
    uart5_Rx                                 0x20000078   Data           1  my_uart.o(.data)
    Position_KP                              0x20000080   Data           4  pid.o(.data)
    Position_KI                              0x20000084   Data           4  pid.o(.data)
    Position_KD                              0x20000088   Data           4  pid.o(.data)
    Incremental_KP                           0x2000008c   Data           4  pid.o(.data)
    Incremental_KI                           0x20000090   Data           4  pid.o(.data)
    Incremental_KD                           0x20000094   Data           4  pid.o(.data)
    Incremental_KP2                          0x20000098   Data           4  pid.o(.data)
    Incremental_KI2                          0x2000009c   Data           4  pid.o(.data)
    Incremental_KD2                          0x200000a0   Data           4  pid.o(.data)
    Incremental_KP_A                         0x200000a4   Data           4  pid.o(.data)
    Incremental_KI_A                         0x200000a8   Data           4  pid.o(.data)
    Incremental_KD_A                         0x200000ac   Data           4  pid.o(.data)
    __stdout                                 0x200000b4   Data           4  printf_.o(.data)
    hi2c1                                    0x200000d0   Data          84  i2c.o(.bss)
    hi2c2                                    0x20000124   Data          84  i2c.o(.bss)
    htim1                                    0x20000178   Data          72  tim.o(.bss)
    htim3                                    0x200001c0   Data          72  tim.o(.bss)
    htim4                                    0x20000208   Data          72  tim.o(.bss)
    htim5                                    0x20000250   Data          72  tim.o(.bss)
    htim6                                    0x20000298   Data          72  tim.o(.bss)
    htim7                                    0x200002e0   Data          72  tim.o(.bss)
    htim8                                    0x20000328   Data          72  tim.o(.bss)
    htim9                                    0x20000370   Data          72  tim.o(.bss)
    htim12                                   0x200003b8   Data          72  tim.o(.bss)
    huart4                                   0x20000400   Data          68  usart.o(.bss)
    huart5                                   0x20000444   Data          68  usart.o(.bss)
    huart1                                   0x20000488   Data          68  usart.o(.bss)
    huart2                                   0x200004cc   Data          68  usart.o(.bss)
    huart3                                   0x20000510   Data          68  usart.o(.bss)
    hdma_uart4_rx                            0x20000554   Data          96  usart.o(.bss)
    hdma_uart4_tx                            0x200005b4   Data          96  usart.o(.bss)
    hdma_usart1_tx                           0x20000614   Data          96  usart.o(.bss)
    hdma_usart1_rx                           0x20000674   Data          96  usart.o(.bss)
    hdma_usart2_rx                           0x200006d4   Data          96  usart.o(.bss)
    hdma_usart2_tx                           0x20000734   Data          96  usart.o(.bss)
    hdma_usart3_rx                           0x20000794   Data          96  usart.o(.bss)
    hdma_usart3_tx                           0x200007f4   Data          96  usart.o(.bss)
    Data_Get                                 0x20000854   Data          32  ano.o(.bss)
    RxData                                   0x20000874   Data         164  my_uart.o(.bss)
    uart2_RxBuff                             0x20000918   Data         128  my_uart.o(.bss)
    uart3_RxBuff                             0x20000998   Data          64  my_uart.o(.bss)
    pid_speed                                0x200009d8   Data          52  pid.o(.bss)
    pid_location                             0x20000a0c   Data          52  pid.o(.bss)
    pid_speed2                               0x20000a40   Data          52  pid.o(.bss)
    pid_location2                            0x20000a74   Data          52  pid.o(.bss)
    pid_angle                                0x20000aa8   Data          52  pid.o(.bss)
    Motor_1                                  0x20000adc   Data          28  stepmotor.o(.bss)
    Motor_2                                  0x20000af8   Data          28  stepmotor.o(.bss)
    Motor_3                                  0x20000b14   Data          28  stepmotor.o(.bss)
    __libspace_start                         0x20000b30   Data          96  libspace.o(.bss)
    __temporary_stack_top$libspace           0x20000b90   Data           0  libspace.o(.bss)



==============================================================================

Memory Map of the image

  Image Entry point : 0x08000189

  Load Region LR_IROM1 (Base: 0x08000000, Size: 0x000081e0, Max: 0x00100000, ABSOLUTE)

    Execution Region ER_IROM1 (Exec base: 0x08000000, Load base: 0x08000000, Size: 0x00008128, Max: 0x00100000, ABSOLUTE)

    Exec Addr    Load Addr    Size         Type   Attr      Idx    E Section Name        Object

    0x08000000   0x08000000   0x00000188   Data   RO            3    RESET               startup_stm32f407xx.o
    0x08000188   0x08000188   0x00000008   Code   RO         4433  * !!!main             c_w.l(__main.o)
    0x08000190   0x08000190   0x00000034   Code   RO         4860    !!!scatter          c_w.l(__scatter.o)
    0x080001c4   0x080001c4   0x0000001a   Code   RO         4862    !!handler_copy      c_w.l(__scatter_copy.o)
    0x080001de   0x080001de   0x00000002   PAD
    0x080001e0   0x080001e0   0x0000001c   Code   RO         4864    !!handler_zi        c_w.l(__scatter_zi.o)
    0x080001fc   0x080001fc   0x00000000   Code   RO         4424    .ARM.Collect$$_printf_percent$$00000000  c_w.l(_printf_percent.o)
    0x080001fc   0x080001fc   0x00000006   Code   RO         4422    .ARM.Collect$$_printf_percent$$00000009  c_w.l(_printf_d.o)
    0x08000202   0x08000202   0x00000004   Code   RO         4526    .ARM.Collect$$_printf_percent$$00000017  c_w.l(_printf_percent_end.o)
    0x08000206   0x08000206   0x00000002   Code   RO         4750    .ARM.Collect$$libinit$$00000000  c_w.l(libinit.o)
    0x08000208   0x08000208   0x00000004   Code   RO         4533    .ARM.Collect$$libinit$$00000001  c_w.l(libinit2.o)
    0x0800020c   0x0800020c   0x00000000   Code   RO         4536    .ARM.Collect$$libinit$$00000004  c_w.l(libinit2.o)
    0x0800020c   0x0800020c   0x00000000   Code   RO         4539    .ARM.Collect$$libinit$$0000000A  c_w.l(libinit2.o)
    0x0800020c   0x0800020c   0x00000000   Code   RO         4541    .ARM.Collect$$libinit$$0000000C  c_w.l(libinit2.o)
    0x0800020c   0x0800020c   0x00000000   Code   RO         4543    .ARM.Collect$$libinit$$0000000E  c_w.l(libinit2.o)
    0x0800020c   0x0800020c   0x00000006   Code   RO         4544    .ARM.Collect$$libinit$$0000000F  c_w.l(libinit2.o)
    0x08000212   0x08000212   0x00000000   Code   RO         4546    .ARM.Collect$$libinit$$00000011  c_w.l(libinit2.o)
    0x08000212   0x08000212   0x0000000c   Code   RO         4547    .ARM.Collect$$libinit$$00000012  c_w.l(libinit2.o)
    0x0800021e   0x0800021e   0x00000000   Code   RO         4548    .ARM.Collect$$libinit$$00000013  c_w.l(libinit2.o)
    0x0800021e   0x0800021e   0x00000000   Code   RO         4550    .ARM.Collect$$libinit$$00000015  c_w.l(libinit2.o)
    0x0800021e   0x0800021e   0x0000000a   Code   RO         4551    .ARM.Collect$$libinit$$00000016  c_w.l(libinit2.o)
    0x08000228   0x08000228   0x00000000   Code   RO         4552    .ARM.Collect$$libinit$$00000017  c_w.l(libinit2.o)
    0x08000228   0x08000228   0x00000000   Code   RO         4554    .ARM.Collect$$libinit$$00000019  c_w.l(libinit2.o)
    0x08000228   0x08000228   0x00000000   Code   RO         4556    .ARM.Collect$$libinit$$0000001B  c_w.l(libinit2.o)
    0x08000228   0x08000228   0x00000000   Code   RO         4558    .ARM.Collect$$libinit$$0000001D  c_w.l(libinit2.o)
    0x08000228   0x08000228   0x00000000   Code   RO         4560    .ARM.Collect$$libinit$$0000001F  c_w.l(libinit2.o)
    0x08000228   0x08000228   0x00000000   Code   RO         4562    .ARM.Collect$$libinit$$00000021  c_w.l(libinit2.o)
    0x08000228   0x08000228   0x00000000   Code   RO         4564    .ARM.Collect$$libinit$$00000023  c_w.l(libinit2.o)
    0x08000228   0x08000228   0x00000000   Code   RO         4566    .ARM.Collect$$libinit$$00000025  c_w.l(libinit2.o)
    0x08000228   0x08000228   0x00000000   Code   RO         4570    .ARM.Collect$$libinit$$0000002C  c_w.l(libinit2.o)
    0x08000228   0x08000228   0x00000000   Code   RO         4572    .ARM.Collect$$libinit$$0000002E  c_w.l(libinit2.o)
    0x08000228   0x08000228   0x00000000   Code   RO         4574    .ARM.Collect$$libinit$$00000030  c_w.l(libinit2.o)
    0x08000228   0x08000228   0x00000004   Code   RO         4575    .ARM.Collect$$libinit$$00000031  c_w.l(libinit2.o)
    0x0800022c   0x0800022c   0x00000000   Code   RO         4576    .ARM.Collect$$libinit$$00000032  c_w.l(libinit2.o)
    0x0800022c   0x0800022c   0x00000002   Code   RO         4577    .ARM.Collect$$libinit$$00000033  c_w.l(libinit2.o)
    0x0800022e   0x0800022e   0x00000002   Code   RO         4819    .ARM.Collect$$libshutdown$$00000000  c_w.l(libshutdown.o)
    0x08000230   0x08000230   0x00000000   Code   RO         4837    .ARM.Collect$$libshutdown$$00000002  c_w.l(libshutdown2.o)
    0x08000230   0x08000230   0x00000000   Code   RO         4839    .ARM.Collect$$libshutdown$$00000004  c_w.l(libshutdown2.o)
    0x08000230   0x08000230   0x00000000   Code   RO         4841    .ARM.Collect$$libshutdown$$00000006  c_w.l(libshutdown2.o)
    0x08000230   0x08000230   0x00000000   Code   RO         4844    .ARM.Collect$$libshutdown$$00000009  c_w.l(libshutdown2.o)
    0x08000230   0x08000230   0x00000000   Code   RO         4847    .ARM.Collect$$libshutdown$$0000000C  c_w.l(libshutdown2.o)
    0x08000230   0x08000230   0x00000000   Code   RO         4849    .ARM.Collect$$libshutdown$$0000000E  c_w.l(libshutdown2.o)
    0x08000230   0x08000230   0x00000000   Code   RO         4852    .ARM.Collect$$libshutdown$$00000011  c_w.l(libshutdown2.o)
    0x08000230   0x08000230   0x00000002   Code   RO         4853    .ARM.Collect$$libshutdown$$00000012  c_w.l(libshutdown2.o)
    0x08000232   0x08000232   0x00000000   Code   RO         4513    .ARM.Collect$$rtentry$$00000000  c_w.l(__rtentry.o)
    0x08000232   0x08000232   0x00000000   Code   RO         4624    .ARM.Collect$$rtentry$$00000002  c_w.l(__rtentry2.o)
    0x08000232   0x08000232   0x00000006   Code   RO         4636    .ARM.Collect$$rtentry$$00000004  c_w.l(__rtentry4.o)
    0x08000238   0x08000238   0x00000000   Code   RO         4626    .ARM.Collect$$rtentry$$00000009  c_w.l(__rtentry2.o)
    0x08000238   0x08000238   0x00000004   Code   RO         4627    .ARM.Collect$$rtentry$$0000000A  c_w.l(__rtentry2.o)
    0x0800023c   0x0800023c   0x00000000   Code   RO         4629    .ARM.Collect$$rtentry$$0000000C  c_w.l(__rtentry2.o)
    0x0800023c   0x0800023c   0x00000008   Code   RO         4630    .ARM.Collect$$rtentry$$0000000D  c_w.l(__rtentry2.o)
    0x08000244   0x08000244   0x00000002   Code   RO         4761    .ARM.Collect$$rtexit$$00000000  c_w.l(rtexit.o)
    0x08000246   0x08000246   0x00000000   Code   RO         4800    .ARM.Collect$$rtexit$$00000002  c_w.l(rtexit2.o)
    0x08000246   0x08000246   0x00000004   Code   RO         4801    .ARM.Collect$$rtexit$$00000003  c_w.l(rtexit2.o)
    0x0800024a   0x0800024a   0x00000006   Code   RO         4802    .ARM.Collect$$rtexit$$00000004  c_w.l(rtexit2.o)
    0x08000250   0x08000250   0x00000040   Code   RO            4    .text               startup_stm32f407xx.o
    0x08000290   0x08000290   0x00000002   Code   RO         4386    .text               c_w.l(use_no_semi.o)
    0x08000292   0x08000292   0x00000002   Code   RO         4388    .text               c_w.l(use_no_semi_2.o)
    0x08000294   0x08000294   0x000000ee   Code   RO         4390    .text               c_w.l(lludivv7m.o)
    0x08000382   0x08000382   0x00000002   PAD
    0x08000384   0x08000384   0x00000018   Code   RO         4394    .text               c_w.l(noretval__2printf.o)
    0x0800039c   0x0800039c   0x00000078   Code   RO         4400    .text               c_w.l(_printf_dec.o)
    0x08000414   0x08000414   0x0000010e   Code   RO         4410    .text               c_w.l(__printf_wp.o)
    0x08000522   0x08000522   0x00000002   PAD
    0x08000524   0x08000524   0x0000003c   Code   RO         4425    .text               c_w.l(__0sscanf.o)
    0x08000560   0x08000560   0x000000e0   Code   RO         4427    .text               c_w.l(_scanf_str.o)
    0x08000640   0x08000640   0x0000004e   Code   RO         4429    .text               c_w.l(rt_memclr_w.o)
    0x0800068e   0x0800068e   0x00000006   Code   RO         4431    .text               c_w.l(heapauxi.o)
    0x08000694   0x08000694   0x00000024   Code   RO         4438    .text               c_w.l(init_aeabi.o)
    0x080006b8   0x080006b8   0x00000016   Code   RO         4518    .text               c_w.l(_rserrno.o)
    0x080006ce   0x080006ce   0x000000b2   Code   RO         4520    .text               c_w.l(_printf_intcommon.o)
    0x08000780   0x08000780   0x00000024   Code   RO         4524    .text               c_w.l(_printf_char_file.o)
    0x080007a4   0x080007a4   0x000004f8   Code   RO         4527    .text               c_w.l(scanf_fp.o)
    0x08000c9c   0x08000c9c   0x0000002c   Code   RO         4529    .text               c_w.l(scanf_char.o)
    0x08000cc8   0x08000cc8   0x00000040   Code   RO         4531    .text               c_w.l(_sgetc.o)
    0x08000d08   0x08000d08   0x00000008   Code   RO         4643    .text               c_w.l(rt_locale_intlibspace.o)
    0x08000d10   0x08000d10   0x00000008   Code   RO         4648    .text               c_w.l(rt_errno_addr_intlibspace.o)
    0x08000d18   0x08000d18   0x00000012   Code   RO         4652    .text               c_w.l(isspace.o)
    0x08000d2a   0x08000d2a   0x00000002   PAD
    0x08000d2c   0x08000d2c   0x00000030   Code   RO         4654    .text               c_w.l(_printf_char_common.o)
    0x08000d5c   0x08000d5c   0x00000374   Code   RO         4658    .text               c_w.l(_scanf.o)
    0x080010d0   0x080010d0   0x000000e4   Code   RO         4660    .text               c_w.l(bigflt0.o)
    0x080011b4   0x080011b4   0x00000008   Code   RO         4720    .text               c_w.l(libspace.o)
    0x080011bc   0x080011bc   0x0000004a   Code   RO         4723    .text               c_w.l(sys_stackheap_outer.o)
    0x08001206   0x08001206   0x00000002   PAD
    0x08001208   0x08001208   0x00000010   Code   RO         4725    .text               c_w.l(rt_ctype_table.o)
    0x08001218   0x08001218   0x00000320   Code   RO         4729    .text               c_w.l(scanf_hexfp.o)
    0x08001538   0x08001538   0x00000134   Code   RO         4731    .text               c_w.l(scanf_infnan.o)
    0x0800166c   0x0800166c   0x00000012   Code   RO         4733    .text               c_w.l(exit.o)
    0x0800167e   0x0800167e   0x00000002   PAD
    0x08001680   0x08001680   0x00000080   Code   RO         4739    .text               c_w.l(strcmpv7m.o)
    0x08001700   0x08001700   0x00000026   Code   RO         4767    .text               c_w.l(llshl.o)
    0x08001726   0x08001726   0x0000001c   Code   RO         4769    .text               c_w.l(_chval.o)
    0x08001742   0x08001742   0x00000338   Code   RO         4673    CL$$btod_div_common  c_w.l(btod.o)
    0x08001a7a   0x08001a7a   0x00000002   PAD
    0x08001a7c   0x08001a7c   0x00000084   Code   RO         4671    CL$$btod_e2d        c_w.l(btod.o)
    0x08001b00   0x08001b00   0x000000dc   Code   RO         4670    CL$$btod_e2e        c_w.l(btod.o)
    0x08001bdc   0x08001bdc   0x0000002a   Code   RO         4667    CL$$btod_ediv       c_w.l(btod.o)
    0x08001c06   0x08001c06   0x0000002a   Code   RO         4669    CL$$btod_edivd      c_w.l(btod.o)
    0x08001c30   0x08001c30   0x0000002a   Code   RO         4666    CL$$btod_emul       c_w.l(btod.o)
    0x08001c5a   0x08001c5a   0x0000002a   Code   RO         4668    CL$$btod_emuld      c_w.l(btod.o)
    0x08001c84   0x08001c84   0x00000244   Code   RO         4672    CL$$btod_mult_common  c_w.l(btod.o)
    0x08001ec8   0x08001ec8   0x00000140   Code   RO         4031    i.Angle_adjust      pid.o
    0x08002008   0x08002008   0x000000dc   Code   RO         3778    i.Ano_Anl           ano.o
    0x080020e4   0x080020e4   0x0000008c   Code   RO         3779    i.Ano_GetByte       ano.o
    0x08002170   0x08002170   0x00000054   Code   RO         3780    i.Ano_SentCheck     ano.o
    0x080021c4   0x080021c4   0x00000068   Code   RO         3781    i.Ano_SentPar       ano.o
    0x0800222c   0x0800222c   0x00000002   Code   RO          574    i.BusFault_Handler  stm32f4xx_it.o
    0x0800222e   0x0800222e   0x00000002   PAD
    0x08002230   0x08002230   0x00000098   Code   RO         3726    i.CAR_RUN           act_motor.o
    0x080022c8   0x080022c8   0x0000006c   Code   RO         3915    i.Car_Drive_Init    motor.o
    0x08002334   0x08002334   0x00000078   Code   RO         3957    i.Correspond_Init   my_uart.o
    0x080023ac   0x080023ac   0x0000000c   Code   RO          575    i.DMA1_Stream1_IRQHandler  stm32f4xx_it.o
    0x080023b8   0x080023b8   0x0000000c   Code   RO          576    i.DMA1_Stream2_IRQHandler  stm32f4xx_it.o
    0x080023c4   0x080023c4   0x0000000c   Code   RO          577    i.DMA1_Stream3_IRQHandler  stm32f4xx_it.o
    0x080023d0   0x080023d0   0x0000000c   Code   RO          578    i.DMA1_Stream4_IRQHandler  stm32f4xx_it.o
    0x080023dc   0x080023dc   0x0000000c   Code   RO          579    i.DMA1_Stream5_IRQHandler  stm32f4xx_it.o
    0x080023e8   0x080023e8   0x0000000c   Code   RO          580    i.DMA1_Stream6_IRQHandler  stm32f4xx_it.o
    0x080023f4   0x080023f4   0x0000000c   Code   RO          581    i.DMA2_Stream2_IRQHandler  stm32f4xx_it.o
    0x08002400   0x08002400   0x0000000c   Code   RO          582    i.DMA2_Stream7_IRQHandler  stm32f4xx_it.o
    0x0800240c   0x0800240c   0x00000028   Code   RO         1685    i.DMA_CalcBaseAndBitshift  stm32f4xx_hal_dma.o
    0x08002434   0x08002434   0x00000054   Code   RO         1686    i.DMA_CheckFifoParam  stm32f4xx_hal_dma.o
    0x08002488   0x08002488   0x00000028   Code   RO         1687    i.DMA_SetConfig     stm32f4xx_hal_dma.o
    0x080024b0   0x080024b0   0x00000002   Code   RO          583    i.DebugMon_Handler  stm32f4xx_it.o
    0x080024b2   0x080024b2   0x00000006   Code   RO          584    i.EXTI3_IRQHandler  stm32f4xx_it.o
    0x080024b8   0x080024b8   0x00000006   Code   RO          585    i.EXTI4_IRQHandler  stm32f4xx_it.o
    0x080024be   0x080024be   0x00000004   Code   RO           97    i.Error_Handler     main.o
    0x080024c2   0x080024c2   0x00000092   Code   RO         1688    i.HAL_DMA_Abort     stm32f4xx_hal_dma.o
    0x08002554   0x08002554   0x00000024   Code   RO         1689    i.HAL_DMA_Abort_IT  stm32f4xx_hal_dma.o
    0x08002578   0x08002578   0x00000006   Code   RO         1692    i.HAL_DMA_GetState  stm32f4xx_hal_dma.o
    0x0800257e   0x0800257e   0x00000002   PAD
    0x08002580   0x08002580   0x000001a0   Code   RO         1693    i.HAL_DMA_IRQHandler  stm32f4xx_hal_dma.o
    0x08002720   0x08002720   0x000000d4   Code   RO         1694    i.HAL_DMA_Init      stm32f4xx_hal_dma.o
    0x080027f4   0x080027f4   0x0000006e   Code   RO         1698    i.HAL_DMA_Start_IT  stm32f4xx_hal_dma.o
    0x08002862   0x08002862   0x00000002   PAD
    0x08002864   0x08002864   0x00000024   Code   RO         2107    i.HAL_Delay         stm32f4xx_hal.o
    0x08002888   0x08002888   0x00000074   Code   RO         3882    i.HAL_GPIO_EXTI_Callback  key.o
    0x080028fc   0x080028fc   0x00000018   Code   RO         1580    i.HAL_GPIO_EXTI_IRQHandler  stm32f4xx_hal_gpio.o
    0x08002914   0x08002914   0x000001f0   Code   RO         1581    i.HAL_GPIO_Init     stm32f4xx_hal_gpio.o
    0x08002b04   0x08002b04   0x0000000a   Code   RO         1583    i.HAL_GPIO_ReadPin  stm32f4xx_hal_gpio.o
    0x08002b0e   0x08002b0e   0x0000000a   Code   RO         1585    i.HAL_GPIO_WritePin  stm32f4xx_hal_gpio.o
    0x08002b18   0x08002b18   0x0000000c   Code   RO         2113    i.HAL_GetTick       stm32f4xx_hal.o
    0x08002b24   0x08002b24   0x00000188   Code   RO          787    i.HAL_I2C_Init      stm32f4xx_hal_i2c.o
    0x08002cac   0x08002cac   0x000000ac   Code   RO          340    i.HAL_I2C_MspInit   i2c.o
    0x08002d58   0x08002d58   0x00000010   Code   RO         2119    i.HAL_IncTick       stm32f4xx_hal.o
    0x08002d68   0x08002d68   0x00000034   Code   RO         2120    i.HAL_Init          stm32f4xx_hal.o
    0x08002d9c   0x08002d9c   0x00000040   Code   RO         2121    i.HAL_InitTick      stm32f4xx_hal.o
    0x08002ddc   0x08002ddc   0x00000034   Code   RO          752    i.HAL_MspInit       stm32f4xx_hal_msp.o
    0x08002e10   0x08002e10   0x0000001a   Code   RO         1970    i.HAL_NVIC_EnableIRQ  stm32f4xx_hal_cortex.o
    0x08002e2a   0x08002e2a   0x00000002   PAD
    0x08002e2c   0x08002e2c   0x00000040   Code   RO         1976    i.HAL_NVIC_SetPriority  stm32f4xx_hal_cortex.o
    0x08002e6c   0x08002e6c   0x00000024   Code   RO         1977    i.HAL_NVIC_SetPriorityGrouping  stm32f4xx_hal_cortex.o
    0x08002e90   0x08002e90   0x00000002   Code   RO         1226    i.HAL_RCC_CSSCallback  stm32f4xx_hal_rcc.o
    0x08002e92   0x08002e92   0x00000002   PAD
    0x08002e94   0x08002e94   0x00000134   Code   RO         1227    i.HAL_RCC_ClockConfig  stm32f4xx_hal_rcc.o
    0x08002fc8   0x08002fc8   0x0000000c   Code   RO         1230    i.HAL_RCC_EnableCSS  stm32f4xx_hal_rcc.o
    0x08002fd4   0x08002fd4   0x00000020   Code   RO         1234    i.HAL_RCC_GetPCLK1Freq  stm32f4xx_hal_rcc.o
    0x08002ff4   0x08002ff4   0x00000020   Code   RO         1235    i.HAL_RCC_GetPCLK2Freq  stm32f4xx_hal_rcc.o
    0x08003014   0x08003014   0x00000060   Code   RO         1236    i.HAL_RCC_GetSysClockFreq  stm32f4xx_hal_rcc.o
    0x08003074   0x08003074   0x0000001c   Code   RO         1238    i.HAL_RCC_NMI_IRQHandler  stm32f4xx_hal_rcc.o
    0x08003090   0x08003090   0x0000036c   Code   RO         1239    i.HAL_RCC_OscConfig  stm32f4xx_hal_rcc.o
    0x080033fc   0x080033fc   0x00000028   Code   RO         1981    i.HAL_SYSTICK_Config  stm32f4xx_hal_cortex.o
    0x08003424   0x08003424   0x00000002   Code   RO         3064    i.HAL_TIMEx_BreakCallback  stm32f4xx_hal_tim_ex.o
    0x08003426   0x08003426   0x00000002   Code   RO         3065    i.HAL_TIMEx_CommutCallback  stm32f4xx_hal_tim_ex.o
    0x08003428   0x08003428   0x00000054   Code   RO         3067    i.HAL_TIMEx_ConfigBreakDeadTime  stm32f4xx_hal_tim_ex.o
    0x0800347c   0x0800347c   0x00000090   Code   RO         3083    i.HAL_TIMEx_MasterConfigSynchronization  stm32f4xx_hal_tim_ex.o
    0x0800350c   0x0800350c   0x0000005a   Code   RO         2360    i.HAL_TIM_Base_Init  stm32f4xx_hal_tim.o
    0x08003566   0x08003566   0x00000002   PAD
    0x08003568   0x08003568   0x000000f8   Code   RO          389    i.HAL_TIM_Base_MspInit  tim.o
    0x08003660   0x08003660   0x00000080   Code   RO         2365    i.HAL_TIM_Base_Start_IT  stm32f4xx_hal_tim.o
    0x080036e0   0x080036e0   0x000000dc   Code   RO         2369    i.HAL_TIM_ConfigClockSource  stm32f4xx_hal_tim.o
    0x080037bc   0x080037bc   0x000000a4   Code   RO         2381    i.HAL_TIM_Encoder_Init  stm32f4xx_hal_tim.o
    0x08003860   0x08003860   0x000000a4   Code   RO          391    i.HAL_TIM_Encoder_MspInit  tim.o
    0x08003904   0x08003904   0x0000008e   Code   RO         2384    i.HAL_TIM_Encoder_Start  stm32f4xx_hal_tim.o
    0x08003992   0x08003992   0x00000002   Code   RO         2394    i.HAL_TIM_IC_CaptureCallback  stm32f4xx_hal_tim.o
    0x08003994   0x08003994   0x00000166   Code   RO         2408    i.HAL_TIM_IRQHandler  stm32f4xx_hal_tim.o
    0x08003afa   0x08003afa   0x00000002   PAD
    0x08003afc   0x08003afc   0x0000010c   Code   RO          392    i.HAL_TIM_MspPostInit  tim.o
    0x08003c08   0x08003c08   0x00000052   Code   RO         2409    i.HAL_TIM_OC_ConfigChannel  stm32f4xx_hal_tim.o
    0x08003c5a   0x08003c5a   0x00000002   Code   RO         2411    i.HAL_TIM_OC_DelayElapsedCallback  stm32f4xx_hal_tim.o
    0x08003c5c   0x08003c5c   0x0000005a   Code   RO         2413    i.HAL_TIM_OC_Init   stm32f4xx_hal_tim.o
    0x08003cb6   0x08003cb6   0x00000002   Code   RO         2415    i.HAL_TIM_OC_MspInit  stm32f4xx_hal_tim.o
    0x08003cb8   0x08003cb8   0x000000cc   Code   RO         2432    i.HAL_TIM_PWM_ConfigChannel  stm32f4xx_hal_tim.o
    0x08003d84   0x08003d84   0x0000005a   Code   RO         2435    i.HAL_TIM_PWM_Init  stm32f4xx_hal_tim.o
    0x08003dde   0x08003dde   0x00000002   Code   RO         2437    i.HAL_TIM_PWM_MspInit  stm32f4xx_hal_tim.o
    0x08003de0   0x08003de0   0x00000002   Code   RO         2438    i.HAL_TIM_PWM_PulseFinishedCallback  stm32f4xx_hal_tim.o
    0x08003de2   0x08003de2   0x00000002   PAD
    0x08003de4   0x08003de4   0x000000c8   Code   RO         2440    i.HAL_TIM_PWM_Start  stm32f4xx_hal_tim.o
    0x08003eac   0x08003eac   0x000000f4   Code   RO         2442    i.HAL_TIM_PWM_Start_IT  stm32f4xx_hal_tim.o
    0x08003fa0   0x08003fa0   0x000000bc   Code   RO         2445    i.HAL_TIM_PWM_Stop_IT  stm32f4xx_hal_tim.o
    0x0800405c   0x0800405c   0x00000018   Code   RO         3836    i.HAL_TIM_PeriodElapsedCallback  control.o
    0x08004074   0x08004074   0x00000002   Code   RO         2451    i.HAL_TIM_TriggerCallback  stm32f4xx_hal_tim.o
    0x08004076   0x08004076   0x00000002   Code   RO         3342    i.HAL_UARTEx_RxEventCallback  stm32f4xx_hal_uart.o
    0x08004078   0x08004078   0x00000002   Code   RO         3356    i.HAL_UART_ErrorCallback  stm32f4xx_hal_uart.o
    0x0800407a   0x0800407a   0x00000002   PAD
    0x0800407c   0x0800407c   0x00000268   Code   RO         3359    i.HAL_UART_IRQHandler  stm32f4xx_hal_uart.o
    0x080042e4   0x080042e4   0x00000062   Code   RO         3360    i.HAL_UART_Init     stm32f4xx_hal_uart.o
    0x08004346   0x08004346   0x00000002   PAD
    0x08004348   0x08004348   0x000003b0   Code   RO          502    i.HAL_UART_MspInit  usart.o
    0x080046f8   0x080046f8   0x0000002a   Code   RO         3365    i.HAL_UART_Receive_IT  stm32f4xx_hal_uart.o
    0x08004722   0x08004722   0x00000002   PAD
    0x08004724   0x08004724   0x00000090   Code   RO         3958    i.HAL_UART_RxCpltCallback  my_uart.o
    0x080047b4   0x080047b4   0x0000008c   Code   RO         3369    i.HAL_UART_Transmit_DMA  stm32f4xx_hal_uart.o
    0x08004840   0x08004840   0x00000002   Code   RO         3371    i.HAL_UART_TxCpltCallback  stm32f4xx_hal_uart.o
    0x08004842   0x08004842   0x00000002   Code   RO         3372    i.HAL_UART_TxHalfCpltCallback  stm32f4xx_hal_uart.o
    0x08004844   0x08004844   0x00000002   Code   RO          586    i.HardFault_Handler  stm32f4xx_it.o
    0x08004846   0x08004846   0x00000002   PAD
    0x08004848   0x08004848   0x000000f8   Code   RO         4032    i.Increase_pid_realize  pid.o
    0x08004940   0x08004940   0x00000022   Code   RO         3916    i.Limit             motor.o
    0x08004962   0x08004962   0x00000002   PAD
    0x08004964   0x08004964   0x000000a0   Code   RO         4034    i.Limit_Amplitude   pid.o
    0x08004a04   0x08004a04   0x000000ac   Code   RO          315    i.MX_DMA_Init       dma.o
    0x08004ab0   0x08004ab0   0x00000190   Code   RO          291    i.MX_GPIO_Init      gpio.o
    0x08004c40   0x08004c40   0x00000040   Code   RO          341    i.MX_I2C1_Init      i2c.o
    0x08004c80   0x08004c80   0x00000040   Code   RO          342    i.MX_I2C2_Init      i2c.o
    0x08004cc0   0x08004cc0   0x00000094   Code   RO          393    i.MX_TIM12_Init     tim.o
    0x08004d54   0x08004d54   0x000000dc   Code   RO          394    i.MX_TIM1_Init      tim.o
    0x08004e30   0x08004e30   0x00000074   Code   RO          395    i.MX_TIM3_Init      tim.o
    0x08004ea4   0x08004ea4   0x00000070   Code   RO          396    i.MX_TIM4_Init      tim.o
    0x08004f14   0x08004f14   0x000000cc   Code   RO          397    i.MX_TIM5_Init      tim.o
    0x08004fe0   0x08004fe0   0x00000044   Code   RO          398    i.MX_TIM6_Init      tim.o
    0x08005024   0x08005024   0x00000044   Code   RO          399    i.MX_TIM7_Init      tim.o
    0x08005068   0x08005068   0x000000fc   Code   RO          400    i.MX_TIM8_Init      tim.o
    0x08005164   0x08005164   0x00000094   Code   RO          401    i.MX_TIM9_Init      tim.o
    0x080051f8   0x080051f8   0x00000038   Code   RO          503    i.MX_UART4_Init     usart.o
    0x08005230   0x08005230   0x00000038   Code   RO          504    i.MX_UART5_Init     usart.o
    0x08005268   0x08005268   0x00000038   Code   RO          505    i.MX_USART1_UART_Init  usart.o
    0x080052a0   0x080052a0   0x00000038   Code   RO          506    i.MX_USART2_UART_Init  usart.o
    0x080052d8   0x080052d8   0x00000038   Code   RO          507    i.MX_USART3_UART_Init  usart.o
    0x08005310   0x08005310   0x00000002   Code   RO          587    i.MemManage_Handler  stm32f4xx_it.o
    0x08005312   0x08005312   0x00000002   PAD
    0x08005314   0x08005314   0x0000004c   Code   RO         3730    i.MotorDrive        act_motor.o
    0x08005360   0x08005360   0x00000006   Code   RO          588    i.NMI_Handler       stm32f4xx_it.o
    0x08005366   0x08005366   0x00000002   PAD
    0x08005368   0x08005368   0x00000084   Code   RO         4035    i.PID_Calculate_Updata  pid.o
    0x080053ec   0x080053ec   0x0000004c   Code   RO         4036    i.PID_JudgeStatus   pid.o
    0x08005438   0x08005438   0x000000c8   Code   RO         4037    i.PID_Param_Updata  pid.o
    0x08005500   0x08005500   0x0000003c   Code   RO         4038    i.PID_Struct_Init   pid.o
    0x0800553c   0x0800553c   0x0000007c   Code   RO         4039    i.PID_param_init    pid.o
    0x080055b8   0x080055b8   0x00000002   Code   RO          589    i.PendSV_Handler    stm32f4xx_it.o
    0x080055ba   0x080055ba   0x00000002   PAD
    0x080055bc   0x080055bc   0x00000064   Code   RO         3959    i.Raspberry_ChangeMode  my_uart.o
    0x08005620   0x08005620   0x00000070   Code   RO         3960    i.RxDataClear       my_uart.o
    0x08005690   0x08005690   0x00000002   Code   RO          590    i.SVC_Handler       stm32f4xx_it.o
    0x08005692   0x08005692   0x00000002   PAD
    0x08005694   0x08005694   0x00000014   Code   RO         3961    i.ScanCode          my_uart.o
    0x080056a8   0x080056a8   0x00000030   Code   RO         4253    i.ServoClaw         servo.o
    0x080056d8   0x080056d8   0x00000028   Code   RO         4254    i.ServoTurn         servo.o
    0x08005700   0x08005700   0x0000003c   Code   RO         4255    i.Servo_Init        servo.o
    0x0800573c   0x0800573c   0x00000114   Code   RO         3918    i.Set_Pwm           motor.o
    0x08005850   0x08005850   0x0000000a   Code   RO         4182    i.StepArm_TaskTest  robtask.o
    0x0800585a   0x0800585a   0x00000002   PAD
    0x0800585c   0x0800585c   0x000000c0   Code   RO         4186    i.StepArm_Task_ScanCode  robtask.o
    0x0800591c   0x0800591c   0x00000054   Code   RO         4296    i.StepMotor_CallBack_TIM5  stepmotor.o
    0x08005970   0x08005970   0x00000124   Code   RO         4297    i.StepMotor_Drive   stepmotor.o
    0x08005a94   0x08005a94   0x00000084   Code   RO         4299    i.StepMotor_Init    stepmotor.o
    0x08005b18   0x08005b18   0x00000020   Code   RO         4300    i.StepMotor_Isover  stepmotor.o
    0x08005b38   0x08005b38   0x000000e0   Code   RO         4302    i.StepMotor_Set_AnglePulse  stepmotor.o
    0x08005c18   0x08005c18   0x0000002c   Code   RO         4303    i.StepMotor_Set_Speed  stepmotor.o
    0x08005c44   0x08005c44   0x0000009c   Code   RO         4304    i.StepMotor_Set_TarPulse  stepmotor.o
    0x08005ce0   0x08005ce0   0x000000e8   Code   RO         4305    i.StepMotor_UpdataPulse  stepmotor.o
    0x08005dc8   0x08005dc8   0x00000004   Code   RO          591    i.SysTick_Handler   stm32f4xx_it.o
    0x08005dcc   0x08005dcc   0x00000094   Code   RO           98    i.SystemClock_Config  main.o
    0x08005e60   0x08005e60   0x00000010   Code   RO         3689    i.SystemInit        system_stm32f4xx.o
    0x08005e70   0x08005e70   0x0000000c   Code   RO          592    i.TIM5_IRQHandler   stm32f4xx_it.o
    0x08005e7c   0x08005e7c   0x0000000c   Code   RO          593    i.TIM6_DAC_IRQHandler  stm32f4xx_it.o
    0x08005e88   0x08005e88   0x0000000c   Code   RO          594    i.TIM7_IRQHandler   stm32f4xx_it.o
    0x08005e94   0x08005e94   0x000000c8   Code   RO         2453    i.TIM_Base_SetConfig  stm32f4xx_hal_tim.o
    0x08005f5c   0x08005f5c   0x0000001a   Code   RO         2454    i.TIM_CCxChannelCmd  stm32f4xx_hal_tim.o
    0x08005f76   0x08005f76   0x00000014   Code   RO         2464    i.TIM_ETR_SetConfig  stm32f4xx_hal_tim.o
    0x08005f8a   0x08005f8a   0x00000010   Code   RO         2465    i.TIM_ITRx_SetConfig  stm32f4xx_hal_tim.o
    0x08005f9a   0x08005f9a   0x00000002   PAD
    0x08005f9c   0x08005f9c   0x00000060   Code   RO         2466    i.TIM_OC1_SetConfig  stm32f4xx_hal_tim.o
    0x08005ffc   0x08005ffc   0x0000006c   Code   RO         2467    i.TIM_OC2_SetConfig  stm32f4xx_hal_tim.o
    0x08006068   0x08006068   0x00000068   Code   RO         2468    i.TIM_OC3_SetConfig  stm32f4xx_hal_tim.o
    0x080060d0   0x080060d0   0x00000050   Code   RO         2469    i.TIM_OC4_SetConfig  stm32f4xx_hal_tim.o
    0x08006120   0x08006120   0x00000022   Code   RO         2471    i.TIM_TI1_ConfigInputStage  stm32f4xx_hal_tim.o
    0x08006142   0x08006142   0x00000024   Code   RO         2473    i.TIM_TI2_ConfigInputStage  stm32f4xx_hal_tim.o
    0x08006166   0x08006166   0x00000002   PAD
    0x08006168   0x08006168   0x000004d4   Code   RO         3838    i.Top_Action_Select_CallBack_TIM7  control.o
    0x0800663c   0x0800663c   0x00000100   Code   RO         4040    i.Top_PID_Control_CallBack_TIM6  pid.o
    0x0800673c   0x0800673c   0x0000000c   Code   RO          595    i.UART4_IRQHandler  stm32f4xx_it.o
    0x08006748   0x08006748   0x0000000c   Code   RO          596    i.UART5_IRQHandler  stm32f4xx_it.o
    0x08006754   0x08006754   0x00000010   Code   RO         3373    i.UART_DMAAbortOnError  stm32f4xx_hal_uart.o
    0x08006764   0x08006764   0x0000004a   Code   RO         3374    i.UART_DMAError     stm32f4xx_hal_uart.o
    0x080067ae   0x080067ae   0x00000042   Code   RO         3379    i.UART_DMATransmitCplt  stm32f4xx_hal_uart.o
    0x080067f0   0x080067f0   0x0000000a   Code   RO         3381    i.UART_DMATxHalfCplt  stm32f4xx_hal_uart.o
    0x080067fa   0x080067fa   0x0000004e   Code   RO         3383    i.UART_EndRxTransfer  stm32f4xx_hal_uart.o
    0x08006848   0x08006848   0x0000001c   Code   RO         3384    i.UART_EndTxTransfer  stm32f4xx_hal_uart.o
    0x08006864   0x08006864   0x000000c0   Code   RO         3385    i.UART_Receive_IT   stm32f4xx_hal_uart.o
    0x08006924   0x08006924   0x0000010c   Code   RO         3386    i.UART_SetConfig    stm32f4xx_hal_uart.o
    0x08006a30   0x08006a30   0x0000003a   Code   RO         3388    i.UART_Start_Receive_IT  stm32f4xx_hal_uart.o
    0x08006a6a   0x08006a6a   0x00000002   PAD
    0x08006a6c   0x08006a6c   0x0000000c   Code   RO          597    i.USART2_IRQHandler  stm32f4xx_it.o
    0x08006a78   0x08006a78   0x0000000c   Code   RO          598    i.USART3_IRQHandler  stm32f4xx_it.o
    0x08006a84   0x08006a84   0x00000002   Code   RO          599    i.UsageFault_Handler  stm32f4xx_it.o
    0x08006a86   0x08006a86   0x00000020   Code   RO         1983    i.__NVIC_SetPriority  stm32f4xx_hal_cortex.o
    0x08006aa6   0x08006aa6   0x00000002   PAD
    0x08006aa8   0x08006aa8   0x00000030   Code   RO           14    i.__armlib_thread_safety_init  armlib_lock_glue.o
    0x08006ad8   0x08006ad8   0x000000f8   Code   RO         4712    i.__hardfp___mathlib_tofloat  m_wm.l(narrow.o)
    0x08006bd0   0x08006bd0   0x000000d0   Code   RO         4782    i.__hardfp_ldexp    m_wm.l(ldexp.o)
    0x08006ca0   0x08006ca0   0x00000020   Code   RO         4600    i.__mathlib_dbl_overflow  m_wm.l(dunder.o)
    0x08006cc0   0x08006cc0   0x00000020   Code   RO         4602    i.__mathlib_dbl_underflow  m_wm.l(dunder.o)
    0x08006ce0   0x08006ce0   0x00000012   Code   RO         4713    i.__mathlib_narrow  m_wm.l(narrow.o)
    0x08006cf2   0x08006cf2   0x00000014   Code   RO         4784    i.__support_ldexp   m_wm.l(ldexp.o)
    0x08006d06   0x08006d06   0x0000000e   Code   RO         4412    i._is_digit         c_w.l(__printf_wp.o)
    0x08006d14   0x08006d14   0x00000038   Code   RO           15    i._mutex_acquire    armlib_lock_glue.o
    0x08006d4c   0x08006d4c   0x00000038   Code   RO           16    i._mutex_free       armlib_lock_glue.o
    0x08006d84   0x08006d84   0x0000005c   Code   RO           17    i._mutex_initialize  armlib_lock_glue.o
    0x08006de0   0x08006de0   0x00000038   Code   RO           18    i._mutex_release    armlib_lock_glue.o
    0x08006e18   0x08006e18   0x00000002   Code   RO         4122    i._sys_exit         printf_.o
    0x08006e1a   0x08006e1a   0x00000006   Code   RO         4124    i.ferror            printf_.o
    0x08006e20   0x08006e20   0x00000014   Code   RO         4126    i.fputc             printf_.o
    0x08006e34   0x08006e34   0x00000004   PAD
    0x08006e38   0x08006e38   0x0000008c   Code   RO         4755    i.frexp             m_wm.l(frexp.o)
    0x08006ec4   0x08006ec4   0x00000080   Code   RO         4041    i.location_pid_realize  pid.o
    0x08006f44   0x08006f44   0x000000f0   Code   RO           99    i.main              main.o
    0x08007034   0x08007034   0x00000134   Code   RO         3962    i.my_USART2_GetBuffer  my_uart.o
    0x08007168   0x08007168   0x000000a0   Code   RO         3963    i.my_USART3_GetBuffer  my_uart.o
    0x08007208   0x08007208   0x00000038   Code   RO           19    i.stm32_lock_acquire  armlib_lock_glue.o
    0x08007240   0x08007240   0x0000002c   Code   RO           20    i.stm32_lock_release  armlib_lock_glue.o
    0x0800726c   0x0800726c   0x0000002c   Code   RO         4686    locale$$code        c_w.l(lc_numeric_c.o)
    0x08007298   0x08007298   0x0000002c   Code   RO         4772    locale$$code        c_w.l(lc_ctype_c.o)
    0x080072c4   0x080072c4   0x00000062   Code   RO         4441    x$fpl$d2f           fz_wm.l(d2f.o)
    0x08007326   0x08007326   0x00000002   PAD
    0x08007328   0x08007328   0x00000150   Code   RO         4443    x$fpl$dadd          fz_wm.l(daddsub_clz.o)
    0x08007478   0x08007478   0x00000010   Code   RO         4820    x$fpl$dcheck1       fz_wm.l(dcheck1.o)
    0x08007488   0x08007488   0x00000018   Code   RO         4580    x$fpl$dcmpinf       fz_wm.l(dcmpi.o)
    0x080074a0   0x080074a0   0x000002b0   Code   RO         4450    x$fpl$ddiv          fz_wm.l(ddiv.o)
    0x08007750   0x08007750   0x00000078   Code   RO         4751    x$fpl$deqf          fz_wm.l(deqf.o)
    0x080077c8   0x080077c8   0x0000005e   Code   RO         4453    x$fpl$dfix          fz_wm.l(dfix.o)
    0x08007826   0x08007826   0x0000002e   Code   RO         4458    x$fpl$dflt          fz_wm.l(dflt_clz.o)
    0x08007854   0x08007854   0x00000078   Code   RO         4463    x$fpl$dleqf         fz_wm.l(dleqf.o)
    0x080078cc   0x080078cc   0x00000154   Code   RO         4465    x$fpl$dmul          fz_wm.l(dmul.o)
    0x08007a20   0x08007a20   0x0000009c   Code   RO         4582    x$fpl$dnaninf       fz_wm.l(dnaninf.o)
    0x08007abc   0x08007abc   0x0000000c   Code   RO         4584    x$fpl$dretinf       fz_wm.l(dretinf.o)
    0x08007ac8   0x08007ac8   0x0000006c   Code   RO         4467    x$fpl$drleqf        fz_wm.l(drleqf.o)
    0x08007b34   0x08007b34   0x000001d4   Code   RO         4445    x$fpl$dsub          fz_wm.l(daddsub_clz.o)
    0x08007d08   0x08007d08   0x00000056   Code   RO         4469    x$fpl$f2d           fz_wm.l(f2d.o)
    0x08007d5e   0x08007d5e   0x0000008c   Code   RO         4588    x$fpl$fnaninf       fz_wm.l(fnaninf.o)
    0x08007dea   0x08007dea   0x0000000a   Code   RO         4694    x$fpl$fpinit        fz_wm.l(fpinit.o)
    0x08007df4   0x08007df4   0x0000000a   Code   RO         4590    x$fpl$fretinf       fz_wm.l(fretinf.o)
    0x08007dfe   0x08007dfe   0x00000006   Code   RO         4696    x$fpl$ieeestatus    fz_wm.l(istatus.o)
    0x08007e04   0x08007e04   0x00000064   Code   RO         4854    x$fpl$retnan        fz_wm.l(retnan.o)
    0x08007e68   0x08007e68   0x0000005c   Code   RO         4812    x$fpl$scalbn        fz_wm.l(scalbn.o)
    0x08007ec4   0x08007ec4   0x00000004   Code   RO         4473    x$fpl$scanf1        fz_wm.l(scanf1.o)
    0x08007ec8   0x08007ec8   0x00000008   Code   RO         4698    x$fpl$scanf2        fz_wm.l(scanf2.o)
    0x08007ed0   0x08007ed0   0x00000030   Code   RO         4856    x$fpl$trapveneer    fz_wm.l(trapv.o)
    0x08007f00   0x08007f00   0x00000000   Code   RO         4592    x$fpl$usenofp       fz_wm.l(usenofp.o)
    0x08007f00   0x08007f00   0x00000008   Data   RO         1700    .constdata          stm32f4xx_hal_dma.o
    0x08007f08   0x08007f08   0x00000010   Data   RO         3690    .constdata          system_stm32f4xx.o
    0x08007f18   0x08007f18   0x00000008   Data   RO         3691    .constdata          system_stm32f4xx.o
    0x08007f20   0x08007f20   0x00000011   Data   RO         3968    .constdata          my_uart.o
    0x08007f31   0x08007f31   0x00000003   PAD
    0x08007f34   0x08007f34   0x00000094   Data   RO         4661    .constdata          c_w.l(bigflt0.o)
    0x08007fc8   0x08007fc8   0x00000020   Data   RO         4858    Region$$Table       anon$$obj.o
    0x08007fe8   0x08007fe8   0x00000008   Data   RO         4690    c$$dinf             fz_wm.l(fpconst.o)
    0x08007ff0   0x08007ff0   0x00000008   Data   RO         4693    c$$dmax             fz_wm.l(fpconst.o)
    0x08007ff8   0x08007ff8   0x0000001c   Data   RO         4685    locale$$data        c_w.l(lc_numeric_c.o)
    0x08008014   0x08008014   0x00000110   Data   RO         4771    locale$$data        c_w.l(lc_ctype_c.o)
    0x08008124   0x08008124   0x00000004   Data   RO           23    .init_array         armlib_lock_glue.o
    0x08008128   0x08008124   0x00000000   Data   RO         4436    .init_array         c_w.l(init_aeabi.o)


    Execution Region RW_IRAM1 (Exec base: 0x20000000, Load base: 0x08008128, Size: 0x00001190, Max: 0x0001c000, ABSOLUTE)

    Exec Addr    Load Addr    Size         Type   Attr      Idx    E Section Name        Object

    0x20000000   0x08008128   0x00000002   Data   RW           22    .data               armlib_lock_glue.o
    0x20000002   0x0800812a   0x00000002   PAD
    0x20000004   0x0800812c   0x0000000c   Data   RW         2127    .data               stm32f4xx_hal.o
    0x20000010   0x08008138   0x00000004   Data   RW         3692    .data               system_stm32f4xx.o
    0x20000014   0x0800813c   0x0000004f   Data   RW         3785    .data               ano.o
    0x20000063   0x0800818b   0x00000001   PAD
    0x20000064   0x0800818c   0x00000004   Data   RW         3839    .data               control.o
    0x20000068   0x08008190   0x00000004   Data   RW         3842    .data               control.o
    0x2000006c   0x08008194   0x00000004   Data   RW         3843    .data               control.o
    0x20000070   0x08008198   0x00000004   Data   RW         3886    .data               key.o
    0x20000074   0x0800819c   0x00000009   Data   RW         3969    .data               my_uart.o
    0x2000007d   0x080081a5   0x00000003   PAD
    0x20000080   0x080081a8   0x00000034   Data   RW         4043    .data               pid.o
    0x200000b4   0x080081dc   0x00000004   Data   RW         4127    .data               printf_.o
    0x200000b8        -       0x00000018   Zero   RW           21    .bss                armlib_lock_glue.o
    0x200000d0        -       0x000000a8   Zero   RW          343    .bss                i2c.o
    0x20000178        -       0x00000288   Zero   RW          402    .bss                tim.o
    0x20000400        -       0x00000454   Zero   RW          508    .bss                usart.o
    0x20000854        -       0x00000020   Zero   RW         3784    .bss                ano.o
    0x20000874        -       0x00000164   Zero   RW         3964    .bss                my_uart.o
    0x200009d8        -       0x00000104   Zero   RW         4042    .bss                pid.o
    0x20000adc        -       0x00000054   Zero   RW         4306    .bss                stepmotor.o
    0x20000b30        -       0x00000060   Zero   RW         4721    .bss                c_w.l(libspace.o)
    0x20000b90        -       0x00000200   Zero   RW            2    HEAP                startup_stm32f407xx.o
    0x20000d90        -       0x00000400   Zero   RW            1    STACK               startup_stm32f407xx.o


    Execution Region RW_IRAM2 (Exec base: 0x2001c000, Load base: 0x080081e0, Size: 0x00000000, Max: 0x00004000, ABSOLUTE)

    **** No section assigned to this execution region ****


==============================================================================

Image component sizes


      Code (inc. data)   RO Data    RW Data    ZI Data      Debug   Object Name

       228         44          0          0          0       1471   act_motor.o
       548         46          0         79         32       3776   ano.o
       408         34          4          2         24      15610   armlib_lock_glue.o
      1260        138          0         12          0       3268   control.o
       172          4          0          0          0        870   dma.o
       400         26          0          0          0       1183   gpio.o
       300         46          0          0        168       2378   i2c.o
       116         40          0          4          0        930   key.o
       392         28          0          0          0     696468   main.o
       418         44          0          0          0       2071   motor.o
       964        190         17          9        356       6869   my_uart.o
      1704        194          0         52        260       8978   pid.o
        28          6          0          4          0       3239   printf_.o
       202         14          0          0          0       1143   robtask.o
       148         22          0          0          0       1537   servo.o
        64         26        392          0       1536        844   startup_stm32f407xx.o
      1196         86          0          0         84       8357   stepmotor.o
       180         28          0         12          0       9421   stm32f4xx_hal.o
       198         14          0          0          0      33991   stm32f4xx_hal_cortex.o
      1090         16          8          0          0       7957   stm32f4xx_hal_dma.o
       540         52          0          0          0       3490   stm32f4xx_hal_gpio.o
       392         16          0          0          0       3119   stm32f4xx_hal_i2c.o
        52          4          0          0          0        870   stm32f4xx_hal_msp.o
      1386         80          0          0          0       6903   stm32f4xx_hal_rcc.o
      2932        174          0          0          0      22904   stm32f4xx_hal_tim.o
       232         28          0          0          0       3289   stm32f4xx_hal_tim_ex.o
      1694         30          0          0          0      13158   stm32f4xx_hal_uart.o
       216         90          0          0          0      12264   stm32f4xx_it.o
        16          4         24          4          0       1135   system_stm32f4xx.o
      2016        176          0          0        648       9344   tim.o
      1224         98          0          0       1108       5320   usart.o

    ----------------------------------------------------------------------
     20764       1802        480        184       4216     892157   Object Totals
         0          0         32          0          0          0   (incl. Generated)
        48          4          3          6          0          0   (incl. Padding)

    ----------------------------------------------------------------------

      Code (inc. data)   RO Data    RW Data    ZI Data      Debug   Library Member Name

        60          8          0          0          0         84   __0sscanf.o
         8          0          0          0          0         68   __main.o
       284          0          0          0          0        156   __printf_wp.o
         0          0          0          0          0          0   __rtentry.o
        12          0          0          0          0          0   __rtentry2.o
         6          0          0          0          0          0   __rtentry4.o
        52          8          0          0          0          0   __scatter.o
        26          0          0          0          0          0   __scatter_copy.o
        28          0          0          0          0          0   __scatter_zi.o
        28          0          0          0          0         68   _chval.o
        48          6          0          0          0         96   _printf_char_common.o
        36          4          0          0          0         80   _printf_char_file.o
         6          0          0          0          0          0   _printf_d.o
       120         16          0          0          0         92   _printf_dec.o
       178          0          0          0          0         88   _printf_intcommon.o
         0          0          0          0          0          0   _printf_percent.o
         4          0          0          0          0          0   _printf_percent_end.o
        22          0          0          0          0        100   _rserrno.o
       884          4          0          0          0        100   _scanf.o
       224          0          0          0          0         96   _scanf_str.o
        64          0          0          0          0         84   _sgetc.o
       228          4        148          0          0         96   bigflt0.o
      1924        136          0          0          0        756   btod.o
        18          0          0          0          0         80   exit.o
         6          0          0          0          0        152   heapauxi.o
        36         10          0          0          0         80   init_aeabi.o
        18          0          0          0          0         76   isspace.o
        44         10        272          0          0         76   lc_ctype_c.o
        44         10         28          0          0         76   lc_numeric_c.o
         2          0          0          0          0          0   libinit.o
        38          0          0          0          0          0   libinit2.o
         2          0          0          0          0          0   libshutdown.o
         2          0          0          0          0          0   libshutdown2.o
         8          4          0          0         96         68   libspace.o
        38          0          0          0          0         68   llshl.o
       238          0          0          0          0        100   lludivv7m.o
        24          4          0          0          0         84   noretval__2printf.o
        16          4          0          0          0         76   rt_ctype_table.o
         8          4          0          0          0         68   rt_errno_addr_intlibspace.o
         8          4          0          0          0         68   rt_locale_intlibspace.o
        78          0          0          0          0         80   rt_memclr_w.o
         2          0          0          0          0          0   rtexit.o
        10          0          0          0          0          0   rtexit2.o
        44          8          0          0          0         84   scanf_char.o
      1272         16          0          0          0        168   scanf_fp.o
       800         14          0          0          0        100   scanf_hexfp.o
       308         16          0          0          0        100   scanf_infnan.o
       128          0          0          0          0         68   strcmpv7m.o
        74          0          0          0          0         80   sys_stackheap_outer.o
         2          0          0          0          0         68   use_no_semi.o
         2          0          0          0          0         68   use_no_semi_2.o
        98          4          0          0          0        140   d2f.o
       804         16          0          0          0        368   daddsub_clz.o
        16          4          0          0          0        116   dcheck1.o
        24          0          0          0          0        116   dcmpi.o
       688        140          0          0          0        256   ddiv.o
       120          4          0          0          0        140   deqf.o
        94          4          0          0          0        140   dfix.o
        46          0          0          0          0        116   dflt_clz.o
       120          4          0          0          0        140   dleqf.o
       340         12          0          0          0        152   dmul.o
       156          4          0          0          0        140   dnaninf.o
        12          0          0          0          0        116   dretinf.o
       108          0          0          0          0        128   drleqf.o
        86          4          0          0          0        132   f2d.o
       140          4          0          0          0        132   fnaninf.o
         0          0         16          0          0          0   fpconst.o
        10          0          0          0          0        116   fpinit.o
        10          0          0          0          0        116   fretinf.o
         6          0          0          0          0        116   istatus.o
       100          0          0          0          0        116   retnan.o
        92          0          0          0          0        116   scalbn.o
         4          0          0          0          0        116   scanf1.o
         8          0          0          0          0        132   scanf2.o
        48          0          0          0          0        116   trapv.o
         0          0          0          0          0          0   usenofp.o
        64         16          0          0          0        248   dunder.o
       140         22          0          0          0        132   frexp.o
       228          8          0          0          0        308   ldexp.o
       266         16          0          0          0        308   narrow.o

    ----------------------------------------------------------------------
     11356        554        464          0         96       8124   Library Totals
        16          2          0          0          0          0   (incl. Padding)

    ----------------------------------------------------------------------

      Code (inc. data)   RO Data    RW Data    ZI Data      Debug   Library Name

      7512        290        448          0         96       3852   c_w.l
      3130        200         16          0          0       3276   fz_wm.l
       698         62          0          0          0        996   m_wm.l

    ----------------------------------------------------------------------
     11356        554        464          0         96       8124   Library Totals

    ----------------------------------------------------------------------

==============================================================================


      Code (inc. data)   RO Data    RW Data    ZI Data      Debug   

     32120       2356        944        184       4312     877901   Grand Totals
     32120       2356        944        184       4312     877901   ELF Image Totals
     32120       2356        944        184          0          0   ROM Totals

==============================================================================

    Total RO  Size (Code + RO Data)                33064 (  32.29kB)
    Total RW  Size (RW Data + ZI Data)              4496 (   4.39kB)
    Total ROM Size (Code + RO Data + RW Data)      33248 (  32.47kB)

==============================================================================

