<html>
<body>
<pre>
<h1>�Vision Build Log</h1>
<h2>Tool Versions:</h2>
IDE-Version: ��Vision V5.36.0.0
Copyright (C) 2021 ARM Ltd and ARM Germany GmbH. All rights reserved.
License Information: 233 233, No, LIC=LSNXV-P2K7D-Z9ZG9-455ZW-8ZHPI-D4W5W
 
Tool Versions:
Toolchain:       MDK-ARM Plus  Version: 5.36.0.0
Toolchain Path:  D:\Daily Application\MDK_keil5\core_keil5\ARM\ARMCC\Bin
C Compiler:      Armcc.exe V5.06 update 7 (build 960)
Assembler:       Armasm.exe V5.06 update 7 (build 960)
Linker/Locator:  ArmLink.exe V5.06 update 7 (build 960)
Library Manager: ArmAr.exe V5.06 update 7 (build 960)
Hex Converter:   FromElf.exe V5.06 update 7 (build 960)
CPU DLL:         SARMCM3.DLL V5.36.0.0
Dialog DLL:      DCM.DLL V1.17.3.0
Target DLL:      STLink\ST-LINKIII-KEIL_SWO.dll V3.0.9.0
Dialog DLL:      TCM.DLL V1.53.0.0
 
<h2>Project:</h2>
J:\temporary_cache_files\STM32F407ZGT6\MDK-ARM\STM32F407ZGT6.uvprojx
Project File Date:  09/14/2023

<h2>Output:</h2>
*** Using Compiler 'V5.06 update 7 (build 960)', folder: 'D:\Daily Application\MDK_keil5\core_keil5\ARM\ARMCC\Bin'
Build target 'STM32F407ZGT6'
compiling StepMotor.c...
..\my\motor.h(37): warning:  #14-D: extra text after expected end of preprocessing directive
  #else if(Motor_REDUCE == 49) 
..\my\motor.h(37): warning:  #14-D: extra text after expected end of preprocessing directive
  #else if(Motor_REDUCE == 49) 
..\my\motor.h(83): warning:  #1295-D: Deprecated declaration Car_Drive_Init - give arg types
  void Car_Drive_Init();
..\my\PID.h(62): warning:  #1295-D: Deprecated declaration PID_JudgeStatus - give arg types
  unsigned char PID_JudgeStatus(); 
..\my\act_motor.h(50): warning:  #1295-D: Deprecated declaration CAR_TURN_Left - give arg types
  void CAR_TURN_Left();
..\my\logic.h(73): warning:  #1-D: last line of file ends without a newline
  #endif // _LOGIC_H_
..\my\StepMotor.h(260): warning:  #1-D: last line of file ends without a newline
  #endif // _STEPMOTOR_H_
..\my\Servo.h(22): warning:  #1295-D: Deprecated declaration Servo_Init - give arg types
  void Servo_Init();
..\my\Servo.h(25): warning:  #1-D: last line of file ends without a newline
  #endif // _SERVO_H_
..\my\control.h(23): warning:  #1295-D: Deprecated declaration Other_Actions - give arg types
  void Other_Actions();
..\my\my_uart.h(63): warning:  #1295-D: Deprecated declaration ScanCode - give arg types
  void ScanCode();
..\my\key.h(20): warning:  #1-D: last line of file ends without a newline
  #endif // _KEY_H_
..\my\StepMotor.h(185): warning:  #1295-D: Deprecated declaration Calculate_DisHorizon - give arg types
  float Calculate_DisHorizon();                             //计算水平距离
..\my\StepMotor.h(260): warning:  #1-D: last line of file ends without a newline
  #endif // _STEPMOTOR_H_
..\my\StepMotor.c(23): warning:  #1035-D: single-precision operand implicitly converted to double-precision
      float two_Point = sqrt(L2_1 * L2_1 + L1 * L1 - (2 * cos((180 - a)*Factor) * L2_1 * L1));
..\my\StepMotor.c(36): warning:  #1035-D: single-precision operand implicitly converted to double-precision
      float xie=sqrt(L1*L1+L3*L3-2*cos(a*Factor)*L1*L3);
..\my\StepMotor.c(40): warning:  #1035-D: single-precision operand implicitly converted to double-precision
      return (L1*sin(Motor_2.Pulse*Bu*Factor)+L2*sin(b*Factor));
..\my\StepMotor.c: 17 warnings, 0 errors
linking...
Program Size: Code=40072 RO-data=944 RW-data=108 ZI-data=4412  
FromELF: creating hex file...
"STM32F407ZGT6\STM32F407ZGT6.axf" - 0 Error(s), 17 Warning(s).

<h2>Software Packages used:</h2>

Package Vendor: ARM
                http://www.keil.com/pack/ARM.CMSIS.5.8.0.pack
                ARM.CMSIS.5.8.0
                CMSIS (Common Microcontroller Software Interface Standard)
   * Component: CORE Version: 5.5.0

Package Vendor: Keil
                http://www.keil.com/pack/Keil.STM32F4xx_DFP.2.16.0.pack
                Keil.STM32F4xx_DFP.2.16.0
                STMicroelectronics STM32F4 Series Device Support, Drivers and Examples

<h2>Collection of Component include folders:</h2>
  .\RTE\_STM32F407ZGT6
  D:\Daily Application\MDK_keil5\ARM\CMSIS\5.8.0\CMSIS\Core\Include
  D:\Daily Application\MDK_keil5\Keil\STM32F4xx_DFP\2.16.0\Drivers\CMSIS\Device\ST\STM32F4xx\Include

<h2>Collection of Component Files used:</h2>

   * Component: ARM::CMSIS:CORE:5.5.0
      Include file:  CMSIS\Core\Include\tz_context.h
Build Time Elapsed:  00:00:03
</pre>
</body>
</html>
