Component: ARM Compiler 5.06 update 7 (build 960) Tool: armlink [4d3601]

==============================================================================

Section Cross References

    startup_stm32f407xx.o(STACK) refers (Special) to heapauxi.o(.text) for __use_two_region_memory
    startup_stm32f407xx.o(HEAP) refers (Special) to heapauxi.o(.text) for __use_two_region_memory
    startup_stm32f407xx.o(RESET) refers (Special) to heapauxi.o(.text) for __use_two_region_memory
    startup_stm32f407xx.o(RESET) refers to startup_stm32f407xx.o(STACK) for __initial_sp
    startup_stm32f407xx.o(RESET) refers to startup_stm32f407xx.o(.text) for Reset_Handler
    startup_stm32f407xx.o(RESET) refers to stm32f4xx_it.o(i.NMI_Handler) for NMI_Handler
    startup_stm32f407xx.o(RESET) refers to stm32f4xx_it.o(i.HardFault_Handler) for HardFault_Handler
    startup_stm32f407xx.o(RESET) refers to stm32f4xx_it.o(i.MemManage_Handler) for MemManage_Handler
    startup_stm32f407xx.o(RESET) refers to stm32f4xx_it.o(i.BusFault_Handler) for BusFault_Handler
    startup_stm32f407xx.o(RESET) refers to stm32f4xx_it.o(i.UsageFault_Handler) for UsageFault_Handler
    startup_stm32f407xx.o(RESET) refers to stm32f4xx_it.o(i.SVC_Handler) for SVC_Handler
    startup_stm32f407xx.o(RESET) refers to stm32f4xx_it.o(i.DebugMon_Handler) for DebugMon_Handler
    startup_stm32f407xx.o(RESET) refers to stm32f4xx_it.o(i.PendSV_Handler) for PendSV_Handler
    startup_stm32f407xx.o(RESET) refers to stm32f4xx_it.o(i.SysTick_Handler) for SysTick_Handler
    startup_stm32f407xx.o(RESET) refers to stm32f4xx_it.o(i.EXTI3_IRQHandler) for EXTI3_IRQHandler
    startup_stm32f407xx.o(RESET) refers to stm32f4xx_it.o(i.EXTI4_IRQHandler) for EXTI4_IRQHandler
    startup_stm32f407xx.o(RESET) refers to stm32f4xx_it.o(i.DMA1_Stream1_IRQHandler) for DMA1_Stream1_IRQHandler
    startup_stm32f407xx.o(RESET) refers to stm32f4xx_it.o(i.DMA1_Stream2_IRQHandler) for DMA1_Stream2_IRQHandler
    startup_stm32f407xx.o(RESET) refers to stm32f4xx_it.o(i.DMA1_Stream3_IRQHandler) for DMA1_Stream3_IRQHandler
    startup_stm32f407xx.o(RESET) refers to stm32f4xx_it.o(i.DMA1_Stream4_IRQHandler) for DMA1_Stream4_IRQHandler
    startup_stm32f407xx.o(RESET) refers to stm32f4xx_it.o(i.DMA1_Stream5_IRQHandler) for DMA1_Stream5_IRQHandler
    startup_stm32f407xx.o(RESET) refers to stm32f4xx_it.o(i.DMA1_Stream6_IRQHandler) for DMA1_Stream6_IRQHandler
    startup_stm32f407xx.o(RESET) refers to stm32f4xx_it.o(i.USART1_IRQHandler) for USART1_IRQHandler
    startup_stm32f407xx.o(RESET) refers to stm32f4xx_it.o(i.USART2_IRQHandler) for USART2_IRQHandler
    startup_stm32f407xx.o(RESET) refers to stm32f4xx_it.o(i.USART3_IRQHandler) for USART3_IRQHandler
    startup_stm32f407xx.o(RESET) refers to stm32f4xx_it.o(i.TIM5_IRQHandler) for TIM5_IRQHandler
    startup_stm32f407xx.o(RESET) refers to stm32f4xx_it.o(i.UART4_IRQHandler) for UART4_IRQHandler
    startup_stm32f407xx.o(RESET) refers to stm32f4xx_it.o(i.UART5_IRQHandler) for UART5_IRQHandler
    startup_stm32f407xx.o(RESET) refers to stm32f4xx_it.o(i.TIM6_DAC_IRQHandler) for TIM6_DAC_IRQHandler
    startup_stm32f407xx.o(RESET) refers to stm32f4xx_it.o(i.TIM7_IRQHandler) for TIM7_IRQHandler
    startup_stm32f407xx.o(RESET) refers to stm32f4xx_it.o(i.DMA2_Stream2_IRQHandler) for DMA2_Stream2_IRQHandler
    startup_stm32f407xx.o(RESET) refers to stm32f4xx_it.o(i.DMA2_Stream7_IRQHandler) for DMA2_Stream7_IRQHandler
    startup_stm32f407xx.o(.text) refers (Special) to heapauxi.o(.text) for __use_two_region_memory
    startup_stm32f407xx.o(.text) refers to system_stm32f4xx.o(i.SystemInit) for SystemInit
    startup_stm32f407xx.o(.text) refers to __main.o(!!!main) for __main
    startup_stm32f407xx.o(.text) refers to startup_stm32f407xx.o(HEAP) for Heap_Mem
    startup_stm32f407xx.o(.text) refers to startup_stm32f407xx.o(STACK) for Stack_Mem
    armlib_lock_glue.o(i.__armlib_thread_safety_init) refers to armlib_lock_glue.o(i.stm32_lock_acquire) for stm32_lock_acquire
    armlib_lock_glue.o(i.__armlib_thread_safety_init) refers to armlib_lock_glue.o(i.stm32_lock_release) for stm32_lock_release
    armlib_lock_glue.o(i.__armlib_thread_safety_init) refers to armlib_lock_glue.o(.data) for .data
    armlib_lock_glue.o(i.__armlib_thread_safety_init) refers to armlib_lock_glue.o(.bss) for .bss
    armlib_lock_glue.o(i._mutex_acquire) refers to armlib_lock_glue.o(i.stm32_lock_acquire) for stm32_lock_acquire
    armlib_lock_glue.o(i._mutex_acquire) refers to main.o(i.Error_Handler) for Error_Handler
    armlib_lock_glue.o(i._mutex_acquire) refers to armlib_lock_glue.o(i.stm32_lock_release) for stm32_lock_release
    armlib_lock_glue.o(i._mutex_acquire) refers to armlib_lock_glue.o(.data) for .data
    armlib_lock_glue.o(i._mutex_free) refers to armlib_lock_glue.o(i.stm32_lock_acquire) for stm32_lock_acquire
    armlib_lock_glue.o(i._mutex_free) refers to main.o(i.Error_Handler) for Error_Handler
[...]
    _printf_post_padding                     0x080003d1   Thumb Code    34  _printf_pad.o(.text)
    _printf_int_dec                          0x080003f5   Thumb Code   104  _printf_dec.o(.text)
    __printf                                 0x0800046d   Thumb Code   270  __printf_wp.o(.text)
    __0sscanf                                0x0800057d   Thumb Code    52  __0sscanf.o(.text)
    _scanf_string                            0x080005b9   Thumb Code   224  _scanf_str.o(.text)
    __aeabi_memclr4                          0x08000699   Thumb Code     0  rt_memclr_w.o(.text)
    __aeabi_memclr8                          0x08000699   Thumb Code     0  rt_memclr_w.o(.text)
    __rt_memclr_w                            0x08000699   Thumb Code    78  rt_memclr_w.o(.text)
    _memset_w                                0x0800069d   Thumb Code     0  rt_memclr_w.o(.text)
    __use_two_region_memory                  0x080006e7   Thumb Code     2  heapauxi.o(.text)
    __rt_heap_escrow$2region                 0x080006e9   Thumb Code     2  heapauxi.o(.text)
    __rt_heap_expand$2region                 0x080006eb   Thumb Code     2  heapauxi.o(.text)
    __cpp_initialize__aeabi_                 0x080006ed   Thumb Code    26  init_aeabi.o(.text)
    __read_errno                             0x08000711   Thumb Code    10  _rserrno.o(.text)
    __set_errno                              0x0800071b   Thumb Code    12  _rserrno.o(.text)
    _printf_int_common                       0x08000727   Thumb Code   178  _printf_intcommon.o(.text)
    __lib_sel_fp_printf                      0x080007d9   Thumb Code     2  _printf_fp_dec.o(.text)
    _printf_fp_dec_real                      0x0800098b   Thumb Code   620  _printf_fp_dec.o(.text)
    _printf_char_file                        0x08000bf9   Thumb Code    32  _printf_char_file.o(.text)
    _scanf_really_real                       0x08000e69   Thumb Code   684  scanf_fp.o(.text)
    __vfscanf_char                           0x08001121   Thumb Code    24  scanf_char.o(.text)
    _sgetc                                   0x08001141   Thumb Code    30  _sgetc.o(.text)
    _sbackspace                              0x0800115f   Thumb Code    34  _sgetc.o(.text)
    __rt_locale                              0x08001181   Thumb Code     8  rt_locale_intlibspace.o(.text)
    __aeabi_errno_addr                       0x08001189   Thumb Code     8  rt_errno_addr_intlibspace.o(.text)
    __errno$intlibspace                      0x08001189   Thumb Code     0  rt_errno_addr_intlibspace.o(.text)
    __rt_errno_addr$intlibspace              0x08001189   Thumb Code     0  rt_errno_addr_intlibspace.o(.text)
    _ll_udiv10                               0x08001191   Thumb Code   138  lludiv10.o(.text)
    isspace                                  0x0800121b   Thumb Code    18  isspace.o(.text)
    _printf_char_common                      0x08001237   Thumb Code    32  _printf_char_common.o(.text)
    _printf_fp_infnan                        0x0800125d   Thumb Code   112  _printf_fp_infnan.o(.text)
    __vfscanf                                0x080012dd   Thumb Code   880  _scanf.o(.text)
    _btod_etento                             0x08001651   Thumb Code   224  bigflt0.o(.text)
    __user_libspace                          0x08001735   Thumb Code     8  libspace.o(.text)
    __user_perproc_libspace                  0x08001735   Thumb Code     0  libspace.o(.text)
    __user_perthread_libspace                0x08001735   Thumb Code     0  libspace.o(.text)
    __user_setup_stackheap                   0x0800173d   Thumb Code    74  sys_stackheap_outer.o(.text)
    __rt_ctype_table                         0x08001789   Thumb Code    16  rt_ctype_table.o(.text)
    _scanf_really_hex_real                   0x08001799   Thumb Code   786  scanf_hexfp.o(.text)
    _scanf_really_infnan                     0x08001ab9   Thumb Code   292  scanf_infnan.o(.text)
    exit                                     0x08001bed   Thumb Code    18  exit.o(.text)
    strcmp                                   0x08001c01   Thumb Code   128  strcmpv7m.o(.text)
    __aeabi_llsl                             0x08001c81   Thumb Code     0  llshl.o(.text)
    _ll_shift_l                              0x08001c81   Thumb Code    38  llshl.o(.text)
    _chval                                   0x08001ca7   Thumb Code    28  _chval.o(.text)
    _btod_d2e                                0x08001cc3   Thumb Code    62  btod.o(CL$$btod_d2e)
    _d2e_denorm_low                          0x08001d01   Thumb Code    70  btod.o(CL$$btod_d2e_denorm_low)
    _d2e_norm_op1                            0x08001d47   Thumb Code    96  btod.o(CL$$btod_d2e_norm_op1)
    __btod_div_common                        0x08001da7   Thumb Code   696  btod.o(CL$$btod_div_common)
    _e2d                                     0x080020e1   Thumb Code   122  btod.o(CL$$btod_e2d)
    _e2e                                     0x08002165   Thumb Code   220  btod.o(CL$$btod_e2e)
    _btod_ediv                               0x08002241   Thumb Code    42  btod.o(CL$$btod_ediv)
    _btod_edivd                              0x0800226b   Thumb Code    42  btod.o(CL$$btod_edivd)
    _btod_emul                               0x08002295   Thumb Code    42  btod.o(CL$$btod_emul)
    _btod_emuld                              0x080022bf   Thumb Code    42  btod.o(CL$$btod_emuld)
    __btod_mult_common                       0x080022e9   Thumb Code   580  btod.o(CL$$btod_mult_common)
    Angle_adjust                             0x0800252d   Thumb Code   190  pid.o(i.Angle_adjust)
    Ano_Anl                                  0x08002625   Thumb Code   202  ano.o(i.Ano_Anl)
    Ano_GetByte                              0x08002701   Thumb Code   132  ano.o(i.Ano_GetByte)
    Ano_SentCheck                            0x0800278d   Thumb Code    74  ano.o(i.Ano_SentCheck)
    Ano_SentPar                              0x080027e1   Thumb Code    94  ano.o(i.Ano_SentPar)
    BusFault_Handler                         0x08002849   Thumb Code     2  stm32f4xx_it.o(i.BusFault_Handler)
    CAR_RUN                                  0x0800284d   Thumb Code   130  act_motor.o(i.CAR_RUN)
    Car_Drive_Init                           0x080028e5   Thumb Code   116  main.o(i.Car_Drive_Init)
    Correspond_Init                          0x0800297d   Thumb Code    54  main.o(i.Correspond_Init)
    DMA1_Stream1_IRQHandler                  0x080029cd   Thumb Code     6  stm32f4xx_it.o(i.DMA1_Stream1_IRQHandler)
    DMA1_Stream2_IRQHandler                  0x080029d9   Thumb Code     6  stm32f4xx_it.o(i.DMA1_Stream2_IRQHandler)
    DMA1_Stream3_IRQHandler                  0x080029e5   Thumb Code     6  stm32f4xx_it.o(i.DMA1_Stream3_IRQHandler)
    DMA1_Stream4_IRQHandler                  0x080029f1   Thumb Code     6  stm32f4xx_it.o(i.DMA1_Stream4_IRQHandler)
    DMA1_Stream5_IRQHandler                  0x080029fd   Thumb Code     6  stm32f4xx_it.o(i.DMA1_Stream5_IRQHandler)
    DMA1_Stream6_IRQHandler                  0x08002a09   Thumb Code     6  stm32f4xx_it.o(i.DMA1_Stream6_IRQHandler)
    DMA2_Stream2_IRQHandler                  0x08002a15   Thumb Code     6  stm32f4xx_it.o(i.DMA2_Stream2_IRQHandler)
    DMA2_Stream7_IRQHandler                  0x08002a21   Thumb Code     6  stm32f4xx_it.o(i.DMA2_Stream7_IRQHandler)
    DebugMon_Handler                         0x08002ad1   Thumb Code     2  stm32f4xx_it.o(i.DebugMon_Handler)
    EXTI3_IRQHandler                         0x08002ad3   Thumb Code     6  stm32f4xx_it.o(i.EXTI3_IRQHandler)
    EXTI4_IRQHandler                         0x08002ad9   Thumb Code     6  stm32f4xx_it.o(i.EXTI4_IRQHandler)
    Error_Handler                            0x08002adf   Thumb Code     4  main.o(i.Error_Handler)
    HAL_DMA_Abort                            0x08002ae3   Thumb Code   146  stm32f4xx_hal_dma.o(i.HAL_DMA_Abort)
    HAL_DMA_Abort_IT                         0x08002b75   Thumb Code    36  stm32f4xx_hal_dma.o(i.HAL_DMA_Abort_IT)
    HAL_DMA_GetState                         0x08002b99   Thumb Code     6  stm32f4xx_hal_dma.o(i.HAL_DMA_GetState)
    HAL_DMA_IRQHandler                       0x08002ba1   Thumb Code   412  stm32f4xx_hal_dma.o(i.HAL_DMA_IRQHandler)
    HAL_DMA_Init                             0x08002d41   Thumb Code   206  stm32f4xx_hal_dma.o(i.HAL_DMA_Init)
    HAL_DMA_Start_IT                         0x08002e15   Thumb Code   110  stm32f4xx_hal_dma.o(i.HAL_DMA_Start_IT)
    HAL_Delay                                0x08002e85   Thumb Code    32  stm32f4xx_hal.o(i.HAL_Delay)
    HAL_GPIO_EXTI_Callback                   0x08002ea9   Thumb Code    80  key.o(i.HAL_GPIO_EXTI_Callback)
    HAL_GPIO_EXTI_IRQHandler                 0x08002f21   Thumb Code    18  stm32f4xx_hal_gpio.o(i.HAL_GPIO_EXTI_IRQHandler)
    HAL_GPIO_Init                            0x08002f39   Thumb Code   450  stm32f4xx_hal_gpio.o(i.HAL_GPIO_Init)
    HAL_GPIO_ReadPin                         0x08003129   Thumb Code    10  stm32f4xx_hal_gpio.o(i.HAL_GPIO_ReadPin)
    HAL_GPIO_WritePin                        0x08003133   Thumb Code    10  stm32f4xx_hal_gpio.o(i.HAL_GPIO_WritePin)
    HAL_GetTick                              0x0800313d   Thumb Code     6  stm32f4xx_hal.o(i.HAL_GetTick)
    HAL_I2C_Init                             0x08003149   Thumb Code   376  stm32f4xx_hal_i2c.o(i.HAL_I2C_Init)
    HAL_I2C_Mem_Write                        0x080032d1   Thumb Code   294  stm32f4xx_hal_i2c.o(i.HAL_I2C_Mem_Write)
    HAL_I2C_MspInit                          0x08003401   Thumb Code   144  i2c.o(i.HAL_I2C_MspInit)
    HAL_IncTick                              0x080034a5   Thumb Code    12  stm32f4xx_hal.o(i.HAL_IncTick)
    HAL_Init                                 0x080034b5   Thumb Code    48  stm32f4xx_hal.o(i.HAL_Init)
    HAL_InitTick                             0x080034e9   Thumb Code    54  stm32f4xx_hal.o(i.HAL_InitTick)
    HAL_MspInit                              0x08003529   Thumb Code    48  stm32f4xx_hal_msp.o(i.HAL_MspInit)
    HAL_NVIC_EnableIRQ                       0x0800355d   Thumb Code    26  stm32f4xx_hal_cortex.o(i.HAL_NVIC_EnableIRQ)
    HAL_NVIC_SetPriority                     0x08003579   Thumb Code    60  stm32f4xx_hal_cortex.o(i.HAL_NVIC_SetPriority)
    HAL_NVIC_SetPriorityGrouping             0x080035b9   Thumb Code    26  stm32f4xx_hal_cortex.o(i.HAL_NVIC_SetPriorityGrouping)
    HAL_RCC_CSSCallback                      0x080035dd   Thumb Code     2  stm32f4xx_hal_rcc.o(i.HAL_RCC_CSSCallback)
    HAL_RCC_ClockConfig                      0x080035e1   Thumb Code   288  stm32f4xx_hal_rcc.o(i.HAL_RCC_ClockConfig)
    HAL_RCC_EnableCSS                        0x08003715   Thumb Code     8  stm32f4xx_hal_rcc.o(i.HAL_RCC_EnableCSS)
    HAL_RCC_GetPCLK1Freq                     0x08003721   Thumb Code    20  stm32f4xx_hal_rcc.o(i.HAL_RCC_GetPCLK1Freq)
    HAL_RCC_GetPCLK2Freq                     0x08003741   Thumb Code    20  stm32f4xx_hal_rcc.o(i.HAL_RCC_GetPCLK2Freq)
    HAL_RCC_GetSysClockFreq                  0x08003761   Thumb Code    88  stm32f4xx_hal_rcc.o(i.HAL_RCC_GetSysClockFreq)
    HAL_RCC_NMI_IRQHandler                   0x080037c1   Thumb Code    24  stm32f4xx_hal_rcc.o(i.HAL_RCC_NMI_IRQHandler)
    HAL_RCC_OscConfig                        0x080037dd   Thumb Code   856  stm32f4xx_hal_rcc.o(i.HAL_RCC_OscConfig)
    HAL_SYSTICK_Config                       0x08003b49   Thumb Code    40  stm32f4xx_hal_cortex.o(i.HAL_SYSTICK_Config)
    HAL_TIMEx_BreakCallback                  0x08003b71   Thumb Code     2  stm32f4xx_hal_tim_ex.o(i.HAL_TIMEx_BreakCallback)
    HAL_TIMEx_CommutCallback                 0x08003b73   Thumb Code     2  stm32f4xx_hal_tim_ex.o(i.HAL_TIMEx_CommutCallback)
    HAL_TIMEx_ConfigBreakDeadTime            0x08003b75   Thumb Code    84  stm32f4xx_hal_tim_ex.o(i.HAL_TIMEx_ConfigBreakDeadTime)
    HAL_TIMEx_MasterConfigSynchronization    0x08003bc9   Thumb Code   116  stm32f4xx_hal_tim_ex.o(i.HAL_TIMEx_MasterConfigSynchronization)
    HAL_TIM_Base_Init                        0x08003c59   Thumb Code    90  stm32f4xx_hal_tim.o(i.HAL_TIM_Base_Init)
    HAL_TIM_Base_MspInit                     0x08003cb5   Thumb Code   192  tim.o(i.HAL_TIM_Base_MspInit)
    HAL_TIM_Base_Start_IT                    0x08003d91   Thumb Code   100  stm32f4xx_hal_tim.o(i.HAL_TIM_Base_Start_IT)
    HAL_TIM_ConfigClockSource                0x08003e11   Thumb Code   220  stm32f4xx_hal_tim.o(i.HAL_TIM_ConfigClockSource)
    HAL_TIM_Encoder_Init                     0x08003eed   Thumb Code   164  stm32f4xx_hal_tim.o(i.HAL_TIM_Encoder_Init)
    HAL_TIM_Encoder_MspInit                  0x08003f91   Thumb Code   142  tim.o(i.HAL_TIM_Encoder_MspInit)
    HAL_TIM_Encoder_Start                    0x08004035   Thumb Code   142  stm32f4xx_hal_tim.o(i.HAL_TIM_Encoder_Start)
    HAL_TIM_IC_CaptureCallback               0x080040c3   Thumb Code     2  stm32f4xx_hal_tim.o(i.HAL_TIM_IC_CaptureCallback)
    HAL_TIM_IRQHandler                       0x080040c5   Thumb Code   358  stm32f4xx_hal_tim.o(i.HAL_TIM_IRQHandler)
    HAL_TIM_MspPostInit                      0x0800422d   Thumb Code   192  tim.o(i.HAL_TIM_MspPostInit)
    HAL_TIM_OC_DelayElapsedCallback          0x0800430d   Thumb Code     2  stm32f4xx_hal_tim.o(i.HAL_TIM_OC_DelayElapsedCallback)
    HAL_TIM_PWM_ConfigChannel                0x0800430f   Thumb Code   204  stm32f4xx_hal_tim.o(i.HAL_TIM_PWM_ConfigChannel)
    HAL_TIM_PWM_Init                         0x080043db   Thumb Code    90  stm32f4xx_hal_tim.o(i.HAL_TIM_PWM_Init)
    HAL_TIM_PWM_MspInit                      0x08004435   Thumb Code     2  stm32f4xx_hal_tim.o(i.HAL_TIM_PWM_MspInit)
    HAL_TIM_PWM_PulseFinishedCallback        0x08004437   Thumb Code     2  stm32f4xx_hal_tim.o(i.HAL_TIM_PWM_PulseFinishedCallback)
    HAL_TIM_PWM_Start                        0x08004439   Thumb Code   172  stm32f4xx_hal_tim.o(i.HAL_TIM_PWM_Start)
    HAL_TIM_PWM_Start_IT                     0x08004501   Thumb Code   216  stm32f4xx_hal_tim.o(i.HAL_TIM_PWM_Start_IT)
    HAL_TIM_PWM_Stop_IT                      0x080045f5   Thumb Code   178  stm32f4xx_hal_tim.o(i.HAL_TIM_PWM_Stop_IT)
    HAL_TIM_PeriodElapsedCallback            0x080046b1   Thumb Code    24  control.o(i.HAL_TIM_PeriodElapsedCallback)
    HAL_TIM_TriggerCallback                  0x080046c9   Thumb Code     2  stm32f4xx_hal_tim.o(i.HAL_TIM_TriggerCallback)
    HAL_UARTEx_RxEventCallback               0x080046cb   Thumb Code     2  stm32f4xx_hal_uart.o(i.HAL_UARTEx_RxEventCallback)
    HAL_UART_ErrorCallback                   0x080046cd   Thumb Code     2  stm32f4xx_hal_uart.o(i.HAL_UART_ErrorCallback)
    HAL_UART_IRQHandler                      0x080046d1   Thumb Code   610  stm32f4xx_hal_uart.o(i.HAL_UART_IRQHandler)
    HAL_UART_Init                            0x08004939   Thumb Code    98  stm32f4xx_hal_uart.o(i.HAL_UART_Init)
    HAL_UART_MspInit                         0x0800499d   Thumb Code   900  usart.o(i.HAL_UART_MspInit)
    HAL_UART_Receive_IT                      0x08004d59   Thumb Code    42  stm32f4xx_hal_uart.o(i.HAL_UART_Receive_IT)
    HAL_UART_RxCpltCallback                  0x08004d85   Thumb Code   110  my_uart.o(i.HAL_UART_RxCpltCallback)
    HAL_UART_Transmit_DMA                    0x08004e15   Thumb Code   126  stm32f4xx_hal_uart.o(i.HAL_UART_Transmit_DMA)
    HAL_UART_TxCpltCallback                  0x08004ea1   Thumb Code     2  stm32f4xx_hal_uart.o(i.HAL_UART_TxCpltCallback)
    HAL_UART_TxHalfCpltCallback              0x08004ea3   Thumb Code     2  stm32f4xx_hal_uart.o(i.HAL_UART_TxHalfCpltCallback)
    HardFault_Handler                        0x08004ea5   Thumb Code     2  stm32f4xx_it.o(i.HardFault_Handler)
    Increase_pid_realize                     0x08005115   Thumb Code   240  pid.o(i.Increase_pid_realize)
    Limit                                    0x0800520d   Thumb Code    34  motor.o(i.Limit)
    Limit_Amplitude                          0x08005231   Thumb Code   150  pid.o(i.Limit_Amplitude)
    Load                                     0x080052d1   Thumb Code   320  robtask.o(i.Load)
    MX_DMA_Init                              0x0800542d   Thumb Code   168  dma.o(i.MX_DMA_Init)
    MX_GPIO_Init                             0x080054d9   Thumb Code   332  gpio.o(i.MX_GPIO_Init)
    MX_I2C1_Init                             0x08005639   Thumb Code    50  i2c.o(i.MX_I2C1_Init)
    MX_I2C2_Init                             0x08005679   Thumb Code    50  i2c.o(i.MX_I2C2_Init)
    MX_TIM1_Init                             0x080056b9   Thumb Code   212  tim.o(i.MX_TIM1_Init)
    MX_TIM3_Init                             0x08005795   Thumb Code   106  tim.o(i.MX_TIM3_Init)
    MX_TIM4_Init                             0x08005809   Thumb Code   104  tim.o(i.MX_TIM4_Init)
    MX_TIM5_Init                             0x08005879   Thumb Code   178  tim.o(i.MX_TIM5_Init)
    MX_TIM6_Init                             0x08005935   Thumb Code    60  tim.o(i.MX_TIM6_Init)
    MX_TIM7_Init                             0x08005979   Thumb Code    60  tim.o(i.MX_TIM7_Init)
    MX_TIM8_Init                             0x080059bd   Thumb Code   242  tim.o(i.MX_TIM8_Init)
    MX_TIM9_Init                             0x08005ab9   Thumb Code   140  tim.o(i.MX_TIM9_Init)
    MX_UART4_Init                            0x08005b4d   Thumb Code    48  usart.o(i.MX_UART4_Init)
    MX_UART5_Init                            0x08005b85   Thumb Code    48  usart.o(i.MX_UART5_Init)
    MX_USART1_UART_Init                      0x08005bbd   Thumb Code    48  usart.o(i.MX_USART1_UART_Init)
    MX_USART2_UART_Init                      0x08005bf5   Thumb Code    48  usart.o(i.MX_USART2_UART_Init)
    MX_USART3_UART_Init                      0x08005c2d   Thumb Code    48  usart.o(i.MX_USART3_UART_Init)
    MemManage_Handler                        0x08005c65   Thumb Code     2  stm32f4xx_it.o(i.MemManage_Handler)
    MotorDrive                               0x08005c69   Thumb Code    54  act_motor.o(i.MotorDrive)
    NMI_Handler                              0x08005cb5   Thumb Code     6  stm32f4xx_it.o(i.NMI_Handler)
    OLED_Clear                               0x08005cbb   Thumb Code    52  oled.o(i.OLED_Clear)
    OLED_Display_Init                        0x08005cf1   Thumb Code   100  main.o(i.OLED_Display_Init)
    OLED_Init                                0x08005d75   Thumb Code    16  oled.o(i.OLED_Init)
    OLED_Set_Pos                             0x08005d85   Thumb Code    34  oled.o(i.OLED_Set_Pos)
    OLED_ShowChar                            0x08005da9   Thumb Code   126  oled.o(i.OLED_ShowChar)
    OLED_ShowNum                             0x08005e31   Thumb Code   106  oled.o(i.OLED_ShowNum)
    OLED_ShowString                          0x08005e9b   Thumb Code    54  oled.o(i.OLED_ShowString)
    OLED_WR_CMD                              0x08005ed1   Thumb Code    32  oled.o(i.OLED_WR_CMD)
    OLED_WR_DATA                             0x08005ef5   Thumb Code    32  oled.o(i.OLED_WR_DATA)
    Other_Actions                            0x08005f19   Thumb Code   192  main.o(i.Other_Actions)
    PID_Calculate_Updata                     0x08006001   Thumb Code   124  pid.o(i.PID_Calculate_Updata)
    PID_JudgeStatus                          0x08006085   Thumb Code    70  pid.o(i.PID_JudgeStatus)
    PID_Param_Updata                         0x080060d1   Thumb Code   184  pid.o(i.PID_Param_Updata)
    PID_Struct_Init                          0x08006199   Thumb Code    54  pid.o(i.PID_Struct_Init)
    PID_param_init                           0x080061d5   Thumb Code   114  pid.o(i.PID_param_init)
    PendSV_Handler                           0x08006251   Thumb Code     2  stm32f4xx_it.o(i.PendSV_Handler)
    Pick_Floor                               0x08006255   Thumb Code   410  robtask.o(i.Pick_Floor)
    Raspberry_ChangeMode                     0x08006409   Thumb Code    54  my_uart.o(i.Raspberry_ChangeMode)
    RxDataClear                              0x0800646d   Thumb Code    96  my_uart.o(i.RxDataClear)
    SVC_Handler                              0x080064dd   Thumb Code     2  stm32f4xx_it.o(i.SVC_Handler)
    ScanCode                                 0x080064e1   Thumb Code    26  my_uart.o(i.ScanCode)
    ServoClaw                                0x08006509   Thumb Code    42  servo.o(i.ServoClaw)
    ServoTurn                                0x08006539   Thumb Code    34  servo.o(i.ServoTurn)
    Servo_Init                               0x08006561   Thumb Code    50  servo.o(i.Servo_Init)
    Set_Pwm                                  0x0800659d   Thumb Code   262  motor.o(i.Set_Pwm)
    StepArm_Task_Jiagon                      0x080066b1   Thumb Code  1170  robtask.o(i.StepArm_Task_Jiagon)
    StepArm_Task_Pan                         0x08006b45   Thumb Code   752  robtask.o(i.StepArm_Task_Pan)
    StepArm_Task_ScanCode                    0x08006ea5   Thumb Code   178  robtask.o(i.StepArm_Task_ScanCode)
    StepMotor_Arm_Drive                      0x08006f65   Thumb Code    20  stepmotor.o(i.StepMotor_Arm_Drive)
    StepMotor_CallBack_TIM5                  0x08006f79   Thumb Code    74  stepmotor.o(i.StepMotor_CallBack_TIM5)
    StepMotor_Drive                          0x08006fcd   Thumb Code   268  stepmotor.o(i.StepMotor_Drive)
    StepMotor_Init                           0x080070e9   Thumb Code   112  stepmotor.o(i.StepMotor_Init)
    StepMotor_Isover                         0x08007165   Thumb Code    28  stepmotor.o(i.StepMotor_Isover)
    StepMotor_Set_AbsPulse                   0x08007185   Thumb Code    26  stepmotor.o(i.StepMotor_Set_AbsPulse)
    StepMotor_Set_AnglePulse                 0x080071a5   Thumb Code   202  stepmotor.o(i.StepMotor_Set_AnglePulse)
    StepMotor_Set_Speed                      0x08007285   Thumb Code    40  stepmotor.o(i.StepMotor_Set_Speed)
    StepMotor_Set_TarPulse                   0x080072b1   Thumb Code   148  stepmotor.o(i.StepMotor_Set_TarPulse)
    StepMotor_UpdataPulse                    0x0800734d   Thumb Code   220  stepmotor.o(i.StepMotor_UpdataPulse)
    Step_Init                                0x08007435   Thumb Code    22  main.o(i.Step_Init)
    SysTick_Handler                          0x08007451   Thumb Code     4  stm32f4xx_it.o(i.SysTick_Handler)
    SystemClock_Config                       0x08007455   Thumb Code   140  main.o(i.SystemClock_Config)
    SystemInit                               0x080074e9   Thumb Code    12  system_stm32f4xx.o(i.SystemInit)
    TIM5_IRQHandler                          0x080074f9   Thumb Code     6  stm32f4xx_it.o(i.TIM5_IRQHandler)
    TIM6_DAC_IRQHandler                      0x08007505   Thumb Code     6  stm32f4xx_it.o(i.TIM6_DAC_IRQHandler)
    TIM7_IRQHandler                          0x08007511   Thumb Code     6  stm32f4xx_it.o(i.TIM7_IRQHandler)
    TIM_Base_SetConfig                       0x0800751d   Thumb Code   156  stm32f4xx_hal_tim.o(i.TIM_Base_SetConfig)
    TIM_CCxChannelCmd                        0x080075e5   Thumb Code    26  stm32f4xx_hal_tim.o(i.TIM_CCxChannelCmd)
    TIM_ETR_SetConfig                        0x080075ff   Thumb Code    20  stm32f4xx_hal_tim.o(i.TIM_ETR_SetConfig)
    TIM_OC2_SetConfig                        0x08007685   Thumb Code    98  stm32f4xx_hal_tim.o(i.TIM_OC2_SetConfig)
    Top_Action_Select_CallBack_TIM7          0x080077f1   Thumb Code  1198  control.o(i.Top_Action_Select_CallBack_TIM7)
    Top_PID_Control_CallBack_TIM6            0x08007ca9   Thumb Code   258  pid.o(i.Top_PID_Control_CallBack_TIM6)
    UART4_IRQHandler                         0x08007dc5   Thumb Code     6  stm32f4xx_it.o(i.UART4_IRQHandler)
    UART5_IRQHandler                         0x08007dd1   Thumb Code     6  stm32f4xx_it.o(i.UART5_IRQHandler)
    UART_Start_Receive_IT                    0x080080b9   Thumb Code    58  stm32f4xx_hal_uart.o(i.UART_Start_Receive_IT)
    USART1_IRQHandler                        0x080080f5   Thumb Code     6  stm32f4xx_it.o(i.USART1_IRQHandler)
    USART2_IRQHandler                        0x08008101   Thumb Code     6  stm32f4xx_it.o(i.USART2_IRQHandler)
    USART3_IRQHandler                        0x0800810d   Thumb Code     6  stm32f4xx_it.o(i.USART3_IRQHandler)
    UsageFault_Handler                       0x08008119   Thumb Code     2  stm32f4xx_it.o(i.UsageFault_Handler)
    WriteCmd                                 0x0800811d   Thumb Code    42  oled.o(i.WriteCmd)
    __ARM_fpclassify                         0x08008151   Thumb Code    48  fpclassify.o(i.__ARM_fpclassify)
    __armlib_thread_safety_init              0x080081a1   Thumb Code    38  armlib_lock_glue.o(i.__armlib_thread_safety_init)
    __hardfp___mathlib_tofloat               0x080081d1   Thumb Code   232  narrow.o(i.__hardfp___mathlib_tofloat)
    __hardfp_ldexp                           0x080082c9   Thumb Code   200  ldexp.o(i.__hardfp_ldexp)
    __mathlib_dbl_overflow                   0x08008399   Thumb Code    24  dunder.o(i.__mathlib_dbl_overflow)
    __mathlib_dbl_underflow                  0x080083b9   Thumb Code    24  dunder.o(i.__mathlib_dbl_underflow)
    __mathlib_narrow                         0x080083d9   Thumb Code    18  narrow.o(i.__mathlib_narrow)
    __support_ldexp                          0x080083eb   Thumb Code    20  ldexp.o(i.__support_ldexp)
    _is_digit                                0x080083ff   Thumb Code    14  __printf_wp.o(i._is_digit)
    _mutex_acquire                           0x0800840d   Thumb Code    52  armlib_lock_glue.o(i._mutex_acquire)
    _mutex_free                              0x08008445   Thumb Code    50  armlib_lock_glue.o(i._mutex_free)
    _mutex_initialize                        0x0800847d   Thumb Code    82  armlib_lock_glue.o(i._mutex_initialize)
    _mutex_release                           0x080084d9   Thumb Code    52  armlib_lock_glue.o(i._mutex_release)
    _sys_exit                                0x08008511   Thumb Code     2  printf_.o(i._sys_exit)
    ferror                                   0x08008513   Thumb Code     6  printf_.o(i.ferror)
    fputc                                    0x08008519   Thumb Code    14  printf_.o(i.fputc)
    frexp                                    0x08008531   Thumb Code   118  frexp.o(i.frexp)
    location_pid_realize                     0x080085bd   Thumb Code   110  pid.o(i.location_pid_realize)
    main                                     0x0800863d   Thumb Code   226  main.o(i.main)
    my_USART2_GetBuffer                      0x08008735   Thumb Code   252  my_uart.o(i.my_USART2_GetBuffer)
    my_USART3_GetBuffer                      0x08008869   Thumb Code   148  my_uart.o(i.my_USART3_GetBuffer)
    oled_pow                                 0x08008909   Thumb Code    16  oled.o(i.oled_pow)
    _get_lc_numeric                          0x0800897d   Thumb Code    44  lc_numeric_c.o(locale$$code)
    _get_lc_ctype                            0x080089a9   Thumb Code    44  lc_ctype_c.o(locale$$code)
    __aeabi_d2f                              0x080089d5   Thumb Code     0  d2f.o(x$fpl$d2f)
    _d2f                                     0x080089d5   Thumb Code    98  d2f.o(x$fpl$d2f)
    __aeabi_dadd                             0x08008a39   Thumb Code     0  daddsub_clz.o(x$fpl$dadd)
    _dadd                                    0x08008a39   Thumb Code   332  daddsub_clz.o(x$fpl$dadd)
    __fpl_dcheck_NaN1                        0x08008b89   Thumb Code    10  dcheck1.o(x$fpl$dcheck1)
    __fpl_dcmp_Inf                           0x08008b99   Thumb Code    24  dcmpi.o(x$fpl$dcmpinf)
    __aeabi_ddiv                             0x08008bb1   Thumb Code     0  ddiv.o(x$fpl$ddiv)
    _ddiv                                    0x08008bb1   Thumb Code   552  ddiv.o(x$fpl$ddiv)
    __aeabi_cdcmpeq                          0x08008e61   Thumb Code     0  deqf.o(x$fpl$deqf)
    _dcmpeq                                  0x08008e61   Thumb Code   120  deqf.o(x$fpl$deqf)
    __aeabi_d2iz                             0x08008ed9   Thumb Code     0  dfix.o(x$fpl$dfix)
    _dfix                                    0x08008ed9   Thumb Code    94  dfix.o(x$fpl$dfix)
    __aeabi_i2d                              0x08008f37   Thumb Code     0  dflt_clz.o(x$fpl$dflt)
    _dflt                                    0x08008f37   Thumb Code    46  dflt_clz.o(x$fpl$dflt)
    __aeabi_cdcmple                          0x08008f65   Thumb Code     0  dleqf.o(x$fpl$dleqf)
    _dcmple                                  0x08008f65   Thumb Code   120  dleqf.o(x$fpl$dleqf)
    __fpl_dcmple_InfNaN                      0x08008fc7   Thumb Code     0  dleqf.o(x$fpl$dleqf)
    __aeabi_dmul                             0x08008fdd   Thumb Code     0  dmul.o(x$fpl$dmul)
    _dmul                                    0x08008fdd   Thumb Code   332  dmul.o(x$fpl$dmul)
    __fpl_dnaninf                            0x08009131   Thumb Code   156  dnaninf.o(x$fpl$dnaninf)
    __fpl_dretinf                            0x080091cd   Thumb Code    12  dretinf.o(x$fpl$dretinf)
    __aeabi_cdrcmple                         0x080091d9   Thumb Code     0  drleqf.o(x$fpl$drleqf)
    _drcmple                                 0x080091d9   Thumb Code   108  drleqf.o(x$fpl$drleqf)
    __aeabi_dsub                             0x08009245   Thumb Code     0  daddsub_clz.o(x$fpl$dsub)
    _dsub                                    0x08009245   Thumb Code   464  daddsub_clz.o(x$fpl$dsub)
    __aeabi_f2d                              0x08009419   Thumb Code     0  f2d.o(x$fpl$f2d)
    _f2d                                     0x08009419   Thumb Code    86  f2d.o(x$fpl$f2d)
    __fpl_fnaninf                            0x0800946f   Thumb Code   140  fnaninf.o(x$fpl$fnaninf)
    _fp_init                                 0x080094fb   Thumb Code    10  fpinit.o(x$fpl$fpinit)
    __fplib_config_fpu_vfp                   0x08009503   Thumb Code     0  fpinit.o(x$fpl$fpinit)
    __fplib_config_pureend_doubles           0x08009503   Thumb Code     0  fpinit.o(x$fpl$fpinit)
    __fpl_fretinf                            0x08009505   Thumb Code    10  fretinf.o(x$fpl$fretinf)
    __ieee_status                            0x0800950f   Thumb Code     6  istatus.o(x$fpl$ieeestatus)
    _printf_fp_dec                           0x08009515   Thumb Code     4  printf1.o(x$fpl$printf1)
    __fpl_return_NaN                         0x08009519   Thumb Code   100  retnan.o(x$fpl$retnan)
    __ARM_scalbn                             0x0800957d   Thumb Code    92  scalbn.o(x$fpl$scalbn)
    _scanf_real                              0x080095d9   Thumb Code     4  scanf1.o(x$fpl$scanf1)
    _scanf_hex_real                          0x080095dd   Thumb Code     4  scanf2.o(x$fpl$scanf2)
    _scanf_infnan                            0x080095e1   Thumb Code     4  scanf2.o(x$fpl$scanf2)
    __fpl_cmpreturn                          0x080095e5   Thumb Code    48  trapv.o(x$fpl$trapveneer)
    __I$use$fp                               0x08009614   Number         0  usenofp.o(x$fpl$usenofp)
    AHBPrescTable                            0x0800961c   Data          16  system_stm32f4xx.o(.constdata)
    APBPrescTable                            0x0800962c   Data           8  system_stm32f4xx.o(.constdata)
    F6x8                                     0x08009645   Data         552  oled.o(.constdata)
    F8X16                                    0x0800986d   Data        1504  oled.o(.constdata)
    Hzk                                      0x08009e4d   Data       11220  oled.o(.constdata)
    Region$$Table$$Base                      0x0800cab8   Number         0  anon$$obj.o(Region$$Table)
    Region$$Table$$Limit                     0x0800cad8   Number         0  anon$$obj.o(Region$$Table)
    __aeabi_HUGE_VAL                         0x0800cad8   Data           0  fpconst.o(c$$dinf)
    __aeabi_HUGE_VALL                        0x0800cad8   Data           0  fpconst.o(c$$dinf)
    __aeabi_INFINITY                         0x0800cad8   Data           0  fpconst.o(c$$dinf)
    __dInf                                   0x0800cad8   Data           0  fpconst.o(c$$dinf)
    __huge_val                               0x0800cad8   Data           0  fpconst.o(c$$dinf)
    __dbl_max                                0x0800cae0   Data           0  fpconst.o(c$$dmax)
    __ctype                                  0x0800cb11   Data           0  lc_ctype_c.o(locale$$data)
    SHT$$INIT_ARRAY$$Base                    0x0800cc14   Number         0  armlib_lock_glue.o(.init_array)
    SHT$$INIT_ARRAY$$Limit                   0x0800cc18   Number         0  init_aeabi.o(.init_array)
    uwTickFreq                               0x20000004   Data           1  stm32f4xx_hal.o(.data)
    uwTickPrio                               0x20000008   Data           4  stm32f4xx_hal.o(.data)
    uwTick                                   0x2000000c   Data           4  stm32f4xx_hal.o(.data)
    SystemCoreClock                          0x20000010   Data           4  system_stm32f4xx.o(.data)
    Data_Buff                                0x20000017   Data          32  ano.o(.data)
    Data_Sent                                0x20000037   Data          32  ano.o(.data)
    Data_Check                               0x20000057   Data          12  ano.o(.data)
    task                                     0x20000064   Data           2  control.o(.data)
    do_cnt                                   0x20000066   Data           2  control.o(.data)
    rpm                                      0x20000068   Data           4  control.o(.data)
    num                                      0x2000006c   Data           4  control.o(.data)
    StepMotorTask                            0x20000070   Data           4  key.o(.data)
    uart1_Rx                                 0x20000074   Data           1  my_uart.o(.data)
    uart2_Rx                                 0x20000075   Data           1  my_uart.o(.data)
    uart3_Rx                                 0x20000076   Data           1  my_uart.o(.data)
    CMD_Data                                 0x2000007b   Data          27  oled.o(.data)
    Position_KP                              0x20000098   Data           4  pid.o(.data)
    Position_KI                              0x2000009c   Data           4  pid.o(.data)
    Position_KD                              0x200000a0   Data           4  pid.o(.data)
    Incremental_KP                           0x200000a4   Data           4  pid.o(.data)
    Incremental_KI                           0x200000a8   Data           4  pid.o(.data)
    Incremental_KD                           0x200000ac   Data           4  pid.o(.data)
    Incremental_KP2                          0x200000b0   Data           4  pid.o(.data)
    Incremental_KI2                          0x200000b4   Data           4  pid.o(.data)
    Incremental_KD2                          0x200000b8   Data           4  pid.o(.data)
    Incremental_KP_A                         0x200000bc   Data           4  pid.o(.data)
    Incremental_KI_A                         0x200000c0   Data           4  pid.o(.data)
    Incremental_KD_A                         0x200000c4   Data           4  pid.o(.data)
    __stdout                                 0x200000cc   Data           4  printf_.o(.data)
    hi2c1                                    0x200000e8   Data          84  i2c.o(.bss)
    hi2c2                                    0x2000013c   Data          84  i2c.o(.bss)
    htim1                                    0x20000190   Data          72  tim.o(.bss)
    htim3                                    0x200001d8   Data          72  tim.o(.bss)
    htim4                                    0x20000220   Data          72  tim.o(.bss)
    htim5                                    0x20000268   Data          72  tim.o(.bss)
    htim6                                    0x200002b0   Data          72  tim.o(.bss)
    htim7                                    0x200002f8   Data          72  tim.o(.bss)
    htim8                                    0x20000340   Data          72  tim.o(.bss)
    htim9                                    0x20000388   Data          72  tim.o(.bss)
    huart4                                   0x200003d0   Data          68  usart.o(.bss)
    huart5                                   0x20000414   Data          68  usart.o(.bss)
    huart1                                   0x20000458   Data          68  usart.o(.bss)
    huart2                                   0x2000049c   Data          68  usart.o(.bss)
    huart3                                   0x200004e0   Data          68  usart.o(.bss)
    hdma_uart4_rx                            0x20000524   Data          96  usart.o(.bss)
    hdma_uart4_tx                            0x20000584   Data          96  usart.o(.bss)
    hdma_usart1_tx                           0x200005e4   Data          96  usart.o(.bss)
    hdma_usart1_rx                           0x20000644   Data          96  usart.o(.bss)
    hdma_usart2_rx                           0x200006a4   Data          96  usart.o(.bss)
    hdma_usart2_tx                           0x20000704   Data          96  usart.o(.bss)
    hdma_usart3_rx                           0x20000764   Data          96  usart.o(.bss)
    hdma_usart3_tx                           0x200007c4   Data          96  usart.o(.bss)
    Data_Get                                 0x20000824   Data          32  ano.o(.bss)
    RxData                                   0x20000844   Data         164  my_uart.o(.bss)
    uart2_RxBuff                             0x200008e8   Data         128  my_uart.o(.bss)
    uart3_RxBuff                             0x20000968   Data          64  my_uart.o(.bss)
    pid_speed                                0x200009a8   Data          52  pid.o(.bss)
    pid_location                             0x200009dc   Data          52  pid.o(.bss)
    pid_speed2                               0x20000a10   Data          52  pid.o(.bss)
    pid_location2                            0x20000a44   Data          52  pid.o(.bss)
    pid_angle                                0x20000a78   Data          52  pid.o(.bss)
    Motor_1                                  0x20000aac   Data          28  stepmotor.o(.bss)
    Motor_2                                  0x20000ac8   Data          28  stepmotor.o(.bss)
    Motor_3                                  0x20000ae4   Data          28  stepmotor.o(.bss)
    __libspace_start                         0x20000b00   Data          96  libspace.o(.bss)
    __temporary_stack_top$libspace           0x20000b60   Data           0  libspace.o(.bss)



==============================================================================

Memory Map of the image

  Image Entry point : 0x08000189

  Load Region LR_IROM1 (Base: 0x08000000, Size: 0x0000cce8, Max: 0x00100000, ABSOLUTE)

    Execution Region ER_IROM1 (Exec base: 0x08000000, Load base: 0x08000000, Size: 0x0000cc18, Max: 0x00100000, ABSOLUTE)

    Exec Addr    Load Addr    Size         Type   Attr      Idx    E Section Name        Object

    0x08000000   0x08000000   0x00000188   Data   RO            3    RESET               startup_stm32f407xx.o
    0x08000188   0x08000188   0x00000008   Code   RO         4673  * !!!main             c_w.l(__main.o)
    0x08000190   0x08000190   0x00000034   Code   RO         5126    !!!scatter          c_w.l(__scatter.o)
    0x080001c4   0x080001c4   0x0000001a   Code   RO         5128    !!handler_copy      c_w.l(__scatter_copy.o)
    0x080001de   0x080001de   0x00000002   PAD
    0x080001e0   0x080001e0   0x0000001c   Code   RO         5130    !!handler_zi        c_w.l(__scatter_zi.o)
    0x080001fc   0x080001fc   0x00000000   Code   RO         4664    .ARM.Collect$$_printf_percent$$00000000  c_w.l(_printf_percent.o)
    0x080001fc   0x080001fc   0x00000006   Code   RO         4663    .ARM.Collect$$_printf_percent$$00000003  c_w.l(_printf_f.o)
    0x08000202   0x08000202   0x00000006   Code   RO         4662    .ARM.Collect$$_printf_percent$$00000009  c_w.l(_printf_d.o)
    0x08000208   0x08000208   0x00000004   Code   RO         4802    .ARM.Collect$$_printf_percent$$00000017  c_w.l(_printf_percent_end.o)
    0x0800020c   0x0800020c   0x00000002   Code   RO         5019    .ARM.Collect$$libinit$$00000000  c_w.l(libinit.o)
    0x0800020e   0x0800020e   0x00000004   Code   RO         4809    .ARM.Collect$$libinit$$00000001  c_w.l(libinit2.o)
    0x08000212   0x08000212   0x00000000   Code   RO         4812    .ARM.Collect$$libinit$$00000004  c_w.l(libinit2.o)
    0x08000212   0x08000212   0x00000000   Code   RO         4815    .ARM.Collect$$libinit$$0000000A  c_w.l(libinit2.o)
    0x08000212   0x08000212   0x00000000   Code   RO         4817    .ARM.Collect$$libinit$$0000000C  c_w.l(libinit2.o)
    0x08000212   0x08000212   0x00000000   Code   RO         4819    .ARM.Collect$$libinit$$0000000E  c_w.l(libinit2.o)
    0x08000212   0x08000212   0x00000006   Code   RO         4820    .ARM.Collect$$libinit$$0000000F  c_w.l(libinit2.o)
    0x08000218   0x08000218   0x00000000   Code   RO         4822    .ARM.Collect$$libinit$$00000011  c_w.l(libinit2.o)
    0x08000218   0x08000218   0x0000000c   Code   RO         4823    .ARM.Collect$$libinit$$00000012  c_w.l(libinit2.o)
    0x08000224   0x08000224   0x00000000   Code   RO         4824    .ARM.Collect$$libinit$$00000013  c_w.l(libinit2.o)
    0x08000224   0x08000224   0x00000000   Code   RO         4826    .ARM.Collect$$libinit$$00000015  c_w.l(libinit2.o)
    0x08000224   0x08000224   0x0000000a   Code   RO         4827    .ARM.Collect$$libinit$$00000016  c_w.l(libinit2.o)
    0x0800022e   0x0800022e   0x00000000   Code   RO         4828    .ARM.Collect$$libinit$$00000017  c_w.l(libinit2.o)
    0x0800022e   0x0800022e   0x00000000   Code   RO         4830    .ARM.Collect$$libinit$$00000019  c_w.l(libinit2.o)
    0x0800022e   0x0800022e   0x00000000   Code   RO         4832    .ARM.Collect$$libinit$$0000001B  c_w.l(libinit2.o)
    0x0800022e   0x0800022e   0x00000000   Code   RO         4834    .ARM.Collect$$libinit$$0000001D  c_w.l(libinit2.o)
    0x0800022e   0x0800022e   0x00000000   Code   RO         4836    .ARM.Collect$$libinit$$0000001F  c_w.l(libinit2.o)
    0x0800022e   0x0800022e   0x00000000   Code   RO         4838    .ARM.Collect$$libinit$$00000021  c_w.l(libinit2.o)
    0x0800022e   0x0800022e   0x00000000   Code   RO         4840    .ARM.Collect$$libinit$$00000023  c_w.l(libinit2.o)
    0x0800022e   0x0800022e   0x00000000   Code   RO         4842    .ARM.Collect$$libinit$$00000025  c_w.l(libinit2.o)
    0x0800022e   0x0800022e   0x00000000   Code   RO         4846    .ARM.Collect$$libinit$$0000002C  c_w.l(libinit2.o)
    0x0800022e   0x0800022e   0x00000000   Code   RO         4848    .ARM.Collect$$libinit$$0000002E  c_w.l(libinit2.o)
    0x0800022e   0x0800022e   0x00000000   Code   RO         4850    .ARM.Collect$$libinit$$00000030  c_w.l(libinit2.o)
    0x0800022e   0x0800022e   0x00000004   Code   RO         4851    .ARM.Collect$$libinit$$00000031  c_w.l(libinit2.o)
    0x08000232   0x08000232   0x00000000   Code   RO         4852    .ARM.Collect$$libinit$$00000032  c_w.l(libinit2.o)
    0x08000232   0x08000232   0x00000002   Code   RO         4853    .ARM.Collect$$libinit$$00000033  c_w.l(libinit2.o)
    0x08000234   0x08000234   0x00000002   Code   RO         5085    .ARM.Collect$$libshutdown$$00000000  c_w.l(libshutdown.o)
    0x08000236   0x08000236   0x00000000   Code   RO         5103    .ARM.Collect$$libshutdown$$00000002  c_w.l(libshutdown2.o)
    0x08000236   0x08000236   0x00000000   Code   RO         5105    .ARM.Collect$$libshutdown$$00000004  c_w.l(libshutdown2.o)
    0x08000236   0x08000236   0x00000000   Code   RO         5107    .ARM.Collect$$libshutdown$$00000006  c_w.l(libshutdown2.o)
    0x08000236   0x08000236   0x00000000   Code   RO         5110    .ARM.Collect$$libshutdown$$00000009  c_w.l(libshutdown2.o)
    0x08000236   0x08000236   0x00000000   Code   RO         5113    .ARM.Collect$$libshutdown$$0000000C  c_w.l(libshutdown2.o)
    0x08000236   0x08000236   0x00000000   Code   RO         5115    .ARM.Collect$$libshutdown$$0000000E  c_w.l(libshutdown2.o)
    0x08000236   0x08000236   0x00000000   Code   RO         5118    .ARM.Collect$$libshutdown$$00000011  c_w.l(libshutdown2.o)
    0x08000236   0x08000236   0x00000002   Code   RO         5119    .ARM.Collect$$libshutdown$$00000012  c_w.l(libshutdown2.o)
    0x08000238   0x08000238   0x00000000   Code   RO         4789    .ARM.Collect$$rtentry$$00000000  c_w.l(__rtentry.o)
    0x08000238   0x08000238   0x00000000   Code   RO         4901    .ARM.Collect$$rtentry$$00000002  c_w.l(__rtentry2.o)
    0x08000238   0x08000238   0x00000006   Code   RO         4913    .ARM.Collect$$rtentry$$00000004  c_w.l(__rtentry4.o)
    0x0800023e   0x0800023e   0x00000000   Code   RO         4903    .ARM.Collect$$rtentry$$00000009  c_w.l(__rtentry2.o)
    0x0800023e   0x0800023e   0x00000004   Code   RO         4904    .ARM.Collect$$rtentry$$0000000A  c_w.l(__rtentry2.o)
    0x08000242   0x08000242   0x00000000   Code   RO         4906    .ARM.Collect$$rtentry$$0000000C  c_w.l(__rtentry2.o)
    0x08000242   0x08000242   0x00000008   Code   RO         4907    .ARM.Collect$$rtentry$$0000000D  c_w.l(__rtentry2.o)
    0x0800024a   0x0800024a   0x00000002   Code   RO         5028    .ARM.Collect$$rtexit$$00000000  c_w.l(rtexit.o)
    0x0800024c   0x0800024c   0x00000000   Code   RO         5067    .ARM.Collect$$rtexit$$00000002  c_w.l(rtexit2.o)
    0x0800024c   0x0800024c   0x00000004   Code   RO         5068    .ARM.Collect$$rtexit$$00000003  c_w.l(rtexit2.o)
    0x08000250   0x08000250   0x00000006   Code   RO         5069    .ARM.Collect$$rtexit$$00000004  c_w.l(rtexit2.o)
    0x08000256   0x08000256   0x00000002   PAD
    0x08000258   0x08000258   0x00000040   Code   RO            4    .text               startup_stm32f407xx.o
    0x08000298   0x08000298   0x00000002   Code   RO         4626    .text               c_w.l(use_no_semi.o)
    0x0800029a   0x0800029a   0x00000002   Code   RO         4628    .text               c_w.l(use_no_semi_2.o)
    0x0800029c   0x0800029c   0x000000ee   Code   RO         4630    .text               c_w.l(lludivv7m.o)
    0x0800038a   0x0800038a   0x00000002   PAD
    0x0800038c   0x0800038c   0x00000018   Code   RO         4634    .text               c_w.l(noretval__2printf.o)
    0x080003a4   0x080003a4   0x0000004e   Code   RO         4638    .text               c_w.l(_printf_pad.o)
    0x080003f2   0x080003f2   0x00000002   PAD
    0x080003f4   0x080003f4   0x00000078   Code   RO         4640    .text               c_w.l(_printf_dec.o)
    0x0800046c   0x0800046c   0x0000010e   Code   RO         4650    .text               c_w.l(__printf_wp.o)
    0x0800057a   0x0800057a   0x00000002   PAD
    0x0800057c   0x0800057c   0x0000003c   Code   RO         4665    .text               c_w.l(__0sscanf.o)
    0x080005b8   0x080005b8   0x000000e0   Code   RO         4667    .text               c_w.l(_scanf_str.o)
    0x08000698   0x08000698   0x0000004e   Code   RO         4669    .text               c_w.l(rt_memclr_w.o)
    0x080006e6   0x080006e6   0x00000006   Code   RO         4671    .text               c_w.l(heapauxi.o)
    0x080006ec   0x080006ec   0x00000024   Code   RO         4678    .text               c_w.l(init_aeabi.o)
    0x08000710   0x08000710   0x00000016   Code   RO         4794    .text               c_w.l(_rserrno.o)
    0x08000726   0x08000726   0x000000b2   Code   RO         4796    .text               c_w.l(_printf_intcommon.o)
    0x080007d8   0x080007d8   0x0000041e   Code   RO         4798    .text               c_w.l(_printf_fp_dec.o)
    0x08000bf6   0x08000bf6   0x00000002   PAD
    0x08000bf8   0x08000bf8   0x00000024   Code   RO         4800    .text               c_w.l(_printf_char_file.o)
    0x08000c1c   0x08000c1c   0x000004f8   Code   RO         4803    .text               c_w.l(scanf_fp.o)
    0x08001114   0x08001114   0x0000002c   Code   RO         4805    .text               c_w.l(scanf_char.o)
    0x08001140   0x08001140   0x00000040   Code   RO         4807    .text               c_w.l(_sgetc.o)
    0x08001180   0x08001180   0x00000008   Code   RO         4920    .text               c_w.l(rt_locale_intlibspace.o)
    0x08001188   0x08001188   0x00000008   Code   RO         4925    .text               c_w.l(rt_errno_addr_intlibspace.o)
    0x08001190   0x08001190   0x0000008a   Code   RO         4927    .text               c_w.l(lludiv10.o)
    0x0800121a   0x0800121a   0x00000012   Code   RO         4929    .text               c_w.l(isspace.o)
    0x0800122c   0x0800122c   0x00000030   Code   RO         4931    .text               c_w.l(_printf_char_common.o)
    0x0800125c   0x0800125c   0x00000080   Code   RO         4933    .text               c_w.l(_printf_fp_infnan.o)
    0x080012dc   0x080012dc   0x00000374   Code   RO         4935    .text               c_w.l(_scanf.o)
    0x08001650   0x08001650   0x000000e4   Code   RO         4937    .text               c_w.l(bigflt0.o)
    0x08001734   0x08001734   0x00000008   Code   RO         4989    .text               c_w.l(libspace.o)
    0x0800173c   0x0800173c   0x0000004a   Code   RO         4992    .text               c_w.l(sys_stackheap_outer.o)
    0x08001786   0x08001786   0x00000002   PAD
    0x08001788   0x08001788   0x00000010   Code   RO         4994    .text               c_w.l(rt_ctype_table.o)
    0x08001798   0x08001798   0x00000320   Code   RO         4998    .text               c_w.l(scanf_hexfp.o)
    0x08001ab8   0x08001ab8   0x00000134   Code   RO         5000    .text               c_w.l(scanf_infnan.o)
    0x08001bec   0x08001bec   0x00000012   Code   RO         5002    .text               c_w.l(exit.o)
    0x08001bfe   0x08001bfe   0x00000002   PAD
    0x08001c00   0x08001c00   0x00000080   Code   RO         5008    .text               c_w.l(strcmpv7m.o)
    0x08001c80   0x08001c80   0x00000026   Code   RO         5034    .text               c_w.l(llshl.o)
    0x08001ca6   0x08001ca6   0x0000001c   Code   RO         5036    .text               c_w.l(_chval.o)
    0x08001cc2   0x08001cc2   0x0000003e   Code   RO         4940    CL$$btod_d2e        c_w.l(btod.o)
    0x08001d00   0x08001d00   0x00000046   Code   RO         4942    CL$$btod_d2e_denorm_low  c_w.l(btod.o)
    0x08001d46   0x08001d46   0x00000060   Code   RO         4941    CL$$btod_d2e_norm_op1  c_w.l(btod.o)
    0x08001da6   0x08001da6   0x00000338   Code   RO         4950    CL$$btod_div_common  c_w.l(btod.o)
    0x080020de   0x080020de   0x00000002   PAD
    0x080020e0   0x080020e0   0x00000084   Code   RO         4948    CL$$btod_e2d        c_w.l(btod.o)
    0x08002164   0x08002164   0x000000dc   Code   RO         4947    CL$$btod_e2e        c_w.l(btod.o)
    0x08002240   0x08002240   0x0000002a   Code   RO         4944    CL$$btod_ediv       c_w.l(btod.o)
    0x0800226a   0x0800226a   0x0000002a   Code   RO         4946    CL$$btod_edivd      c_w.l(btod.o)
    0x08002294   0x08002294   0x0000002a   Code   RO         4943    CL$$btod_emul       c_w.l(btod.o)
    0x080022be   0x080022be   0x0000002a   Code   RO         4945    CL$$btod_emuld      c_w.l(btod.o)
    0x080022e8   0x080022e8   0x00000244   Code   RO         4949    CL$$btod_mult_common  c_w.l(btod.o)
    0x0800252c   0x0800252c   0x000000f8   Code   RO         4266    i.Angle_adjust      pid.o
    0x08002624   0x08002624   0x000000dc   Code   RO         3813    i.Ano_Anl           ano.o
    0x08002700   0x08002700   0x0000008c   Code   RO         3814    i.Ano_GetByte       ano.o
    0x0800278c   0x0800278c   0x00000054   Code   RO         3815    i.Ano_SentCheck     ano.o
    0x080027e0   0x080027e0   0x00000068   Code   RO         3816    i.Ano_SentPar       ano.o
    0x08002848   0x08002848   0x00000002   Code   RO          603    i.BusFault_Handler  stm32f4xx_it.o
    0x0800284a   0x0800284a   0x00000002   PAD
    0x0800284c   0x0800284c   0x00000098   Code   RO         3761    i.CAR_RUN           act_motor.o
    0x080028e4   0x080028e4   0x00000098   Code   RO           97    i.Car_Drive_Init    main.o
    0x0800297c   0x0800297c   0x00000050   Code   RO           98    i.Correspond_Init   main.o
    0x080029cc   0x080029cc   0x0000000c   Code   RO          604    i.DMA1_Stream1_IRQHandler  stm32f4xx_it.o
    0x080029d8   0x080029d8   0x0000000c   Code   RO          605    i.DMA1_Stream2_IRQHandler  stm32f4xx_it.o
    0x080029e4   0x080029e4   0x0000000c   Code   RO          606    i.DMA1_Stream3_IRQHandler  stm32f4xx_it.o
    0x080029f0   0x080029f0   0x0000000c   Code   RO          607    i.DMA1_Stream4_IRQHandler  stm32f4xx_it.o
    0x080029fc   0x080029fc   0x0000000c   Code   RO          608    i.DMA1_Stream5_IRQHandler  stm32f4xx_it.o
    0x08002a08   0x08002a08   0x0000000c   Code   RO          609    i.DMA1_Stream6_IRQHandler  stm32f4xx_it.o
    0x08002a14   0x08002a14   0x0000000c   Code   RO          610    i.DMA2_Stream2_IRQHandler  stm32f4xx_it.o
    0x08002a20   0x08002a20   0x0000000c   Code   RO          611    i.DMA2_Stream7_IRQHandler  stm32f4xx_it.o
    0x08002a2c   0x08002a2c   0x00000028   Code   RO         1720    i.DMA_CalcBaseAndBitshift  stm32f4xx_hal_dma.o
    0x08002a54   0x08002a54   0x00000054   Code   RO         1721    i.DMA_CheckFifoParam  stm32f4xx_hal_dma.o
    0x08002aa8   0x08002aa8   0x00000028   Code   RO         1722    i.DMA_SetConfig     stm32f4xx_hal_dma.o
    0x08002ad0   0x08002ad0   0x00000002   Code   RO          612    i.DebugMon_Handler  stm32f4xx_it.o
    0x08002ad2   0x08002ad2   0x00000006   Code   RO          613    i.EXTI3_IRQHandler  stm32f4xx_it.o
    0x08002ad8   0x08002ad8   0x00000006   Code   RO          614    i.EXTI4_IRQHandler  stm32f4xx_it.o
    0x08002ade   0x08002ade   0x00000004   Code   RO           99    i.Error_Handler     main.o
    0x08002ae2   0x08002ae2   0x00000092   Code   RO         1723    i.HAL_DMA_Abort     stm32f4xx_hal_dma.o
    0x08002b74   0x08002b74   0x00000024   Code   RO         1724    i.HAL_DMA_Abort_IT  stm32f4xx_hal_dma.o
    0x08002b98   0x08002b98   0x00000006   Code   RO         1727    i.HAL_DMA_GetState  stm32f4xx_hal_dma.o
    0x08002b9e   0x08002b9e   0x00000002   PAD
    0x08002ba0   0x08002ba0   0x000001a0   Code   RO         1728    i.HAL_DMA_IRQHandler  stm32f4xx_hal_dma.o
    0x08002d40   0x08002d40   0x000000d4   Code   RO         1729    i.HAL_DMA_Init      stm32f4xx_hal_dma.o
    0x08002e14   0x08002e14   0x0000006e   Code   RO         1733    i.HAL_DMA_Start_IT  stm32f4xx_hal_dma.o
    0x08002e82   0x08002e82   0x00000002   PAD
    0x08002e84   0x08002e84   0x00000024   Code   RO         2142    i.HAL_Delay         stm32f4xx_hal.o
    0x08002ea8   0x08002ea8   0x00000078   Code   RO         3951    i.HAL_GPIO_EXTI_Callback  key.o
    0x08002f20   0x08002f20   0x00000018   Code   RO         1615    i.HAL_GPIO_EXTI_IRQHandler  stm32f4xx_hal_gpio.o
    0x08002f38   0x08002f38   0x000001f0   Code   RO         1616    i.HAL_GPIO_Init     stm32f4xx_hal_gpio.o
    0x08003128   0x08003128   0x0000000a   Code   RO         1618    i.HAL_GPIO_ReadPin  stm32f4xx_hal_gpio.o
    0x08003132   0x08003132   0x0000000a   Code   RO         1620    i.HAL_GPIO_WritePin  stm32f4xx_hal_gpio.o
    0x0800313c   0x0800313c   0x0000000c   Code   RO         2148    i.HAL_GetTick       stm32f4xx_hal.o
    0x08003148   0x08003148   0x00000188   Code   RO          822    i.HAL_I2C_Init      stm32f4xx_hal_i2c.o
    0x080032d0   0x080032d0   0x00000130   Code   RO          843    i.HAL_I2C_Mem_Write  stm32f4xx_hal_i2c.o
    0x08003400   0x08003400   0x000000a4   Code   RO          375    i.HAL_I2C_MspInit   i2c.o
    0x080034a4   0x080034a4   0x00000010   Code   RO         2154    i.HAL_IncTick       stm32f4xx_hal.o
    0x080034b4   0x080034b4   0x00000034   Code   RO         2155    i.HAL_Init          stm32f4xx_hal.o
    0x080034e8   0x080034e8   0x00000040   Code   RO         2156    i.HAL_InitTick      stm32f4xx_hal.o
    0x08003528   0x08003528   0x00000034   Code   RO          787    i.HAL_MspInit       stm32f4xx_hal_msp.o
    0x0800355c   0x0800355c   0x0000001a   Code   RO         2005    i.HAL_NVIC_EnableIRQ  stm32f4xx_hal_cortex.o
    0x08003576   0x08003576   0x00000002   PAD
    0x08003578   0x08003578   0x00000040   Code   RO         2011    i.HAL_NVIC_SetPriority  stm32f4xx_hal_cortex.o
    0x080035b8   0x080035b8   0x00000024   Code   RO         2012    i.HAL_NVIC_SetPriorityGrouping  stm32f4xx_hal_cortex.o
    0x080035dc   0x080035dc   0x00000002   Code   RO         1261    i.HAL_RCC_CSSCallback  stm32f4xx_hal_rcc.o
    0x080035de   0x080035de   0x00000002   PAD
    0x080035e0   0x080035e0   0x00000134   Code   RO         1262    i.HAL_RCC_ClockConfig  stm32f4xx_hal_rcc.o
    0x08003714   0x08003714   0x0000000c   Code   RO         1265    i.HAL_RCC_EnableCSS  stm32f4xx_hal_rcc.o
    0x08003720   0x08003720   0x00000020   Code   RO         1269    i.HAL_RCC_GetPCLK1Freq  stm32f4xx_hal_rcc.o
    0x08003740   0x08003740   0x00000020   Code   RO         1270    i.HAL_RCC_GetPCLK2Freq  stm32f4xx_hal_rcc.o
    0x08003760   0x08003760   0x00000060   Code   RO         1271    i.HAL_RCC_GetSysClockFreq  stm32f4xx_hal_rcc.o
    0x080037c0   0x080037c0   0x0000001c   Code   RO         1273    i.HAL_RCC_NMI_IRQHandler  stm32f4xx_hal_rcc.o
    0x080037dc   0x080037dc   0x0000036c   Code   RO         1274    i.HAL_RCC_OscConfig  stm32f4xx_hal_rcc.o
    0x08003b48   0x08003b48   0x00000028   Code   RO         2016    i.HAL_SYSTICK_Config  stm32f4xx_hal_cortex.o
    0x08003b70   0x08003b70   0x00000002   Code   RO         3099    i.HAL_TIMEx_BreakCallback  stm32f4xx_hal_tim_ex.o
    0x08003b72   0x08003b72   0x00000002   Code   RO         3100    i.HAL_TIMEx_CommutCallback  stm32f4xx_hal_tim_ex.o
    0x08003b74   0x08003b74   0x00000054   Code   RO         3102    i.HAL_TIMEx_ConfigBreakDeadTime  stm32f4xx_hal_tim_ex.o
    0x08003bc8   0x08003bc8   0x00000090   Code   RO         3118    i.HAL_TIMEx_MasterConfigSynchronization  stm32f4xx_hal_tim_ex.o
    0x08003c58   0x08003c58   0x0000005a   Code   RO         2395    i.HAL_TIM_Base_Init  stm32f4xx_hal_tim.o
    0x08003cb2   0x08003cb2   0x00000002   PAD
    0x08003cb4   0x08003cb4   0x000000dc   Code   RO          424    i.HAL_TIM_Base_MspInit  tim.o
    0x08003d90   0x08003d90   0x00000080   Code   RO         2400    i.HAL_TIM_Base_Start_IT  stm32f4xx_hal_tim.o
    0x08003e10   0x08003e10   0x000000dc   Code   RO         2404    i.HAL_TIM_ConfigClockSource  stm32f4xx_hal_tim.o
    0x08003eec   0x08003eec   0x000000a4   Code   RO         2416    i.HAL_TIM_Encoder_Init  stm32f4xx_hal_tim.o
    0x08003f90   0x08003f90   0x000000a4   Code   RO          426    i.HAL_TIM_Encoder_MspInit  tim.o
    0x08004034   0x08004034   0x0000008e   Code   RO         2419    i.HAL_TIM_Encoder_Start  stm32f4xx_hal_tim.o
    0x080040c2   0x080040c2   0x00000002   Code   RO         2429    i.HAL_TIM_IC_CaptureCallback  stm32f4xx_hal_tim.o
    0x080040c4   0x080040c4   0x00000166   Code   RO         2443    i.HAL_TIM_IRQHandler  stm32f4xx_hal_tim.o
    0x0800422a   0x0800422a   0x00000002   PAD
    0x0800422c   0x0800422c   0x000000e0   Code   RO          427    i.HAL_TIM_MspPostInit  tim.o
    0x0800430c   0x0800430c   0x00000002   Code   RO         2446    i.HAL_TIM_OC_DelayElapsedCallback  stm32f4xx_hal_tim.o
    0x0800430e   0x0800430e   0x000000cc   Code   RO         2467    i.HAL_TIM_PWM_ConfigChannel  stm32f4xx_hal_tim.o
    0x080043da   0x080043da   0x0000005a   Code   RO         2470    i.HAL_TIM_PWM_Init  stm32f4xx_hal_tim.o
    0x08004434   0x08004434   0x00000002   Code   RO         2472    i.HAL_TIM_PWM_MspInit  stm32f4xx_hal_tim.o
    0x08004436   0x08004436   0x00000002   Code   RO         2473    i.HAL_TIM_PWM_PulseFinishedCallback  stm32f4xx_hal_tim.o
    0x08004438   0x08004438   0x000000c8   Code   RO         2475    i.HAL_TIM_PWM_Start  stm32f4xx_hal_tim.o
    0x08004500   0x08004500   0x000000f4   Code   RO         2477    i.HAL_TIM_PWM_Start_IT  stm32f4xx_hal_tim.o
    0x080045f4   0x080045f4   0x000000bc   Code   RO         2480    i.HAL_TIM_PWM_Stop_IT  stm32f4xx_hal_tim.o
    0x080046b0   0x080046b0   0x00000018   Code   RO         3871    i.HAL_TIM_PeriodElapsedCallback  control.o
    0x080046c8   0x080046c8   0x00000002   Code   RO         2486    i.HAL_TIM_TriggerCallback  stm32f4xx_hal_tim.o
    0x080046ca   0x080046ca   0x00000002   Code   RO         3377    i.HAL_UARTEx_RxEventCallback  stm32f4xx_hal_uart.o
    0x080046cc   0x080046cc   0x00000002   Code   RO         3391    i.HAL_UART_ErrorCallback  stm32f4xx_hal_uart.o
    0x080046ce   0x080046ce   0x00000002   PAD
    0x080046d0   0x080046d0   0x00000268   Code   RO         3394    i.HAL_UART_IRQHandler  stm32f4xx_hal_uart.o
    0x08004938   0x08004938   0x00000062   Code   RO         3395    i.HAL_UART_Init     stm32f4xx_hal_uart.o
    0x0800499a   0x0800499a   0x00000002   PAD
    0x0800499c   0x0800499c   0x000003bc   Code   RO          531    i.HAL_UART_MspInit  usart.o
    0x08004d58   0x08004d58   0x0000002a   Code   RO         3400    i.HAL_UART_Receive_IT  stm32f4xx_hal_uart.o
    0x08004d82   0x08004d82   0x00000002   PAD
    0x08004d84   0x08004d84   0x00000090   Code   RO         4088    i.HAL_UART_RxCpltCallback  my_uart.o
    0x08004e14   0x08004e14   0x0000008c   Code   RO         3404    i.HAL_UART_Transmit_DMA  stm32f4xx_hal_uart.o
    0x08004ea0   0x08004ea0   0x00000002   Code   RO         3406    i.HAL_UART_TxCpltCallback  stm32f4xx_hal_uart.o
    0x08004ea2   0x08004ea2   0x00000002   Code   RO         3407    i.HAL_UART_TxHalfCpltCallback  stm32f4xx_hal_uart.o
    0x08004ea4   0x08004ea4   0x00000002   Code   RO          615    i.HardFault_Handler  stm32f4xx_it.o
    0x08004ea6   0x08004ea6   0x0000002e   Code   RO          864    i.I2C_IsAcknowledgeFailed  stm32f4xx_hal_i2c.o
    0x08004ed4   0x08004ed4   0x000000a8   Code   RO          875    i.I2C_RequestMemoryWrite  stm32f4xx_hal_i2c.o
    0x08004f7c   0x08004f7c   0x0000004c   Code   RO          879    i.I2C_WaitOnBTFFlagUntilTimeout  stm32f4xx_hal_i2c.o
    0x08004fc8   0x08004fc8   0x00000068   Code   RO          880    i.I2C_WaitOnFlagUntilTimeout  stm32f4xx_hal_i2c.o
    0x08005030   0x08005030   0x00000096   Code   RO          881    i.I2C_WaitOnMasterAddressFlagUntilTimeout  stm32f4xx_hal_i2c.o
    0x080050c6   0x080050c6   0x0000004c   Code   RO          883    i.I2C_WaitOnTXEFlagUntilTimeout  stm32f4xx_hal_i2c.o
    0x08005112   0x08005112   0x00000002   PAD
    0x08005114   0x08005114   0x000000f8   Code   RO         4267    i.Increase_pid_realize  pid.o
    0x0800520c   0x0800520c   0x00000022   Code   RO         3990    i.Limit             motor.o
    0x0800522e   0x0800522e   0x00000002   PAD
    0x08005230   0x08005230   0x000000a0   Code   RO         4269    i.Limit_Amplitude   pid.o
    0x080052d0   0x080052d0   0x0000015c   Code   RO         4414    i.Load              robtask.o
    0x0800542c   0x0800542c   0x000000ac   Code   RO          350    i.MX_DMA_Init       dma.o
    0x080054d8   0x080054d8   0x00000160   Code   RO          326    i.MX_GPIO_Init      gpio.o
    0x08005638   0x08005638   0x00000040   Code   RO          376    i.MX_I2C1_Init      i2c.o
    0x08005678   0x08005678   0x00000040   Code   RO          377    i.MX_I2C2_Init      i2c.o
    0x080056b8   0x080056b8   0x000000dc   Code   RO          428    i.MX_TIM1_Init      tim.o
    0x08005794   0x08005794   0x00000074   Code   RO          429    i.MX_TIM3_Init      tim.o
    0x08005808   0x08005808   0x00000070   Code   RO          430    i.MX_TIM4_Init      tim.o
    0x08005878   0x08005878   0x000000bc   Code   RO          431    i.MX_TIM5_Init      tim.o
    0x08005934   0x08005934   0x00000044   Code   RO          432    i.MX_TIM6_Init      tim.o
    0x08005978   0x08005978   0x00000044   Code   RO          433    i.MX_TIM7_Init      tim.o
    0x080059bc   0x080059bc   0x000000fc   Code   RO          434    i.MX_TIM8_Init      tim.o
    0x08005ab8   0x08005ab8   0x00000094   Code   RO          435    i.MX_TIM9_Init      tim.o
    0x08005b4c   0x08005b4c   0x00000038   Code   RO          532    i.MX_UART4_Init     usart.o
    0x08005b84   0x08005b84   0x00000038   Code   RO          533    i.MX_UART5_Init     usart.o
    0x08005bbc   0x08005bbc   0x00000038   Code   RO          534    i.MX_USART1_UART_Init  usart.o
    0x08005bf4   0x08005bf4   0x00000038   Code   RO          535    i.MX_USART2_UART_Init  usart.o
    0x08005c2c   0x08005c2c   0x00000038   Code   RO          536    i.MX_USART3_UART_Init  usart.o
    0x08005c64   0x08005c64   0x00000002   Code   RO          616    i.MemManage_Handler  stm32f4xx_it.o
    0x08005c66   0x08005c66   0x00000002   PAD
    0x08005c68   0x08005c68   0x0000004c   Code   RO         3765    i.MotorDrive        act_motor.o
    0x08005cb4   0x08005cb4   0x00000006   Code   RO          617    i.NMI_Handler       stm32f4xx_it.o
    0x08005cba   0x08005cba   0x00000034   Code   RO         4160    i.OLED_Clear        oled.o
    0x08005cee   0x08005cee   0x00000002   PAD
    0x08005cf0   0x08005cf0   0x00000084   Code   RO          100    i.OLED_Display_Init  main.o
    0x08005d74   0x08005d74   0x00000010   Code   RO         4163    i.OLED_Init         oled.o
    0x08005d84   0x08005d84   0x00000022   Code   RO         4165    i.OLED_Set_Pos      oled.o
    0x08005da6   0x08005da6   0x00000002   PAD
    0x08005da8   0x08005da8   0x00000088   Code   RO         4166    i.OLED_ShowChar     oled.o
    0x08005e30   0x08005e30   0x0000006a   Code   RO         4168    i.OLED_ShowNum      oled.o
    0x08005e9a   0x08005e9a   0x00000036   Code   RO         4169    i.OLED_ShowString   oled.o
    0x08005ed0   0x08005ed0   0x00000024   Code   RO         4170    i.OLED_WR_CMD       oled.o
    0x08005ef4   0x08005ef4   0x00000024   Code   RO         4171    i.OLED_WR_DATA      oled.o
    0x08005f18   0x08005f18   0x000000e8   Code   RO          101    i.Other_Actions     main.o
    0x08006000   0x08006000   0x00000084   Code   RO         4270    i.PID_Calculate_Updata  pid.o
    0x08006084   0x08006084   0x0000004c   Code   RO         4271    i.PID_JudgeStatus   pid.o
    0x080060d0   0x080060d0   0x000000c8   Code   RO         4272    i.PID_Param_Updata  pid.o
    0x08006198   0x08006198   0x0000003c   Code   RO         4273    i.PID_Struct_Init   pid.o
    0x080061d4   0x080061d4   0x0000007c   Code   RO         4274    i.PID_param_init    pid.o
    0x08006250   0x08006250   0x00000002   Code   RO          618    i.PendSV_Handler    stm32f4xx_it.o
    0x08006252   0x08006252   0x00000002   PAD
    0x08006254   0x08006254   0x000001b4   Code   RO         4415    i.Pick_Floor        robtask.o
    0x08006408   0x08006408   0x00000064   Code   RO         4089    i.Raspberry_ChangeMode  my_uart.o
    0x0800646c   0x0800646c   0x00000070   Code   RO         4090    i.RxDataClear       my_uart.o
    0x080064dc   0x080064dc   0x00000002   Code   RO          619    i.SVC_Handler       stm32f4xx_it.o
    0x080064de   0x080064de   0x00000002   PAD
    0x080064e0   0x080064e0   0x00000028   Code   RO         4091    i.ScanCode          my_uart.o
    0x08006508   0x08006508   0x00000030   Code   RO         4485    i.ServoClaw         servo.o
    0x08006538   0x08006538   0x00000028   Code   RO         4486    i.ServoTurn         servo.o
    0x08006560   0x08006560   0x0000003c   Code   RO         4487    i.Servo_Init        servo.o
    0x0800659c   0x0800659c   0x00000114   Code   RO         3992    i.Set_Pwm           motor.o
    0x080066b0   0x080066b0   0x00000492   Code   RO         4418    i.StepArm_Task_Jiagon  robtask.o
    0x08006b42   0x08006b42   0x00000002   PAD
    0x08006b44   0x08006b44   0x00000360   Code   RO         4420    i.StepArm_Task_Pan  robtask.o
    0x08006ea4   0x08006ea4   0x000000c0   Code   RO         4421    i.StepArm_Task_ScanCode  robtask.o
    0x08006f64   0x08006f64   0x00000014   Code   RO         4528    i.StepMotor_Arm_Drive  stepmotor.o
    0x08006f78   0x08006f78   0x00000054   Code   RO         4529    i.StepMotor_CallBack_TIM5  stepmotor.o
    0x08006fcc   0x08006fcc   0x0000011c   Code   RO         4530    i.StepMotor_Drive   stepmotor.o
    0x080070e8   0x080070e8   0x0000007c   Code   RO         4532    i.StepMotor_Init    stepmotor.o
    0x08007164   0x08007164   0x00000020   Code   RO         4533    i.StepMotor_Isover  stepmotor.o
    0x08007184   0x08007184   0x00000020   Code   RO         4534    i.StepMotor_Set_AbsPulse  stepmotor.o
    0x080071a4   0x080071a4   0x000000e0   Code   RO         4535    i.StepMotor_Set_AnglePulse  stepmotor.o
    0x08007284   0x08007284   0x0000002c   Code   RO         4536    i.StepMotor_Set_Speed  stepmotor.o
    0x080072b0   0x080072b0   0x0000009c   Code   RO         4537    i.StepMotor_Set_TarPulse  stepmotor.o
    0x0800734c   0x0800734c   0x000000e8   Code   RO         4538    i.StepMotor_UpdataPulse  stepmotor.o
    0x08007434   0x08007434   0x0000001c   Code   RO          102    i.Step_Init         main.o
    0x08007450   0x08007450   0x00000004   Code   RO          620    i.SysTick_Handler   stm32f4xx_it.o
    0x08007454   0x08007454   0x00000094   Code   RO          103    i.SystemClock_Config  main.o
    0x080074e8   0x080074e8   0x00000010   Code   RO         3724    i.SystemInit        system_stm32f4xx.o
    0x080074f8   0x080074f8   0x0000000c   Code   RO          621    i.TIM5_IRQHandler   stm32f4xx_it.o
    0x08007504   0x08007504   0x0000000c   Code   RO          622    i.TIM6_DAC_IRQHandler  stm32f4xx_it.o
    0x08007510   0x08007510   0x0000000c   Code   RO          623    i.TIM7_IRQHandler   stm32f4xx_it.o
    0x0800751c   0x0800751c   0x000000c8   Code   RO         2488    i.TIM_Base_SetConfig  stm32f4xx_hal_tim.o
    0x080075e4   0x080075e4   0x0000001a   Code   RO         2489    i.TIM_CCxChannelCmd  stm32f4xx_hal_tim.o
    0x080075fe   0x080075fe   0x00000014   Code   RO         2499    i.TIM_ETR_SetConfig  stm32f4xx_hal_tim.o
    0x08007612   0x08007612   0x00000010   Code   RO         2500    i.TIM_ITRx_SetConfig  stm32f4xx_hal_tim.o
    0x08007622   0x08007622   0x00000002   PAD
    0x08007624   0x08007624   0x00000060   Code   RO         2501    i.TIM_OC1_SetConfig  stm32f4xx_hal_tim.o
    0x08007684   0x08007684   0x0000006c   Code   RO         2502    i.TIM_OC2_SetConfig  stm32f4xx_hal_tim.o
    0x080076f0   0x080076f0   0x00000068   Code   RO         2503    i.TIM_OC3_SetConfig  stm32f4xx_hal_tim.o
    0x08007758   0x08007758   0x00000050   Code   RO         2504    i.TIM_OC4_SetConfig  stm32f4xx_hal_tim.o
    0x080077a8   0x080077a8   0x00000022   Code   RO         2506    i.TIM_TI1_ConfigInputStage  stm32f4xx_hal_tim.o
    0x080077ca   0x080077ca   0x00000024   Code   RO         2508    i.TIM_TI2_ConfigInputStage  stm32f4xx_hal_tim.o
    0x080077ee   0x080077ee   0x00000002   PAD
    0x080077f0   0x080077f0   0x000004b8   Code   RO         3872    i.Top_Action_Select_CallBack_TIM7  control.o
    0x08007ca8   0x08007ca8   0x0000011c   Code   RO         4275    i.Top_PID_Control_CallBack_TIM6  pid.o
    0x08007dc4   0x08007dc4   0x0000000c   Code   RO          624    i.UART4_IRQHandler  stm32f4xx_it.o
    0x08007dd0   0x08007dd0   0x0000000c   Code   RO          625    i.UART5_IRQHandler  stm32f4xx_it.o
    0x08007ddc   0x08007ddc   0x00000010   Code   RO         3408    i.UART_DMAAbortOnError  stm32f4xx_hal_uart.o
    0x08007dec   0x08007dec   0x0000004a   Code   RO         3409    i.UART_DMAError     stm32f4xx_hal_uart.o
    0x08007e36   0x08007e36   0x00000042   Code   RO         3414    i.UART_DMATransmitCplt  stm32f4xx_hal_uart.o
    0x08007e78   0x08007e78   0x0000000a   Code   RO         3416    i.UART_DMATxHalfCplt  stm32f4xx_hal_uart.o
    0x08007e82   0x08007e82   0x0000004e   Code   RO         3418    i.UART_EndRxTransfer  stm32f4xx_hal_uart.o
    0x08007ed0   0x08007ed0   0x0000001c   Code   RO         3419    i.UART_EndTxTransfer  stm32f4xx_hal_uart.o
    0x08007eec   0x08007eec   0x000000c0   Code   RO         3420    i.UART_Receive_IT   stm32f4xx_hal_uart.o
    0x08007fac   0x08007fac   0x0000010c   Code   RO         3421    i.UART_SetConfig    stm32f4xx_hal_uart.o
    0x080080b8   0x080080b8   0x0000003a   Code   RO         3423    i.UART_Start_Receive_IT  stm32f4xx_hal_uart.o
    0x080080f2   0x080080f2   0x00000002   PAD
    0x080080f4   0x080080f4   0x0000000c   Code   RO          626    i.USART1_IRQHandler  stm32f4xx_it.o
    0x08008100   0x08008100   0x0000000c   Code   RO          627    i.USART2_IRQHandler  stm32f4xx_it.o
    0x0800810c   0x0800810c   0x0000000c   Code   RO          628    i.USART3_IRQHandler  stm32f4xx_it.o
    0x08008118   0x08008118   0x00000002   Code   RO          629    i.UsageFault_Handler  stm32f4xx_it.o
    0x0800811a   0x0800811a   0x00000002   PAD
    0x0800811c   0x0800811c   0x00000034   Code   RO         4172    i.WriteCmd          oled.o
    0x08008150   0x08008150   0x00000030   Code   RO         4884    i.__ARM_fpclassify  m_wm.l(fpclassify.o)
    0x08008180   0x08008180   0x00000020   Code   RO         2018    i.__NVIC_SetPriority  stm32f4xx_hal_cortex.o
    0x080081a0   0x080081a0   0x00000030   Code   RO           14    i.__armlib_thread_safety_init  armlib_lock_glue.o
    0x080081d0   0x080081d0   0x000000f8   Code   RO         4981    i.__hardfp___mathlib_tofloat  m_wm.l(narrow.o)
    0x080082c8   0x080082c8   0x000000d0   Code   RO         5049    i.__hardfp_ldexp    m_wm.l(ldexp.o)
    0x08008398   0x08008398   0x00000020   Code   RO         4874    i.__mathlib_dbl_overflow  m_wm.l(dunder.o)
    0x080083b8   0x080083b8   0x00000020   Code   RO         4876    i.__mathlib_dbl_underflow  m_wm.l(dunder.o)
    0x080083d8   0x080083d8   0x00000012   Code   RO         4982    i.__mathlib_narrow  m_wm.l(narrow.o)
    0x080083ea   0x080083ea   0x00000014   Code   RO         5051    i.__support_ldexp   m_wm.l(ldexp.o)
    0x080083fe   0x080083fe   0x0000000e   Code   RO         4652    i._is_digit         c_w.l(__printf_wp.o)
    0x0800840c   0x0800840c   0x00000038   Code   RO           15    i._mutex_acquire    armlib_lock_glue.o
    0x08008444   0x08008444   0x00000038   Code   RO           16    i._mutex_free       armlib_lock_glue.o
    0x0800847c   0x0800847c   0x0000005c   Code   RO           17    i._mutex_initialize  armlib_lock_glue.o
    0x080084d8   0x080084d8   0x00000038   Code   RO           18    i._mutex_release    armlib_lock_glue.o
    0x08008510   0x08008510   0x00000002   Code   RO         4357    i._sys_exit         printf_.o
    0x08008512   0x08008512   0x00000006   Code   RO         4359    i.ferror            printf_.o
    0x08008518   0x08008518   0x00000014   Code   RO         4361    i.fputc             printf_.o
    0x0800852c   0x0800852c   0x00000004   PAD
    0x08008530   0x08008530   0x0000008c   Code   RO         5022    i.frexp             m_wm.l(frexp.o)
    0x080085bc   0x080085bc   0x00000080   Code   RO         4276    i.location_pid_realize  pid.o
    0x0800863c   0x0800863c   0x000000f8   Code   RO          104    i.main              main.o
    0x08008734   0x08008734   0x00000134   Code   RO         4092    i.my_USART2_GetBuffer  my_uart.o
    0x08008868   0x08008868   0x000000a0   Code   RO         4093    i.my_USART3_GetBuffer  my_uart.o
    0x08008908   0x08008908   0x00000010   Code   RO         4173    i.oled_pow          oled.o
    0x08008918   0x08008918   0x00000038   Code   RO           19    i.stm32_lock_acquire  armlib_lock_glue.o
    0x08008950   0x08008950   0x0000002c   Code   RO           20    i.stm32_lock_release  armlib_lock_glue.o
    0x0800897c   0x0800897c   0x0000002c   Code   RO         4963    locale$$code        c_w.l(lc_numeric_c.o)
    0x080089a8   0x080089a8   0x0000002c   Code   RO         5039    locale$$code        c_w.l(lc_ctype_c.o)
    0x080089d4   0x080089d4   0x00000062   Code   RO         4683    x$fpl$d2f           fz_wm.l(d2f.o)
    0x08008a36   0x08008a36   0x00000002   PAD
    0x08008a38   0x08008a38   0x00000150   Code   RO         4685    x$fpl$dadd          fz_wm.l(daddsub_clz.o)
    0x08008b88   0x08008b88   0x00000010   Code   RO         5086    x$fpl$dcheck1       fz_wm.l(dcheck1.o)
    0x08008b98   0x08008b98   0x00000018   Code   RO         4854    x$fpl$dcmpinf       fz_wm.l(dcmpi.o)
    0x08008bb0   0x08008bb0   0x000002b0   Code   RO         4692    x$fpl$ddiv          fz_wm.l(ddiv.o)
    0x08008e60   0x08008e60   0x00000078   Code   RO         4695    x$fpl$deqf          fz_wm.l(deqf.o)
    0x08008ed8   0x08008ed8   0x0000005e   Code   RO         4697    x$fpl$dfix          fz_wm.l(dfix.o)
    0x08008f36   0x08008f36   0x0000002e   Code   RO         4702    x$fpl$dflt          fz_wm.l(dflt_clz.o)
    0x08008f64   0x08008f64   0x00000078   Code   RO         4707    x$fpl$dleqf         fz_wm.l(dleqf.o)
    0x08008fdc   0x08008fdc   0x00000154   Code   RO         4709    x$fpl$dmul          fz_wm.l(dmul.o)
    0x08009130   0x08009130   0x0000009c   Code   RO         4856    x$fpl$dnaninf       fz_wm.l(dnaninf.o)
    0x080091cc   0x080091cc   0x0000000c   Code   RO         4858    x$fpl$dretinf       fz_wm.l(dretinf.o)
    0x080091d8   0x080091d8   0x0000006c   Code   RO         4711    x$fpl$drleqf        fz_wm.l(drleqf.o)
    0x08009244   0x08009244   0x000001d4   Code   RO         4687    x$fpl$dsub          fz_wm.l(daddsub_clz.o)
    0x08009418   0x08009418   0x00000056   Code   RO         4713    x$fpl$f2d           fz_wm.l(f2d.o)
    0x0800946e   0x0800946e   0x0000008c   Code   RO         4862    x$fpl$fnaninf       fz_wm.l(fnaninf.o)
    0x080094fa   0x080094fa   0x0000000a   Code   RO         4971    x$fpl$fpinit        fz_wm.l(fpinit.o)
    0x08009504   0x08009504   0x0000000a   Code   RO         4864    x$fpl$fretinf       fz_wm.l(fretinf.o)
    0x0800950e   0x0800950e   0x00000006   Code   RO         4973    x$fpl$ieeestatus    fz_wm.l(istatus.o)
    0x08009514   0x08009514   0x00000004   Code   RO         4715    x$fpl$printf1       fz_wm.l(printf1.o)
    0x08009518   0x08009518   0x00000064   Code   RO         5120    x$fpl$retnan        fz_wm.l(retnan.o)
    0x0800957c   0x0800957c   0x0000005c   Code   RO         5079    x$fpl$scalbn        fz_wm.l(scalbn.o)
    0x080095d8   0x080095d8   0x00000004   Code   RO         4717    x$fpl$scanf1        fz_wm.l(scanf1.o)
    0x080095dc   0x080095dc   0x00000008   Code   RO         4975    x$fpl$scanf2        fz_wm.l(scanf2.o)
    0x080095e4   0x080095e4   0x00000030   Code   RO         5122    x$fpl$trapveneer    fz_wm.l(trapv.o)
    0x08009614   0x08009614   0x00000000   Code   RO         4866    x$fpl$usenofp       fz_wm.l(usenofp.o)
    0x08009614   0x08009614   0x00000008   Data   RO         1735    .constdata          stm32f4xx_hal_dma.o
    0x0800961c   0x0800961c   0x00000010   Data   RO         3725    .constdata          system_stm32f4xx.o
    0x0800962c   0x0800962c   0x00000008   Data   RO         3726    .constdata          system_stm32f4xx.o
    0x08009634   0x08009634   0x00000011   Data   RO         4097    .constdata          my_uart.o
    0x08009645   0x08009645   0x000033dc   Data   RO         4174    .constdata          oled.o
    0x0800ca21   0x0800ca21   0x00000003   PAD
    0x0800ca24   0x0800ca24   0x00000094   Data   RO         4938    .constdata          c_w.l(bigflt0.o)
    0x0800cab8   0x0800cab8   0x00000020   Data   RO         5124    Region$$Table       anon$$obj.o
    0x0800cad8   0x0800cad8   0x00000008   Data   RO         4967    c$$dinf             fz_wm.l(fpconst.o)
    0x0800cae0   0x0800cae0   0x00000008   Data   RO         4970    c$$dmax             fz_wm.l(fpconst.o)
    0x0800cae8   0x0800cae8   0x0000001c   Data   RO         4962    locale$$data        c_w.l(lc_numeric_c.o)
    0x0800cb04   0x0800cb04   0x00000110   Data   RO         5038    locale$$data        c_w.l(lc_ctype_c.o)
    0x0800cc14   0x0800cc14   0x00000004   Data   RO           23    .init_array         armlib_lock_glue.o
    0x0800cc18   0x0800cc14   0x00000000   Data   RO         4676    .init_array         c_w.l(init_aeabi.o)


    Execution Region RW_IRAM1 (Exec base: 0x20000000, Load base: 0x0800cc18, Size: 0x00001160, Max: 0x0001c000, ABSOLUTE)

    Exec Addr    Load Addr    Size         Type   Attr      Idx    E Section Name        Object

    0x20000000   0x0800cc18   0x00000002   Data   RW           22    .data               armlib_lock_glue.o
    0x20000002   0x0800cc1a   0x00000002   PAD
    0x20000004   0x0800cc1c   0x0000000c   Data   RW         2162    .data               stm32f4xx_hal.o
    0x20000010   0x0800cc28   0x00000004   Data   RW         3727    .data               system_stm32f4xx.o
    0x20000014   0x0800cc2c   0x0000004f   Data   RW         3820    .data               ano.o
    0x20000063   0x0800cc7b   0x00000001   PAD
    0x20000064   0x0800cc7c   0x00000004   Data   RW         3873    .data               control.o
    0x20000068   0x0800cc80   0x00000004   Data   RW         3876    .data               control.o
    0x2000006c   0x0800cc84   0x00000004   Data   RW         3877    .data               control.o
    0x20000070   0x0800cc88   0x00000004   Data   RW         3955    .data               key.o
    0x20000074   0x0800cc8c   0x00000007   Data   RW         4098    .data               my_uart.o
    0x2000007b   0x0800cc93   0x0000001b   Data   RW         4175    .data               oled.o
    0x20000096   0x0800ccae   0x00000002   PAD
    0x20000098   0x0800ccb0   0x00000034   Data   RW         4278    .data               pid.o
    0x200000cc   0x0800cce4   0x00000004   Data   RW         4362    .data               printf_.o
    0x200000d0        -       0x00000018   Zero   RW           21    .bss                armlib_lock_glue.o
    0x200000e8        -       0x000000a8   Zero   RW          378    .bss                i2c.o
    0x20000190        -       0x00000240   Zero   RW          436    .bss                tim.o
    0x200003d0        -       0x00000454   Zero   RW          537    .bss                usart.o
    0x20000824        -       0x00000020   Zero   RW         3819    .bss                ano.o
    0x20000844        -       0x00000164   Zero   RW         4094    .bss                my_uart.o
    0x200009a8        -       0x00000104   Zero   RW         4277    .bss                pid.o
    0x20000aac        -       0x00000054   Zero   RW         4539    .bss                stepmotor.o
    0x20000b00        -       0x00000060   Zero   RW         4990    .bss                c_w.l(libspace.o)
    0x20000b60        -       0x00000200   Zero   RW            2    HEAP                startup_stm32f407xx.o
    0x20000d60        -       0x00000400   Zero   RW            1    STACK               startup_stm32f407xx.o


    Execution Region RW_IRAM2 (Exec base: 0x2001c000, Load base: 0x0800cce8, Size: 0x00000000, Max: 0x00004000, ABSOLUTE)

    **** No section assigned to this execution region ****


==============================================================================

Image component sizes


      Code (inc. data)   RO Data    RW Data    ZI Data      Debug   Object Name

       228         44          0          0          0       1471   act_motor.o
       548         46          0         79         32       3776   ano.o
       408         34          4          2         24      15610   armlib_lock_glue.o
      1232        136          0         12          0       3337   control.o
       172          4          0          0          0        870   dma.o
       352         20          0          0          0       1159   gpio.o
       292         48          0          0        168       2362   i2c.o
       120         40          0          4          0        930   key.o
      1024        170          0          0          0     699341   main.o
       310         14          0          0          0       1546   motor.o
       864        178         17          7        356       6329   my_uart.o
       538         28      13276         27          0       7044   oled.o
      1660        166          0         52        260       8958   pid.o
        28          6          0          4          0       3239   printf_.o
      3010        276          0          0          0       4617   robtask.o
       148         22          0          0          0       1537   servo.o
        64         26        392          0       1536        844   startup_stm32f407xx.o
      1232         94          0          0         84       9474   stepmotor.o
       180         28          0         12          0       9421   stm32f4xx_hal.o
       198         14          0          0          0      33991   stm32f4xx_hal_cortex.o
      1090         16          8          0          0       7957   stm32f4xx_hal_dma.o
       540         52          0          0          0       3490   stm32f4xx_hal_gpio.o
      1316         32          0          0          0       9447   stm32f4xx_hal_i2c.o
        52          4          0          0          0        870   stm32f4xx_hal_msp.o
      1386         80          0          0          0       6903   stm32f4xx_hal_rcc.o
      2758        174          0          0          0      20762   stm32f4xx_hal_tim.o
       232         28          0          0          0       3289   stm32f4xx_hal_tim_ex.o
      1694         30          0          0          0      13158   stm32f4xx_hal_uart.o
       228         96          0          0          0      12732   stm32f4xx_it.o
        16          4         24          4          0       1135   system_stm32f4xx.o
      1780        152          0          0        576       8545   tim.o
      1236         96          0          0       1108       5316   usart.o

    ----------------------------------------------------------------------
     24984       2162      13756        208       4144     909460   Object Totals
         0          0         32          0          0          0   (incl. Generated)
        48          4          3          5          0          0   (incl. Padding)

    ----------------------------------------------------------------------

      Code (inc. data)   RO Data    RW Data    ZI Data      Debug   Library Member Name

        60          8          0          0          0         84   __0sscanf.o
         8          0          0          0          0         68   __main.o
       284          0          0          0          0        156   __printf_wp.o
         0          0          0          0          0          0   __rtentry.o
        12          0          0          0          0          0   __rtentry2.o
         6          0          0          0          0          0   __rtentry4.o
        52          8          0          0          0          0   __scatter.o
        26          0          0          0          0          0   __scatter_copy.o
        28          0          0          0          0          0   __scatter_zi.o
        28          0          0          0          0         68   _chval.o
        48          6          0          0          0         96   _printf_char_common.o
        36          4          0          0          0         80   _printf_char_file.o
         6          0          0          0          0          0   _printf_d.o
       120         16          0          0          0         92   _printf_dec.o
         6          0          0          0          0          0   _printf_f.o
      1054          0          0          0          0        216   _printf_fp_dec.o
       128         16          0          0          0         84   _printf_fp_infnan.o
       178          0          0          0          0         88   _printf_intcommon.o
        78          0          0          0          0        108   _printf_pad.o
         0          0          0          0          0          0   _printf_percent.o
         4          0          0          0          0          0   _printf_percent_end.o
        22          0          0          0          0        100   _rserrno.o
       884          4          0          0          0        100   _scanf.o
       224          0          0          0          0         96   _scanf_str.o
        64          0          0          0          0         84   _sgetc.o
       228          4        148          0          0         96   bigflt0.o
      2152        136          0          0          0        960   btod.o
        18          0          0          0          0         80   exit.o
         6          0          0          0          0        152   heapauxi.o
        36         10          0          0          0         80   init_aeabi.o
        18          0          0          0          0         76   isspace.o
        44         10        272          0          0         76   lc_ctype_c.o
        44         10         28          0          0         76   lc_numeric_c.o
         2          0          0          0          0          0   libinit.o
        38          0          0          0          0          0   libinit2.o
         2          0          0          0          0          0   libshutdown.o
         2          0          0          0          0          0   libshutdown2.o
         8          4          0          0         96         68   libspace.o
        38          0          0          0          0         68   llshl.o
       138          0          0          0          0         80   lludiv10.o
       238          0          0          0          0        100   lludivv7m.o
        24          4          0          0          0         84   noretval__2printf.o
        16          4          0          0          0         76   rt_ctype_table.o
         8          4          0          0          0         68   rt_errno_addr_intlibspace.o
         8          4          0          0          0         68   rt_locale_intlibspace.o
        78          0          0          0          0         80   rt_memclr_w.o
         2          0          0          0          0          0   rtexit.o
        10          0          0          0          0          0   rtexit2.o
        44          8          0          0          0         84   scanf_char.o
      1272         16          0          0          0        168   scanf_fp.o
       800         14          0          0          0        100   scanf_hexfp.o
       308         16          0          0          0        100   scanf_infnan.o
       128          0          0          0          0         68   strcmpv7m.o
        74          0          0          0          0         80   sys_stackheap_outer.o
         2          0          0          0          0         68   use_no_semi.o
         2          0          0          0          0         68   use_no_semi_2.o
        98          4          0          0          0        140   d2f.o
       804         16          0          0          0        368   daddsub_clz.o
        16          4          0          0          0        116   dcheck1.o
        24          0          0          0          0        116   dcmpi.o
       688        140          0          0          0        256   ddiv.o
       120          4          0          0          0        140   deqf.o
        94          4          0          0          0        140   dfix.o
        46          0          0          0          0        116   dflt_clz.o
       120          4          0          0          0        140   dleqf.o
       340         12          0          0          0        152   dmul.o
       156          4          0          0          0        140   dnaninf.o
        12          0          0          0          0        116   dretinf.o
       108          0          0          0          0        128   drleqf.o
        86          4          0          0          0        132   f2d.o
       140          4          0          0          0        132   fnaninf.o
         0          0         16          0          0          0   fpconst.o
        10          0          0          0          0        116   fpinit.o
        10          0          0          0          0        116   fretinf.o
         6          0          0          0          0        116   istatus.o
         4          0          0          0          0        116   printf1.o
       100          0          0          0          0        116   retnan.o
        92          0          0          0          0        116   scalbn.o
         4          0          0          0          0        116   scanf1.o
         8          0          0          0          0        132   scanf2.o
        48          0          0          0          0        116   trapv.o
         0          0          0          0          0          0   usenofp.o
        64         16          0          0          0        248   dunder.o
        48          0          0          0          0        124   fpclassify.o
       140         22          0          0          0        132   frexp.o
       228          8          0          0          0        308   ldexp.o
       266         16          0          0          0        308   narrow.o

    ----------------------------------------------------------------------
     13044        570        464          0         96       9056   Library Totals
        20          2          0          0          0          0   (incl. Padding)

    ----------------------------------------------------------------------

      Code (inc. data)   RO Data    RW Data    ZI Data      Debug   Library Name

      9144        306        448          0         96       4544   c_w.l
      3134        200         16          0          0       3392   fz_wm.l
       746         62          0          0          0       1120   m_wm.l

    ----------------------------------------------------------------------
     13044        570        464          0         96       9056   Library Totals

    ----------------------------------------------------------------------

==============================================================================


      Code (inc. data)   RO Data    RW Data    ZI Data      Debug   

     38028       2732      14220        208       4240     893320   Grand Totals
     38028       2732      14220        208       4240     893320   ELF Image Totals
     38028       2732      14220        208          0          0   ROM Totals

==============================================================================

    Total RO  Size (Code + RO Data)                52248 (  51.02kB)
    Total RW  Size (RW Data + ZI Data)              4448 (   4.34kB)
    Total ROM Size (Code + RO Data + RW Data)      52456 (  51.23kB)

==============================================================================

